03-16 13:54:38.877 D/CameraParams( 9562): saturation-step: 1
03-16 13:54:38.877 D/CameraParams( 9562): sce-factor-step: 10
03-16 13:54:38.877 D/CameraParams( 9562): scene-detect: off
03-16 13:54:38.877 D/CameraParams( 9562): scene-detect-values: off,on
03-16 13:54:38.877 D/CameraParams( 9562): scene-mode: auto
03-16 13:54:38.877 D/CameraParams( 9562): scene-mode-values: auto,asd,landscape,snow,beach,sunset,night,portrait,backlight,sports,steadyphoto,flowers,candlelight,fireworks,party,night-portrait,theatre,action,AR,hdr
03-16 13:54:38.877 D/CameraParams( 9562): selectable-zone-af: auto
03-16 13:54:38.877 D/CameraParams( 9562): selectable-zone-af-values: auto,spot-metering,center-weighted,frame-average
03-16 13:54:38.877 D/CameraParams( 9562): sharpness: 12
03-16 13:54:38.877 D/CameraParams( 9562): sharpness-step: 6
03-16 13:54:38.877 D/CameraParams( 9562): skinToneEnhancement: 0
03-16 13:54:38.877 D/CameraParams( 9562): skinToneEnhancement-values: enable,disable
03-16 13:54:38.877 D/CameraParams( 9562): smooth-zoom-supported: false
03-16 13:54:38.879 E/QCamera2HWI( 9562): void qcamera::QCamera2HardwareInterface::waitAPIResult(qcamera::qcamera_sm_evt_enum_t): return (0) from API result wait for evt (8)
03-16 13:54:38.881 E/mm-camera-CORE(  338): af_set_parameters: Setting parameter: 27
03-16 13:54:38.881 E/mm-camera-CORE(  338): af_set_parameters: param=0xb25da010 af_obj=0xb27fb000, type =27
03-16 13:54:38.881 D/mm-camera-intf( 9562): mm_stream_read_msm_frame: VIDIOC_DQBUF buf_index 0, frame_idx 1, stream type 7
03-16 13:54:38.881 D/QCamera2HWI( 9562): static void qcamera::QCamera2HardwareInterface::metadata_stream_cb_routine(mm_camera_super_buf_t*, qcamera::QCameraStream*, void*): hdr_scene_data: 1 4 0.000000
03-16 13:54:38.881 E/QCamera2HWI( 9562): static void qcamera::QCamera2HardwareInterface::metadata_stream_cb_routine(mm_camera_super_buf_t*, qcamera::QCameraStream*, void*),asd_valid:0 scene:0x40
03-16 13:54:38.881 E/QCamera2HWI( 9562): int32_t qcamera::QCamera2HardwareInterface::processHDRData(cam_asd_hdr_scene_data_t) : hdr_scene_data: processHDRData: 0x40 0.000000
03-16 13:54:38.881 E/QCamera2HWI( 9562): static void qcamera::QCamera2HardwareInterface::metadata_stream_cb_routine(mm_camera_super_buf_t*, qcamera::QCameraStream*, void*), pme->mFlashNeeded 0, pme->mExpTime 0.030037, pme->mISOValue 269
03-16 13:54:38.883 D/OMX-VENC-720p( 9562): ETB: buffer = 0xb5b40fe8, buffer->pBuffer[0xb5b3f080]
03-16 13:54:38.883 D/OMX-VENC-720p( 9562): DBG: i/p nTimestamp = 1944520690
03-16 13:54:38.883 D/OMX-VENC-720p( 9562): Value of this pointer in post_event 0xb5b3f000
03-16 13:54:38.883 D/OMX-VENC-720p( 9562): omx_venc: post_message 19
03-16 13:54:38.883 D/OMX-VENC-720p( 9562): OMX_COMPONENT_GENERATE_ETB_OPQ
03-16 13:54:38.883 D/OMX-VENC-720p( 9562): ETBProxyOpaque: buffer[0xb5b40fe8]
03-16 13:54:38.883 D/OMX-VENC-720p( 9562): In Convert and queue Meta Buffer
03-16 13:54:38.885 D/OMX-VENC-720p( 9562): FTB: buffer->pBuffer[0xa7fbf000]
03-16 13:54:38.885 D/OMX-VENC-720p( 9562): Value of this pointer in post_event 0xb5b3f000
03-16 13:54:38.885 D/OMX-VENC-720p( 9562): omx_venc: post_message 4
03-16 13:54:38.886 D/OMX-VENC-720p( 9562): Color convert status 0
03-16 13:54:38.886 D/OMX-VENC-720p( 9562): Status of getbuffer is 0
03-16 13:54:38.886 D/OMX-VENC-720p( 9562): Buffer header 0xb589b500 Filled len size 921600
03-16 13:54:38.886 D/OMX-VENC-720p( 9562): venc_use_buf:: pmem_tmp = 0xaf6f8d80
03-16 13:54:38.886 D/OMX-VENC-720p( 9562): VIDIOC_PREPARE_BUF Failed
03-16 13:54:38.886 D/OMX-VENC-720p( 9562): ETBProxy: buffer->pBuffer[0xa8a7b000]
03-16 13:54:38.886 D/OMX-VENC-720p( 9562): ETB (color-converted) fd = 140, size = 921600
03-16 13:54:38.886 D/OMX-VENC-720p( 9562): Input buffer length 921600
03-16 13:54:38.886 D/OMX-VENC-720p( 9562): venc_empty_buf: Opaque non-camera buf: fd = 140 : filled 921600 of 925696
03-16 13:54:38.886 D/OMX-VENC-720p( 9562): pdest_frame pop address is 0xb589b550
03-16 13:54:38.886 D/OMX-VENC-720p( 9562): FTBProxy: bufferAdd->pBuffer[0xa7fbf000]
03-16 13:54:38.886 D/OMX-VENC-720p( 9562): Shared PMEM addr for o/p PMEM UseBuf/AllocateBuf: 0xa7fbf000
03-16 13:54:38.886 D/OMX-VENC-720p( 9562): exited the while loop
03-16 13:54:38.886 D/OMX-VENC-720p( 9562): exited the while loop
03-16 13:54:38.893 D/OMX-VENC-720p( 9562): omx_venc::async_message_process- msgcode = 1
03-16 13:54:38.893 D/OMX-VENC-720p( 9562): venc_free_buf:pbuffer = a8a7b000,fd = 8c, offset = 0, maped_size = 925696
03-16 13:54:38.893 D/OMX-VENC-720p( 9562): Value of this pointer in post_event 0xb5b3f000
03-16 13:54:38.893 D/OMX-VENC-720p( 9562): omx_venc: post_message 8
03-16 13:54:38.893 D/OMX-VENC-720p( 9562): empty_buffer_done: buffer[0xb589b500]
03-16 13:54:38.893 D/OMX-VENC-720p( 9562): empty_buffer_done insert address is 0xb589b500
03-16 13:54:38.893 D/OMX-VENC-720p( 9562): exited the while loop
03-16 13:54:38.893 D/OMX-VENC-720p( 9562): omx_venc::async_message_process- msgcode = 2
03-16 13:54:38.893 D/OMX-VENC-720p( 9562): o/p TS = 1944520690
03-16 13:54:38.893 D/OMX-VENC-720p( 9562): Value of this pointer in post_event 0xb5b3f000
03-16 13:54:38.893 D/OMX-VENC-720p( 9562): omx_venc: post_message 12
03-16 13:54:38.893 D/OMX-VENC-720p( 9562): fill_buffer_done: buffer->pBuffer[0xa7fbf000], flags=0x0 size = 22444
03-16 13:54:38.893 D/OMX-VENC-720p( 9562): exited the while loop
03-16 13:54:38.900 D/OMX-VENC-720p( 9562): ETB: buffer = 0xb5b40fe8, buffer->pBuffer[0xb5b3f080]
03-16 13:54:38.900 D/OMX-VENC-720p( 9562): DBG: i/p nTimestamp = 1944537480
03-16 13:54:38.900 D/OMX-VENC-720p( 9562): Value of this pointer in post_event 0xb5b3f000
03-16 13:54:38.900 D/OMX-VENC-720p( 9562): omx_venc: post_message 19
03-16 13:54:38.900 D/OMX-VENC-720p( 9562): OMX_COMPONENT_GENERATE_ETB_OPQ
03-16 13:54:38.900 D/OMX-VENC-720p( 9562): ETBProxyOpaque: buffer[0xb5b40fe8]
03-16 13:54:38.900 D/OMX-VENC-720p( 9562): In Convert and queue Meta Buffer
03-16 13:54:38.902 D/OMX-VENC-720p( 9562): Color convert status 0
03-16 13:54:38.902 D/OMX-VENC-720p( 9562): Status of getbuffer is 0
03-16 13:54:38.902 D/OMX-VENC-720p( 9562): Buffer header 0xb589b550 Filled len size 921600
03-16 13:54:38.902 D/OMX-VENC-720p( 9562): venc_use_buf:: pmem_tmp = 0xaf6f8d90
03-16 13:54:38.902 D/OMX-VENC-720p( 9562): VIDIOC_PREPARE_BUF Failed
03-16 13:54:38.902 D/OMX-VENC-720p( 9562): ETBProxy: buffer->pBuffer[0xa5aac000]
03-16 13:54:38.902 D/OMX-VENC-720p( 9562): ETB (color-converted) fd = 146, size = 921600
03-16 13:54:38.902 D/OMX-VENC-720p( 9562): Input buffer length 921600
03-16 13:54:38.902 D/OMX-VENC-720p( 9562): venc_empty_buf: Opaque non-camera buf: fd = 146 : filled 921600 of 925696
03-16 13:54:38.902 D/OMX-VENC-720p( 9562): pdest_frame pop address is 0xb589b5a0
03-16 13:54:38.902 D/OMX-VENC-720p( 9562): exited the while loop
03-16 13:54:38.903 D/OMX-VENC-720p( 9562): FTB: buffer->pBuffer[0xa7fbf000]
03-16 13:54:38.903 D/OMX-VENC-720p( 9562): Value of this pointer in post_event 0xb5b3f000
03-16 13:54:38.903 D/OMX-VENC-720p( 9562): omx_venc: post_message 4
03-16 13:54:38.903 D/OMX-VENC-720p( 9562): FTBProxy: bufferAdd->pBuffer[0xa7fbf000]
03-16 13:54:38.903 D/OMX-VENC-720p( 9562): Shared PMEM addr for o/p PMEM UseBuf/AllocateBuf: 0xa7fbf000
03-16 13:54:38.903 D/OMX-VENC-720p( 9562): exited the while loop
03-16 13:54:38.909 D/OMX-VENC-720p( 9562): omx_venc::async_message_process- msgcode = 1
03-16 13:54:38.909 D/OMX-VENC-720p( 9562): venc_free_buf:pbuffer = a5aac000,fd = 92, offset = 0, maped_size = 925696
03-16 13:54:38.909 D/OMX-VENC-720p( 9562): Value of this pointer in post_event 0xb5b3f000
03-16 13:54:38.909 D/OMX-VENC-720p( 9562): omx_venc: post_message 8
03-16 13:54:38.909 D/OMX-VENC-720p( 9562): empty_buffer_done: buffer[0xb589b550]
03-16 13:54:38.909 D/OMX-VENC-720p( 9562): empty_buffer_done insert address is 0xb589b550
03-16 13:54:38.909 D/OMX-VENC-720p( 9562): exited the while loop
03-16 13:54:38.909 D/OMX-VENC-720p( 9562): omx_venc::async_message_process- msgcode = 2
03-16 13:54:38.909 D/OMX-VENC-720p( 9562): o/p TS = 1944537480
03-16 13:54:38.909 D/OMX-VENC-720p( 9562): Value of this pointer in post_event 0xb5b3f000
03-16 13:54:38.909 D/OMX-VENC-720p( 9562): omx_venc: post_message 12
03-16 13:54:38.910 D/OMX-VENC-720p( 9562): fill_buffer_done: buffer->pBuffer[0xa4cde000], flags=0x0 size = 16671
03-16 13:54:38.910 D/OMX-VENC-720p( 9562): exited the while loop
03-16 13:54:38.913 E/mm-camera-CORE(  338): af_set_parameters: Setting parameter: 27
03-16 13:54:38.913 E/mm-camera-CORE(  338): af_set_parameters: param=0xb25dcd10 af_obj=0xb27fb000, type =27
03-16 13:54:38.913 E/mm-camera(  338): la_hist_trigger_update: luma target from AEC = 0! use default LA curve
03-16 13:54:38.914 D/mm-camera-intf( 9562): mm_stream_read_msm_frame: VIDIOC_DQBUF buf_index 1, frame_idx 2, stream type 7
03-16 13:54:38.914 D/QCamera2HWI( 9562): static void qcamera::QCamera2HardwareInterface::metadata_stream_cb_routine(mm_camera_super_buf_t*, qcamera::QCameraStream*, void*): hdr_scene_data: 0 0 0.000000
03-16 13:54:38.914 E/QCamera2HWI( 9562): static void qcamera::QCamera2HardwareInterface::metadata_stream_cb_routine(mm_camera_super_buf_t*, qcamera::QCameraStream*, void*), pme->mFlashNeeded 0, pme->mExpTime 0.030037, pme->mISOValue 300
03-16 13:54:38.914 D/QCamera2HWI( 9562): static void qcamera::QCamera2HardwareInterface::metadata_stream_cb_routine(mm_camera_super_buf_t*, qcamera::QCameraStream*, void*), metadata for awb params.
03-16 13:54:38.914 D/QCamera2HWI( 9562): int32_t qcamera::QCamera2HardwareInterface::transAwbMetaToParams(cam_awb_params_t&), cct value: 0
03-16 13:54:38.914 D/QCameraParameters( 9562): update current cct value. old:-1, now:0
03-16 13:54:38.914 E/mm-camera-sensor(  338): port_sensor_handle_aec_update:788 g 3.421875 lux idx 16.224375
03-16 13:54:38.914 E/mm-camera(  338): isp_save_aec_param:1315] sessionid = 2 bracket state 0
03-16 13:54:38.914 E/mm-camera(  338): isp_save_aec_param:1341] gain 16.224375 lux 3.421875
03-16 13:54:38.914 E/mm-camera(  338): port_isp_module_event: received AWB update event, identity = 0x20002
03-16 13:54:38.914 E/mm-camera(  338): isp_set_awb_trigger_update:894] sessionid = 2 bracket state 0
03-16 13:54:38.914 E/mm-camera(  338): isp_set_awb_trigger_update: session_id = 2, color_temp = 5000 gain 1.572327 1.000000 1.592356
03-16 13:54:38.917 D/OMX-VENC-720p( 9562): ETB: buffer = 0xb5b40fe8, buffer->pBuffer[0xb5b3f080]
03-16 13:54:38.917 D/OMX-VENC-720p( 9562): DBG: i/p nTimestamp = 1944553513
03-16 13:54:38.917 D/OMX-VENC-720p( 9562): Value of this pointer in post_event 0xb5b3f000
03-16 13:54:38.917 D/OMX-VENC-720p( 9562): omx_venc: post_message 19
03-16 13:54:38.917 D/OMX-VENC-720p( 9562): OMX_COMPONENT_GENERATE_ETB_OPQ
03-16 13:54:38.917 D/OMX-VENC-720p( 9562): ETBProxyOpaque: buffer[0xb5b40fe8]
03-16 13:54:38.917 D/OMX-VENC-720p( 9562): In Convert and queue Meta Buffer
03-16 13:54:38.918 D/OMX-VENC-720p( 9562): Color convert status 0
03-16 13:54:38.918 D/OMX-VENC-720p( 9562): Status of getbuffer is 0
03-16 13:54:38.918 D/OMX-VENC-720p( 9562): Buffer header 0xb589b5a0 Filled len size 921600
03-16 13:54:38.918 D/OMX-VENC-720p( 9562): venc_use_buf:: pmem_tmp = 0xaf6f8da0
03-16 13:54:38.919 D/OMX-VENC-720p( 9562): VIDIOC_PREPARE_BUF Failed
03-16 13:54:38.919 D/OMX-VENC-720p( 9562): ETBProxy: buffer->pBuffer[0xa55ac000]
03-16 13:54:38.919 D/OMX-VENC-720p( 9562): ETB (color-converted) fd = 149, size = 921600
03-16 13:54:38.919 D/OMX-VENC-720p( 9562): Input buffer length 921600
03-16 13:54:38.919 D/OMX-VENC-720p( 9562): venc_empty_buf: Opaque non-camera buf: fd = 149 : filled 921600 of 925696
03-16 13:54:38.919 D/OMX-VENC-720p( 9562): pdest_frame pop address is 0xb589b5f0
03-16 13:54:38.919 D/OMX-VENC-720p( 9562): exited the while loop
03-16 13:54:38.919 D/OMX-VENC-720p( 9562): FTB: buffer->pBuffer[0xa4cde000]
03-16 13:54:38.919 D/OMX-VENC-720p( 9562): Value of this pointer in post_event 0xb5b3f000
03-16 13:54:38.919 D/OMX-VENC-720p( 9562): omx_venc: post_message 4
03-16 13:54:38.919 D/OMX-VENC-720p( 9562): FTBProxy: bufferAdd->pBuffer[0xa4cde000]
03-16 13:54:38.919 D/OMX-VENC-720p( 9562): Shared PMEM addr for o/p PMEM UseBuf/AllocateBuf: 0xa4cde000
03-16 13:54:38.919 D/OMX-VENC-720p( 9562): exited the while loop
03-16 13:54:38.926 D/OMX-VENC-720p( 9562): omx_venc::async_message_process- msgcode = 1
03-16 13:54:38.926 D/OMX-VENC-720p( 9562): venc_free_buf:pbuffer = a55ac000,fd = 95, offset = 0, maped_size = 925696
03-16 13:54:38.926 D/OMX-VENC-720p( 9562): Value of this pointer in post_event 0xb5b3f000
03-16 13:54:38.926 D/OMX-VENC-720p( 9562): omx_venc: post_message 8
03-16 13:54:38.926 D/OMX-VENC-720p( 9562): empty_buffer_done: buffer[0xb589b5a0]
03-16 13:54:38.926 D/OMX-VENC-720p( 9562): empty_buffer_done insert address is 0xb589b5a0
03-16 13:54:38.926 D/OMX-VENC-720p( 9562): exited the while loop
03-16 13:54:38.926 D/OMX-VENC-720p( 9562): omx_venc::async_message_process- msgcode = 2
03-16 13:54:38.926 D/OMX-VENC-720p( 9562): o/p TS = 1944553513
03-16 13:54:38.926 D/OMX-VENC-720p( 9562): Value of this pointer in post_event 0xb5b3f000
03-16 13:54:38.926 D/OMX-VENC-720p( 9562): omx_venc: post_message 12
03-16 13:54:38.926 D/OMX-VENC-720p( 9562): fill_buffer_done: buffer->pBuffer[0xa7fbf000], flags=0x0 size = 20981
03-16 13:54:38.926 D/OMX-VENC-720p( 9562): exited the while loop
03-16 13:54:38.926 D/OMX-VENC-720p( 9562): ETB: buffer = 0xb5b40fe8, buffer->pBuffer[0xb5b3f080]
03-16 13:54:38.926 D/OMX-VENC-720p( 9562): DBG: i/p nTimestamp = 1944569132
03-16 13:54:38.926 D/OMX-VENC-720p( 9562): Value of this pointer in post_event 0xb5b3f000
03-16 13:54:38.926 D/OMX-VENC-720p( 9562): omx_venc: post_message 19
03-16 13:54:38.927 D/OMX-VENC-720p( 9562): OMX_COMPONENT_GENERATE_ETB_OPQ
03-16 13:54:38.927 D/OMX-VENC-720p( 9562): ETBProxyOpaque: buffer[0xb5b40fe8]
03-16 13:54:38.928 D/OMX-VENC-720p( 9562): In Convert and queue Meta Buffer
03-16 13:54:38.929 D/OMX-VENC-720p( 9562): Color convert status 0
03-16 13:54:38.929 D/OMX-VENC-720p( 9562): FTB: buffer->pBuffer[0xa7fbf000]
03-16 13:54:38.929 D/OMX-VENC-720p( 9562): Status of getbuffer is 0
03-16 13:54:38.929 D/OMX-VENC-720p( 9562): Value of this pointer in post_event 0xb5b3f000
03-16 13:54:38.929 D/OMX-VENC-720p( 9562): omx_venc: post_message 4
03-16 13:54:38.929 D/OMX-VENC-720p( 9562): Buffer header 0xb589b5f0 Filled len size 921600
03-16 13:54:38.929 D/OMX-VENC-720p( 9562): venc_use_buf:: pmem_tmp = 0xaf6f8db0
03-16 13:54:38.929 D/OMX-VENC-720p( 9562): VIDIOC_PREPARE_BUF Failed
03-16 13:54:38.929 D/OMX-VENC-720p( 9562): ETBProxy: buffer->pBuffer[0xa54ca000]
03-16 13:54:38.930 D/OMX-VENC-720p( 9562): ETB (color-converted) fd = 152, size = 921600
03-16 13:54:38.930 D/OMX-VENC-720p( 9562): Input buffer length 921600
03-16 13:54:38.930 D/OMX-VENC-720p( 9562): venc_empty_buf: Opaque non-camera buf: fd = 152 : filled 921600 of 925696
03-16 13:54:38.930 D/OMX-VENC-720p( 9562): pdest_frame pop address is 0xb589b640
03-16 13:54:38.930 D/OMX-VENC-720p( 9562): FTBProxy: bufferAdd->pBuffer[0xa7fbf000]
03-16 13:54:38.930 D/OMX-VENC-720p( 9562): Shared PMEM addr for o/p PMEM UseBuf/AllocateBuf: 0xa7fbf000
03-16 13:54:38.930 D/OMX-VENC-720p( 9562): exited the while loop
03-16 13:54:38.930 D/OMX-VENC-720p( 9562): exited the while loop
03-16 13:54:38.931 I/Timeline( 9790): Timeline: Activity_windows_visible id: ActivityRecord{3fcf725c u0 com.qiniu.pili.droid.rtcstreaming.demo/.activity.CapStreamingActivity t661} time:431441306
03-16 13:54:38.932 E/mm-camera(  338): cpp_hardware_process_frame:888] stream_status:0xb487c308, iden:0x20002, cur_frame_id:3
03-16 13:54:38.933 E/mm-camera(  338): q3a_port_send_event_downstream: AEC event handler returned failure!
03-16 13:54:38.935 D/mm-camera-intf( 9562): mm_stream_read_msm_frame: VIDIOC_DQBUF buf_index 5, frame_idx 3, stream type 1
03-16 13:54:38.935 D/QCamera2HWI( 9562): [KPI Perf] static void qcamera::QCamera2HardwareInterface::preview_stream_cb_routine(mm_camera_super_buf_t*, qcamera::QCameraStream*, void*) : BEGIN
03-16 13:54:38.935 E/QCamera2HWI( 9562): [KPI Perf] static void qcamera::QCamera2HardwareInterface::preview_stream_cb_routine(mm_camera_super_buf_t*, qcamera::QCameraStream*, void*) : PROFILE_FIRST_PREVIEW_FRAME
03-16 13:54:38.936 E/SSSSSS  (23554): m_bIsFirstFrame
03-16 13:54:38.936 E/PGHelix::GLVersion:(23554): OpenGL ES 3
03-16 13:54:38.936 E/PGHelix::Log(23554): Version:v1.1 - 20170227
03-16 13:54:38.937 D/QCamera2HWI( 9562): [KPI Perf] static void qcamera::QCamera2HardwareInterface::preview_stream_cb_routine(mm_camera_super_buf_t*, qcamera::QCameraStream*, void*) : END
03-16 13:54:38.937 D/OMX-VENC-720p( 9562): omx_venc::async_message_process- msgcode = 1
03-16 13:54:38.937 D/OMX-VENC-720p( 9562): venc_free_buf:pbuffer = a54ca000,fd = 98, offset = 0, maped_size = 925696
03-16 13:54:38.937 D/OMX-VENC-720p( 9562): Value of this pointer in post_event 0xb5b3f000
03-16 13:54:38.937 D/OMX-VENC-720p( 9562): omx_venc: post_message 8
03-16 13:54:38.937 D/OMX-VENC-720p( 9562): omx_venc::async_message_process- msgcode = 2
03-16 13:54:38.937 D/OMX-VENC-720p( 9562): o/p TS = 1944569132
03-16 13:54:38.937 D/OMX-VENC-720p( 9562): Value of this pointer in post_event 0xb5b3f000
03-16 13:54:38.937 D/OMX-VENC-720p( 9562): omx_venc: post_message 12
03-16 13:54:38.939 D/OMX-VENC-720p( 9562): fill_buffer_done: buffer->pBuffer[0xa7fbf000], flags=0x0 size = 8328
03-16 13:54:38.939 D/OMX-VENC-720p( 9562): empty_buffer_done: buffer[0xb589b5f0]
03-16 13:54:38.939 D/OMX-VENC-720p( 9562): empty_buffer_done insert address is 0xb589b5f0
03-16 13:54:38.939 D/OMX-VENC-720p( 9562): exited the while loop
03-16 13:54:38.939 D/OMX-VENC-720p( 9562): exited the while loop
03-16 13:54:38.942 D/RTCMediaStreaming(23554): onPreviewFrame 864 x 480, 270, 825382478
03-16 13:54:38.943 D/OMX-VENC-720p( 9562): FTB: buffer->pBuffer[0xa7fbf000]
03-16 13:54:38.943 D/OMX-VENC-720p( 9562): Value of this pointer in post_event 0xb5b3f000
03-16 13:54:38.943 D/OMX-VENC-720p( 9562): omx_venc: post_message 4
03-16 13:54:38.943 D/OMX-VENC-720p( 9562): FTBProxy: bufferAdd->pBuffer[0xa7fbf000]
03-16 13:54:38.943 D/OMX-VENC-720p( 9562): Shared PMEM addr for o/p PMEM UseBuf/AllocateBuf: 0xa7fbf000
03-16 13:54:38.943 D/OMX-VENC-720p( 9562): exited the while loop
03-16 13:54:38.945 D/OMX-VENC-720p( 9562): ETB: buffer = 0xb5b40fe8, buffer->pBuffer[0xb5b3f080]
03-16 13:54:38.945 D/OMX-VENC-720p( 9562): DBG: i/p nTimestamp = 1944587904
03-16 13:54:38.945 D/OMX-VENC-720p( 9562): Value of this pointer in post_event 0xb5b3f000
03-16 13:54:38.945 D/OMX-VENC-720p( 9562): omx_venc: post_message 19
03-16 13:54:38.946 D/OMX-VENC-720p( 9562): OMX_COMPONENT_GENERATE_ETB_OPQ
03-16 13:54:38.946 D/OMX-VENC-720p( 9562): ETBProxyOpaque: buffer[0xb5b40fe8]
03-16 13:54:38.946 D/OMX-VENC-720p( 9562): In Convert and queue Meta Buffer
03-16 13:54:38.947 W/SurfaceFlinger(  937): couldn't log to binary event log: overflow.
03-16 13:54:38.949 D/OMX-VENC-720p( 9562): Color convert status 0
03-16 13:54:38.949 D/OMX-VENC-720p( 9562): Status of getbuffer is 0
03-16 13:54:38.949 D/OMX-VENC-720p( 9562): Buffer header 0xb589b640 Filled len size 921600
03-16 13:54:38.949 D/OMX-VENC-720p( 9562): venc_use_buf:: pmem_tmp = 0xaf6f8dc0
03-16 13:54:38.949 E/mm-camera-CORE(  338): af_set_parameters: Setting parameter: 27
03-16 13:54:38.949 D/OMX-VENC-720p( 9562): VIDIOC_PREPARE_BUF Failed
03-16 13:54:38.949 E/mm-camera-CORE(  338): af_set_parameters: param=0xb25db410 af_obj=0xb27fb000, type =27
03-16 13:54:38.949 D/OMX-VENC-720p( 9562): ETBProxy: buffer->pBuffer[0xa53e8000]
03-16 13:54:38.949 D/OMX-VENC-720p( 9562): ETB (color-converted) fd = 155, size = 921600
03-16 13:54:38.949 D/OMX-VENC-720p( 9562): Input buffer length 921600
03-16 13:54:38.949 D/OMX-VENC-720p( 9562): venc_empty_buf: Opaque non-camera buf: fd = 155 : filled 921600 of 925696
03-16 13:54:38.950 D/OMX-VENC-720p( 9562): pdest_frame pop address is 0xb589b500
03-16 13:54:38.950 D/mm-camera-intf( 9562): mm_stream_read_msm_frame: VIDIOC_DQBUF buf_index 2, frame_idx 3, stream type 7
03-16 13:54:38.950 D/OMX-VENC-720p( 9562): exited the while loop
03-16 13:54:38.950 D/QCamera2HWI( 9562): static void qcamera::QCamera2HardwareInterface::metadata_stream_cb_routine(mm_camera_super_buf_t*, qcamera::QCameraStream*, void*): hdr_scene_data: 1 0 0.000000
03-16 13:54:38.950 E/QCamera2HWI( 9562): static void qcamera::QCamera2HardwareInterface::metadata_stream_cb_routine(mm_camera_super_buf_t*, qcamera::QCameraStream*, void*),asd_valid:0 scene:0x0
03-16 13:54:38.950 E/QCamera2HWI( 9562): int32_t qcamera::QCamera2HardwareInterface::processHDRData(cam_asd_hdr_scene_data_t) : hdr_scene_data: processHDRData: 0x0 0.000000
03-16 13:54:38.957 D/OMX-VENC-720p( 9562): omx_venc::async_message_process- msgcode = 2
03-16 13:54:38.957 D/OMX-VENC-720p( 9562): o/p TS = 1944587904
03-16 13:54:38.957 D/OMX-VENC-720p( 9562): Value of this pointer in post_event 0xb5b3f000
03-16 13:54:38.957 D/OMX-VENC-720p( 9562): omx_venc: post_message 12
03-16 13:54:38.957 D/OMX-VENC-720p( 9562): omx_venc::async_message_process- msgcode = 1
03-16 13:54:38.957 D/OMX-VENC-720p( 9562): fill_buffer_done: buffer->pBuffer[0xa7fbf000], flags=0x0 size = 4098
03-16 13:54:38.957 D/OMX-VENC-720p( 9562): venc_free_buf:pbuffer = a53e8000,fd = 9b, offset = 0, maped_size = 925696
03-16 13:54:38.957 D/OMX-VENC-720p( 9562): Value of this pointer in post_event 0xb5b3f000
03-16 13:54:38.957 D/OMX-VENC-720p( 9562): omx_venc: post_message 8
03-16 13:54:38.957 D/OMX-VENC-720p( 9562): empty_buffer_done: buffer[0xb589b640]
03-16 13:54:38.957 D/OMX-VENC-720p( 9562): empty_buffer_done insert address is 0xb589b640
03-16 13:54:38.957 D/OMX-VENC-720p( 9562): exited the while loop
03-16 13:54:38.957 D/OMX-VENC-720p( 9562): exited the while loop
03-16 13:54:38.959 D/OMX-VENC-720p( 9562): FTB: buffer->pBuffer[0xa7fbf000]
03-16 13:54:38.959 D/OMX-VENC-720p( 9562): Value of this pointer in post_event 0xb5b3f000
03-16 13:54:38.959 D/OMX-VENC-720p( 9562): omx_venc: post_message 4
03-16 13:54:38.959 D/OMX-VENC-720p( 9562): FTBProxy: bufferAdd->pBuffer[0xa7fbf000]
03-16 13:54:38.959 D/OMX-VENC-720p( 9562): Shared PMEM addr for o/p PMEM UseBuf/AllocateBuf: 0xa7fbf000
03-16 13:54:38.959 D/OMX-VENC-720p( 9562): exited the while loop
03-16 13:54:38.960 D/OMX-VENC-720p( 9562): ETB: buffer = 0xb5b40fe8, buffer->pBuffer[0xb5b3f080]
03-16 13:54:38.960 D/OMX-VENC-720p( 9562): DBG: i/p nTimestamp = 1944603206
03-16 13:54:38.960 D/OMX-VENC-720p( 9562): Value of this pointer in post_event 0xb5b3f000
03-16 13:54:38.960 D/OMX-VENC-720p( 9562): omx_venc: post_message 19
03-16 13:54:38.961 D/OMX-VENC-720p( 9562): OMX_COMPONENT_GENERATE_ETB_OPQ
03-16 13:54:38.961 D/OMX-VENC-720p( 9562): ETBProxyOpaque: buffer[0xb5b40fe8]
03-16 13:54:38.961 D/OMX-VENC-720p( 9562): In Convert and queue Meta Buffer
03-16 13:54:38.964 D/OMX-VENC-720p( 9562): Color convert status 0
03-16 13:54:38.964 D/OMX-VENC-720p( 9562): Status of getbuffer is 0
03-16 13:54:38.964 D/OMX-VENC-720p( 9562): Buffer header 0xb589b500 Filled len size 921600
03-16 13:54:38.964 D/OMX-VENC-720p( 9562): venc_use_buf:: pmem_tmp = 0xaf6f8d80
03-16 13:54:38.964 D/OMX-VENC-720p( 9562): VIDIOC_PREPARE_BUF Failed
03-16 13:54:38.964 D/OMX-VENC-720p( 9562): ETBProxy: buffer->pBuffer[0xa8a7b000]
03-16 13:54:38.964 D/OMX-VENC-720p( 9562): ETB (color-converted) fd = 140, size = 921600
03-16 13:54:38.964 D/OMX-VENC-720p( 9562): Input buffer length 921600
03-16 13:54:38.964 D/OMX-VENC-720p( 9562): venc_empty_buf: Opaque non-camera buf: fd = 140 : filled 921600 of 925696
03-16 13:54:38.964 D/OMX-VENC-720p( 9562): pdest_frame pop address is 0xb589b550
03-16 13:54:38.964 D/OMX-VENC-720p( 9562): exited the while loop
03-16 13:54:38.965 E/mm-camera(  338): cpp_hardware_process_frame:888] stream_status:0xb487c308, iden:0x20002, cur_frame_id:4
03-16 13:54:38.968 D/mm-camera-intf( 9562): mm_stream_read_msm_frame: VIDIOC_DQBUF buf_index 6, frame_idx 4, stream type 1
03-16 13:54:38.968 D/QCamera2HWI( 9562): [KPI Perf] static void qcamera::QCamera2HardwareInterface::preview_stream_cb_routine(mm_camera_super_buf_t*, qcamera::QCameraStream*, void*) : BEGIN
03-16 13:54:38.969 D/QCamera2HWI( 9562): [KPI Perf] static void qcamera::QCamera2HardwareInterface::preview_stream_cb_routine(mm_camera_super_buf_t*, qcamera::QCameraStream*, void*) : END
03-16 13:54:38.971 D/OMX-VENC-720p( 9562): omx_venc::async_message_process- msgcode = 1
03-16 13:54:38.971 D/OMX-VENC-720p( 9562): venc_free_buf:pbuffer = a8a7b000,fd = 8c, offset = 0, maped_size = 925696
03-16 13:54:38.971 D/OMX-VENC-720p( 9562): Value of this pointer in post_event 0xb5b3f000
03-16 13:54:38.971 D/OMX-VENC-720p( 9562): omx_venc: post_message 8
03-16 13:54:38.971 D/OMX-VENC-720p( 9562): empty_buffer_done: buffer[0xb589b500]
03-16 13:54:38.971 D/OMX-VENC-720p( 9562): omx_venc::async_message_process- msgcode = 2
03-16 13:54:38.971 D/OMX-VENC-720p( 9562): empty_buffer_done insert address is 0xb589b500
03-16 13:54:38.971 D/OMX-VENC-720p( 9562): o/p TS = 1944603206
03-16 13:54:38.971 D/OMX-VENC-720p( 9562): exited the while loop
03-16 13:54:38.971 D/OMX-VENC-720p( 9562): Value of this pointer in post_event 0xb5b3f000
03-16 13:54:38.971 D/OMX-VENC-720p( 9562): omx_venc: post_message 12
03-16 13:54:38.972 D/OMX-VENC-720p( 9562): fill_buffer_done: buffer->pBuffer[0xa7fbf000], flags=0x0 size = 3336
03-16 13:54:38.972 D/OMX-VENC-720p( 9562): exited the while loop
03-16 13:54:38.974 D/OMX-VENC-720p( 9562): FTB: buffer->pBuffer[0xa7fbf000]
03-16 13:54:38.974 D/OMX-VENC-720p( 9562): Value of this pointer in post_event 0xb5b3f000
03-16 13:54:38.974 D/OMX-VENC-720p( 9562): omx_venc: post_message 4
03-16 13:54:38.974 D/OMX-VENC-720p( 9562): FTBProxy: bufferAdd->pBuffer[0xa7fbf000]
03-16 13:54:38.974 D/OMX-VENC-720p( 9562): Shared PMEM addr for o/p PMEM UseBuf/AllocateBuf: 0xa7fbf000
03-16 13:54:38.974 D/OMX-VENC-720p( 9562): exited the while loop
03-16 13:54:38.978 D/OMX-VENC-720p( 9562): ETB: buffer = 0xb5b40fe8, buffer->pBuffer[0xb5b3f080]
03-16 13:54:38.978 D/OMX-VENC-720p( 9562): DBG: i/p nTimestamp = 1944620315
03-16 13:54:38.978 D/OMX-VENC-720p( 9562): Value of this pointer in post_event 0xb5b3f000
03-16 13:54:38.978 D/OMX-VENC-720p( 9562): omx_venc: post_message 19
03-16 13:54:38.978 D/OMX-VENC-720p( 9562): OMX_COMPONENT_GENERATE_ETB_OPQ
03-16 13:54:38.978 D/OMX-VENC-720p( 9562): ETBProxyOpaque: buffer[0xb5b40fe8]
03-16 13:54:38.978 D/OMX-VENC-720p( 9562): In Convert and queue Meta Buffer
03-16 13:54:38.979 D/OMX-VENC-720p( 9562): Color convert status 0
03-16 13:54:38.979 D/OMX-VENC-720p( 9562): Status of getbuffer is 0
03-16 13:54:38.979 D/OMX-VENC-720p( 9562): Buffer header 0xb589b550 Filled len size 921600
03-16 13:54:38.979 D/OMX-VENC-720p( 9562): venc_use_buf:: pmem_tmp = 0xaf6f8d90
03-16 13:54:38.979 D/OMX-VENC-720p( 9562): VIDIOC_PREPARE_BUF Failed
03-16 13:54:38.979 D/OMX-VENC-720p( 9562): ETBProxy: buffer->pBuffer[0xa5aac000]
03-16 13:54:38.979 D/OMX-VENC-720p( 9562): ETB (color-converted) fd = 146, size = 921600
03-16 13:54:38.979 D/OMX-VENC-720p( 9562): Input buffer length 921600
03-16 13:54:38.979 D/OMX-VENC-720p( 9562): venc_empty_buf: Opaque non-camera buf: fd = 146 : filled 921600 of 925696
03-16 13:54:38.980 D/OMX-VENC-720p( 9562): pdest_frame pop address is 0xb589b5a0
03-16 13:54:38.980 D/OMX-VENC-720p( 9562): exited the while loop
03-16 13:54:38.980 E/mm-camera-CORE(  338): af_set_parameters: Setting parameter: 27
03-16 13:54:38.980 E/mm-camera-CORE(  338): af_set_parameters: param=0xb25dc810 af_obj=0xb27fb000, type =27
03-16 13:54:38.980 D/mm-camera-intf( 9562): mm_stream_read_msm_frame: VIDIOC_DQBUF buf_index 3, frame_idx 4, stream type 7
03-16 13:54:38.980 D/QCamera2HWI( 9562): static void qcamera::QCamera2HardwareInterface::metadata_stream_cb_routine(mm_camera_super_buf_t*, qcamera::QCameraStream*, void*): hdr_scene_data: 0 0 0.000000
03-16 13:54:38.980 E/QCamera2HWI( 9562): static void qcamera::QCamera2HardwareInterface::metadata_stream_cb_routine(mm_camera_super_buf_t*, qcamera::QCameraStream*, void*), pme->mFlashNeeded 0, pme->mExpTime 0.034770, pme->mISOValue 400
03-16 13:54:38.980 D/QCamera2HWI( 9562): static void qcamera::QCamera2HardwareInterface::metadata_stream_cb_routine(mm_camera_super_buf_t*, qcamera::QCameraStream*, void*), metadata for awb params.
03-16 13:54:38.980 D/QCamera2HWI( 9562): int32_t qcamera::QCamera2HardwareInterface::transAwbMetaToParams(cam_awb_params_t&), cct value: 5000
03-16 13:54:38.980 D/QCameraParameters( 9562): update current cct value. old:0, now:5000
03-16 13:54:38.981 E/mm-camera-sensor(  338): port_sensor_handle_aec_update:788 g 4.085938 lux idx 21.875959
03-16 13:54:38.981 E/mm-camera(  338): isp_save_aec_param:1315] sessionid = 2 bracket state 0
03-16 13:54:38.981 E/mm-camera(  338): isp_save_aec_param:1341] gain 21.875959 lux 4.085938
03-16 13:54:38.981 E/mm-camera(  338): port_isp_module_event: received AWB update event, identity = 0x20002
03-16 13:54:38.981 E/mm-camera(  338): isp_set_awb_trigger_update:894] sessionid = 2 bracket state 0
03-16 13:54:38.981 E/mm-camera(  338): isp_set_awb_trigger_update: session_id = 2, color_temp = 5075 gain 1.601637 1.000000 1.591526
03-16 13:54:38.987 D/OMX-VENC-720p( 9562): omx_venc::async_message_process- msgcode = 1
03-16 13:54:38.987 D/OMX-VENC-720p( 9562): venc_free_buf:pbuffer = a5aac000,fd = 92, offset = 0, maped_size = 925696
03-16 13:54:38.987 D/OMX-VENC-720p( 9562): Value of this pointer in post_event 0xb5b3f000
03-16 13:54:38.987 D/OMX-VENC-720p( 9562): omx_venc: post_message 8
03-16 13:54:38.987 D/OMX-VENC-720p( 9562): omx_venc::async_message_process- msgcode = 2
03-16 13:54:38.987 D/OMX-VENC-720p( 9562): o/p TS = 1944620315
03-16 13:54:38.987 D/OMX-VENC-720p( 9562): Value of this pointer in post_event 0xb5b3f000
03-16 13:54:38.987 D/OMX-VENC-720p( 9562): omx_venc: post_message 12
03-16 13:54:38.987 D/OMX-VENC-720p( 9562): fill_buffer_done: buffer->pBuffer[0xa7fbf000], flags=0x0 size = 2906
03-16 13:54:38.987 D/OMX-VENC-720p( 9562): empty_buffer_done: buffer[0xb589b550]
03-16 13:54:38.987 D/OMX-VENC-720p( 9562): empty_buffer_done insert address is 0xb589b550
03-16 13:54:38.987 D/OMX-VENC-720p( 9562): exited the while loop
03-16 13:54:38.987 D/OMX-VENC-720p( 9562): exited the while loop
03-16 13:54:38.988 D/OMX-VENC-720p( 9562): FTB: buffer->pBuffer[0xa7fbf000]
03-16 13:54:38.989 D/OMX-VENC-720p( 9562): Value of this pointer in post_event 0xb5b3f000
03-16 13:54:38.989 D/OMX-VENC-720p( 9562): omx_venc: post_message 4
03-16 13:54:38.989 D/OMX-VENC-720p( 9562): FTBProxy: bufferAdd->pBuffer[0xa7fbf000]
03-16 13:54:38.989 D/OMX-VENC-720p( 9562): Shared PMEM addr for o/p PMEM UseBuf/AllocateBuf: 0xa7fbf000
03-16 13:54:38.989 D/OMX-VENC-720p( 9562): exited the while loop
03-16 13:54:38.993 D/OMX-VENC-720p( 9562): ETB: buffer = 0xb5b40fe8, buffer->pBuffer[0xb5b3f080]
03-16 13:54:38.993 D/OMX-VENC-720p( 9562): DBG: i/p nTimestamp = 1944636071
03-16 13:54:38.993 D/OMX-VENC-720p( 9562): Value of this pointer in post_event 0xb5b3f000
03-16 13:54:38.993 D/OMX-VENC-720p( 9562): omx_venc: post_message 19
03-16 13:54:38.994 D/OMX-VENC-720p( 9562): OMX_COMPONENT_GENERATE_ETB_OPQ
03-16 13:54:38.994 D/OMX-VENC-720p( 9562): ETBProxyOpaque: buffer[0xb5b40fe8]
03-16 13:54:38.994 D/OMX-VENC-720p( 9562): In Convert and queue Meta Buffer
03-16 13:54:38.995 D/OMX-VENC-720p( 9562): Color convert status 0
03-16 13:54:38.995 D/OMX-VENC-720p( 9562): Status of getbuffer is 0
03-16 13:54:38.995 D/OMX-VENC-720p( 9562): Buffer header 0xb589b5a0 Filled len size 921600
03-16 13:54:38.995 D/OMX-VENC-720p( 9562): venc_use_buf:: pmem_tmp = 0xaf6f8da0
03-16 13:54:38.995 D/OMX-VENC-720p( 9562): VIDIOC_PREPARE_BUF Failed
03-16 13:54:38.995 D/OMX-VENC-720p( 9562): ETBProxy: buffer->pBuffer[0xa55ac000]
03-16 13:54:38.995 D/OMX-VENC-720p( 9562): ETB (color-converted) fd = 149, size = 921600
03-16 13:54:38.996 D/OMX-VENC-720p( 9562): Input buffer length 921600
03-16 13:54:38.996 D/OMX-VENC-720p( 9562): venc_empty_buf: Opaque non-camera buf: fd = 149 : filled 921600 of 925696
03-16 13:54:38.996 D/OMX-VENC-720p( 9562): pdest_frame pop address is 0xb589b5f0
03-16 13:54:38.996 D/OMX-VENC-720p( 9562): exited the while loop
03-16 13:54:38.998 E/mm-camera(  338): cpp_hardware_process_frame:888] stream_status:0xb487c308, iden:0x20002, cur_frame_id:5
03-16 13:54:39.001 D/mm-camera-intf( 9562): mm_stream_read_msm_frame: VIDIOC_DQBUF buf_index 0, frame_idx 5, stream type 1
03-16 13:54:39.002 D/QCamera2HWI( 9562): [KPI Perf] static void qcamera::QCamera2HardwareInterface::preview_stream_cb_routine(mm_camera_super_buf_t*, qcamera::QCameraStream*, void*) : BEGIN
03-16 13:54:39.002 D/QCamera2HWI( 9562): [KPI Perf] static void qcamera::QCamera2HardwareInterface::preview_stream_cb_routine(mm_camera_super_buf_t*, qcamera::QCameraStream*, void*) : END
03-16 13:54:39.003 D/OMX-VENC-720p( 9562): omx_venc::async_message_process- msgcode = 1
03-16 13:54:39.003 D/OMX-VENC-720p( 9562): venc_free_buf:pbuffer = a55ac000,fd = 95, offset = 0, maped_size = 925696
03-16 13:54:39.003 D/OMX-VENC-720p( 9562): Value of this pointer in post_event 0xb5b3f000
03-16 13:54:39.003 D/OMX-VENC-720p( 9562): omx_venc: post_message 8
03-16 13:54:39.003 D/OMX-VENC-720p( 9562): omx_venc::async_message_process- msgcode = 2
03-16 13:54:39.003 D/OMX-VENC-720p( 9562): o/p TS = 1944636071
03-16 13:54:39.003 D/OMX-VENC-720p( 9562): Value of this pointer in post_event 0xb5b3f000
03-16 13:54:39.003 D/OMX-VENC-720p( 9562): omx_venc: post_message 12
03-16 13:54:39.003 D/OMX-VENC-720p( 9562): fill_buffer_done: buffer->pBuffer[0xa7fbf000], flags=0x0 size = 2538
03-16 13:54:39.003 D/OMX-VENC-720p( 9562): empty_buffer_done: buffer[0xb589b5a0]
03-16 13:54:39.003 D/OMX-VENC-720p( 9562): empty_buffer_done insert address is 0xb589b5a0
03-16 13:54:39.003 D/OMX-VENC-720p( 9562): exited the while loop
03-16 13:54:39.003 D/OMX-VENC-720p( 9562): exited the while loop
03-16 13:54:39.004 D/OMX-VENC-720p( 9562): FTB: buffer->pBuffer[0xa7fbf000]
03-16 13:54:39.004 D/OMX-VENC-720p( 9562): Value of this pointer in post_event 0xb5b3f000
03-16 13:54:39.004 D/OMX-VENC-720p( 9562): omx_venc: post_message 4
03-16 13:54:39.004 D/OMX-VENC-720p( 9562): FTBProxy: bufferAdd->pBuffer[0xa7fbf000]
03-16 13:54:39.004 D/OMX-VENC-720p( 9562): Shared PMEM addr for o/p PMEM UseBuf/AllocateBuf: 0xa7fbf000
03-16 13:54:39.004 D/OMX-VENC-720p( 9562): exited the while loop
03-16 13:54:39.010 D/OMX-VENC-720p( 9562): ETB: buffer = 0xb5b40fe8, buffer->pBuffer[0xb5b3f080]
03-16 13:54:39.010 D/OMX-VENC-720p( 9562): DBG: i/p nTimestamp = 1944652565
03-16 13:54:39.010 D/OMX-VENC-720p( 9562): Value of this pointer in post_event 0xb5b3f000
03-16 13:54:39.010 D/OMX-VENC-720p( 9562): omx_venc: post_message 19
03-16 13:54:39.010 D/OMX-VENC-720p( 9562): OMX_COMPONENT_GENERATE_ETB_OPQ
03-16 13:54:39.010 D/OMX-VENC-720p( 9562): ETBProxyOpaque: buffer[0xb5b40fe8]
03-16 13:54:39.010 D/OMX-VENC-720p( 9562): In Convert and queue Meta Buffer
03-16 13:54:39.012 D/OMX-VENC-720p( 9562): Color convert status 0
03-16 13:54:39.012 D/OMX-VENC-720p( 9562): Status of getbuffer is 0
03-16 13:54:39.012 D/OMX-VENC-720p( 9562): Buffer header 0xb589b5f0 Filled len size 921600
03-16 13:54:39.012 D/OMX-VENC-720p( 9562): venc_use_buf:: pmem_tmp = 0xaf6f8db0
03-16 13:54:39.012 D/OMX-VENC-720p( 9562): VIDIOC_PREPARE_BUF Failed
03-16 13:54:39.012 D/OMX-VENC-720p( 9562): ETBProxy: buffer->pBuffer[0xa54ca000]
03-16 13:54:39.012 D/OMX-VENC-720p( 9562): ETB (color-converted) fd = 152, size = 921600
03-16 13:54:39.012 D/OMX-VENC-720p( 9562): Input buffer length 921600
03-16 13:54:39.012 D/OMX-VENC-720p( 9562): venc_empty_buf: Opaque non-camera buf: fd = 152 : filled 921600 of 925696
03-16 13:54:39.012 D/OMX-VENC-720p( 9562): pdest_frame pop address is 0xb589b640
03-16 13:54:39.012 D/OMX-VENC-720p( 9562): exited the while loop
03-16 13:54:39.013 E/mm-camera-CORE(  338): af_set_parameters: Setting parameter: 27
03-16 13:54:39.013 E/mm-camera-CORE(  338): af_set_parameters: param=0xb25db910 af_obj=0xb27fb000, type =27
03-16 13:54:39.014 D/mm-camera-intf( 9562): mm_stream_read_msm_frame: VIDIOC_DQBUF buf_index 4, frame_idx 5, stream type 7
03-16 13:54:39.014 E/mm-camera-sensor(  338): port_sensor_handle_aec_update:788 g 4.085938 lux idx 312.947601
03-16 13:54:39.014 D/QCamera2HWI( 9562): static void qcamera::QCamera2HardwareInterface::metadata_stream_cb_routine(mm_camera_super_buf_t*, qcamera::QCameraStream*, void*): hdr_scene_data: 1 0 0.000000
03-16 13:54:39.014 E/mm-camera(  338): isp_save_aec_param:1315] sessionid = 2 bracket state 0
03-16 13:54:39.014 E/QCamera2HWI( 9562): static void qcamera::QCamera2HardwareInterface::metadata_stream_cb_routine(mm_camera_super_buf_t*, qcamera::QCameraStream*, void*),asd_valid:0 scene:0x0
03-16 13:54:39.014 E/mm-camera(  338): isp_save_aec_param:1341] gain 312.947601 lux 4.085938
03-16 13:54:39.014 E/QCamera2HWI( 9562): int32_t qcamera::QCamera2HardwareInterface::processHDRData(cam_asd_hdr_scene_data_t) : hdr_scene_data: processHDRData: 0x0 0.000000
03-16 13:54:39.014 E/QCamera2HWI( 9562): static void qcamera::QCamera2HardwareInterface::metadata_stream_cb_routine(mm_camera_super_buf_t*, qcamera::QCameraStream*, void*), pme->mFlashNeeded 0, pme->mExpTime 0.034770, pme->mISOValue 400
03-16 13:54:39.014 D/QCamera2HWI( 9562): static void qcamera::QCamera2HardwareInterface::metadata_stream_cb_routine(mm_camera_super_buf_t*, qcamera::QCameraStream*, void*), metadata for awb params.
03-16 13:54:39.014 D/QCamera2HWI( 9562): int32_t qcamera::QCamera2HardwareInterface::transAwbMetaToParams(cam_awb_params_t&), cct value: 5075
03-16 13:54:39.014 D/QCameraParameters( 9562): update current cct value. old:5000, now:5075
03-16 13:54:39.014 E/mm-camera(  338): port_isp_module_event: received AWB update event, identity = 0x20002
03-16 13:54:39.014 E/mm-camera(  338): isp_set_awb_trigger_update:894] sessionid = 2 bracket state 0
03-16 13:54:39.014 E/mm-camera(  338): isp_set_awb_trigger_update: session_id = 2, color_temp = 5225 gain 1.622154 1.000000 1.586395
03-16 13:54:39.020 D/OMX-VENC-720p( 9562): omx_venc::async_message_process- msgcode = 1
03-16 13:54:39.020 D/OMX-VENC-720p( 9562): venc_free_buf:pbuffer = a54ca000,fd = 98, offset = 0, maped_size = 925696
03-16 13:54:39.020 D/OMX-VENC-720p( 9562): Value of this pointer in post_event 0xb5b3f000
03-16 13:54:39.020 D/OMX-VENC-720p( 9562): omx_venc: post_message 8
03-16 13:54:39.020 D/OMX-VENC-720p( 9562): empty_buffer_done: buffer[0xb589b5f0]
03-16 13:54:39.020 D/OMX-VENC-720p( 9562): omx_venc::async_message_process- msgcode = 2
03-16 13:54:39.020 D/OMX-VENC-720p( 9562): empty_buffer_done insert address is 0xb589b5f0
03-16 13:54:39.020 D/OMX-VENC-720p( 9562): o/p TS = 1944652565
03-16 13:54:39.020 D/OMX-VENC-720p( 9562): exited the while loop
03-16 13:54:39.020 D/OMX-VENC-720p( 9562): Value of this pointer in post_event 0xb5b3f000
03-16 13:54:39.020 D/OMX-VENC-720p( 9562): omx_venc: post_message 12
03-16 13:54:39.020 D/OMX-VENC-720p( 9562): fill_buffer_done: buffer->pBuffer[0xa7fbf000], flags=0x0 size = 2072
03-16 13:54:39.020 D/OMX-VENC-720p( 9562): exited the while loop
03-16 13:54:39.021 D/OMX-VENC-720p( 9562): FTB: buffer->pBuffer[0xa7fbf000]
03-16 13:54:39.021 D/OMX-VENC-720p( 9562): Value of this pointer in post_event 0xb5b3f000
03-16 13:54:39.021 D/OMX-VENC-720p( 9562): omx_venc: post_message 4
03-16 13:54:39.021 D/OMX-VENC-720p( 9562): FTBProxy: bufferAdd->pBuffer[0xa7fbf000]
03-16 13:54:39.021 D/OMX-VENC-720p( 9562): Shared PMEM addr for o/p PMEM UseBuf/AllocateBuf: 0xa7fbf000
03-16 13:54:39.021 D/OMX-VENC-720p( 9562): exited the while loop
03-16 13:54:39.027 D/OMX-VENC-720p( 9562): ETB: buffer = 0xb5b40fe8, buffer->pBuffer[0xb5b3f080]
03-16 13:54:39.027 D/OMX-VENC-720p( 9562): DBG: i/p nTimestamp = 1944669358
03-16 13:54:39.027 D/OMX-VENC-720p( 9562): Value of this pointer in post_event 0xb5b3f000
03-16 13:54:39.027 D/OMX-VENC-720p( 9562): omx_venc: post_message 19
03-16 13:54:39.027 D/OMX-VENC-720p( 9562): OMX_COMPONENT_GENERATE_ETB_OPQ
03-16 13:54:39.027 D/OMX-VENC-720p( 9562): ETBProxyOpaque: buffer[0xb5b40fe8]
03-16 13:54:39.027 D/OMX-VENC-720p( 9562): In Convert and queue Meta Buffer
03-16 13:54:39.028 D/OMX-VENC-720p( 9562): Color convert status 0
03-16 13:54:39.028 D/OMX-VENC-720p( 9562): Status of getbuffer is 0
03-16 13:54:39.028 D/OMX-VENC-720p( 9562): Buffer header 0xb589b640 Filled len size 921600
03-16 13:54:39.028 D/OMX-VENC-720p( 9562): venc_use_buf:: pmem_tmp = 0xaf6f8dc0
03-16 13:54:39.028 D/OMX-VENC-720p( 9562): VIDIOC_PREPARE_BUF Failed
03-16 13:54:39.028 D/OMX-VENC-720p( 9562): ETBProxy: buffer->pBuffer[0xa53e8000]
03-16 13:54:39.028 D/OMX-VENC-720p( 9562): ETB (color-converted) fd = 155, size = 921600
03-16 13:54:39.028 D/OMX-VENC-720p( 9562): Input buffer length 921600
03-16 13:54:39.028 D/OMX-VENC-720p( 9562): venc_empty_buf: Opaque non-camera buf: fd = 155 : filled 921600 of 925696
03-16 13:54:39.028 D/OMX-VENC-720p( 9562): pdest_frame pop address is 0xb589b500
03-16 13:54:39.028 D/OMX-VENC-720p( 9562): exited the while loop
03-16 13:54:39.032 E/mm-camera(  338): cpp_hardware_process_frame:888] stream_status:0xb487c308, iden:0x20002, cur_frame_id:6
03-16 13:54:39.037 D/mm-camera-intf( 9562): mm_stream_read_msm_frame: VIDIOC_DQBUF buf_index 1, frame_idx 6, stream type 1
03-16 13:54:39.037 D/OMX-VENC-720p( 9562): omx_venc::async_message_process- msgcode = 2
03-16 13:54:39.037 D/OMX-VENC-720p( 9562): o/p TS = 1944669358
03-16 13:54:39.037 D/OMX-VENC-720p( 9562): Value of this pointer in post_event 0xb5b3f000
03-16 13:54:39.037 D/OMX-VENC-720p( 9562): omx_venc: post_message 12
03-16 13:54:39.037 D/OMX-VENC-720p( 9562): omx_venc::async_message_process- msgcode = 1
03-16 13:54:39.037 D/OMX-VENC-720p( 9562): fill_buffer_done: buffer->pBuffer[0xa7fbf000], flags=0x0 size = 1322
03-16 13:54:39.037 D/OMX-VENC-720p( 9562): venc_free_buf:pbuffer = a53e8000,fd = 9b, offset = 0, maped_size = 925696
03-16 13:54:39.037 D/OMX-VENC-720p( 9562): Value of this pointer in post_event 0xb5b3f000
03-16 13:54:39.037 D/OMX-VENC-720p( 9562): omx_venc: post_message 8
03-16 13:54:39.037 D/OMX-VENC-720p( 9562): empty_buffer_done: buffer[0xb589b640]
03-16 13:54:39.037 D/OMX-VENC-720p( 9562): empty_buffer_done insert address is 0xb589b640
03-16 13:54:39.037 D/OMX-VENC-720p( 9562): exited the while loop
03-16 13:54:39.037 D/OMX-VENC-720p( 9562): exited the while loop
03-16 13:54:39.037 D/QCamera2HWI( 9562): [KPI Perf] static void qcamera::QCamera2HardwareInterface::preview_stream_cb_routine(mm_camera_super_buf_t*, qcamera::QCameraStream*, void*) : BEGIN
03-16 13:54:39.038 D/QCamera2HWI( 9562): [KPI Perf] static void qcamera::QCamera2HardwareInterface::preview_stream_cb_routine(mm_camera_super_buf_t*, qcamera::QCameraStream*, void*) : END
03-16 13:54:39.038 D/OMX-VENC-720p( 9562): FTB: buffer->pBuffer[0xa7fbf000]
03-16 13:54:39.038 D/OMX-VENC-720p( 9562): Value of this pointer in post_event 0xb5b3f000
03-16 13:54:39.038 D/OMX-VENC-720p( 9562): omx_venc: post_message 4
03-16 13:54:39.038 D/OMX-VENC-720p( 9562): FTBProxy: bufferAdd->pBuffer[0xa7fbf000]
03-16 13:54:39.038 D/OMX-VENC-720p( 9562): Shared PMEM addr for o/p PMEM UseBuf/AllocateBuf: 0xa7fbf000
03-16 13:54:39.038 D/OMX-VENC-720p( 9562): exited the while loop
03-16 13:54:39.044 D/OMX-VENC-720p( 9562): ETB: buffer = 0xb5b40fe8, buffer->pBuffer[0xb5b3f080]
03-16 13:54:39.044 D/OMX-VENC-720p( 9562): DBG: i/p nTimestamp = 1944686584
03-16 13:54:39.044 D/OMX-VENC-720p( 9562): Value of this pointer in post_event 0xb5b3f000
03-16 13:54:39.044 D/OMX-VENC-720p( 9562): omx_venc: post_message 19
03-16 13:54:39.044 D/OMX-VENC-720p( 9562): OMX_COMPONENT_GENERATE_ETB_OPQ
03-16 13:54:39.044 D/OMX-VENC-720p( 9562): ETBProxyOpaque: buffer[0xb5b40fe8]
03-16 13:54:39.044 D/OMX-VENC-720p( 9562): In Convert and queue Meta Buffer
03-16 13:54:39.046 D/OMX-VENC-720p( 9562): Color convert status 0
03-16 13:54:39.046 D/OMX-VENC-720p( 9562): Status of getbuffer is 0
03-16 13:54:39.046 D/OMX-VENC-720p( 9562): Buffer header 0xb589b500 Filled len size 921600
03-16 13:54:39.046 D/OMX-VENC-720p( 9562): venc_use_buf:: pmem_tmp = 0xaf6f8d80
03-16 13:54:39.046 D/OMX-VENC-720p( 9562): VIDIOC_PREPARE_BUF Failed
03-16 13:54:39.046 D/OMX-VENC-720p( 9562): ETBProxy: buffer->pBuffer[0xa8a7b000]
03-16 13:54:39.046 D/OMX-VENC-720p( 9562): ETB (color-converted) fd = 140, size = 921600
03-16 13:54:39.046 D/OMX-VENC-720p( 9562): Input buffer length 921600
03-16 13:54:39.046 D/OMX-VENC-720p( 9562): venc_empty_buf: Opaque non-camera buf: fd = 140 : filled 921600 of 925696
03-16 13:54:39.046 D/OMX-VENC-720p( 9562): pdest_frame pop address is 0xb589b550
03-16 13:54:39.046 D/OMX-VENC-720p( 9562): exited the while loop
03-16 13:54:39.048 E/mm-camera-CORE(  338): af_set_parameters: Setting parameter: 27
03-16 13:54:39.048 E/mm-camera-CORE(  338): af_set_parameters: param=0xb25dc310 af_obj=0xb27fb000, type =27
03-16 13:54:39.049 D/mm-camera-intf( 9562): mm_stream_read_msm_frame: VIDIOC_DQBUF buf_index 5, frame_idx 6, stream type 7
03-16 13:54:39.049 D/QCamera2HWI( 9562): static void qcamera::QCamera2HardwareInterface::metadata_stream_cb_routine(mm_camera_super_buf_t*, qcamera::QCameraStream*, void*): hdr_scene_data: 1 2 0.000000
03-16 13:54:39.049 E/QCamera2HWI( 9562): static void qcamera::QCamera2HardwareInterface::metadata_stream_cb_routine(mm_camera_super_buf_t*, qcamera::QCameraStream*, void*),asd_valid:0 scene:0x20
03-16 13:54:39.049 E/QCamera2HWI( 9562): int32_t qcamera::QCamera2HardwareInterface::processHDRData(cam_asd_hdr_scene_data_t) : hdr_scene_data: processHDRData: 0x20 0.000000
03-16 13:54:39.049 E/QCamera2HWI( 9562): static void qcamera::QCamera2HardwareInterface::metadata_stream_cb_routine(mm_camera_super_buf_t*, qcamera::QCameraStream*, void*), pme->mFlashNeeded 0, pme->mExpTime 0.035801, pme->mISOValue 400
03-16 13:54:39.049 D/QCamera2HWI( 9562): static void qcamera::QCamera2HardwareInterface::metadata_stream_cb_routine(mm_camera_super_buf_t*, qcamera::QCameraStream*, void*), metadata for awb params.
03-16 13:54:39.049 D/QCamera2HWI( 9562): int32_t qcamera::QCamera2HardwareInterface::transAwbMetaToParams(cam_awb_params_t&), cct value: 5225
03-16 13:54:39.049 D/QCameraParameters( 9562): update current cct value. old:5075, now:5225
03-16 13:54:39.051 D/PanelView(10500): non keyguard-shade mode, notify panel expansion change normally
03-16 13:54:39.051 D/GLStaticBlurView(10500):  blurUnderMeRect
03-16 13:54:39.051 D/PanelView(10500): non keyguard-shade mode, notify panel expansion change normally
03-16 13:54:39.051 E/mm-camera(  338): isp_save_aec_param:1315] sessionid = 2 bracket state 0
03-16 13:54:39.051 E/mm-camera(  338): isp_save_aec_param:1341] gain 312.947601 lux 4.085938
03-16 13:54:39.051 E/mm-camera(  338): port_isp_module_event: received AWB update event, identity = 0x20002
03-16 13:54:39.051 E/mm-camera(  338): isp_set_awb_trigger_update:894] sessionid = 2 bracket state 0
03-16 13:54:39.051 E/mm-camera(  338): isp_set_awb_trigger_update: session_id = 2, color_temp = 5225 gain 1.636516 1.000000 1.582803
03-16 13:54:39.053 D/OMX-VENC-720p( 9562): omx_venc::async_message_process- msgcode = 1
03-16 13:54:39.053 D/OMX-VENC-720p( 9562): venc_free_buf:pbuffer = a8a7b000,fd = 8c, offset = 0, maped_size = 925696
03-16 13:54:39.053 D/OMX-VENC-720p( 9562): Value of this pointer in post_event 0xb5b3f000
03-16 13:54:39.053 D/OMX-VENC-720p( 9562): omx_venc: post_message 8
03-16 13:54:39.053 D/OMX-VENC-720p( 9562): empty_buffer_done: buffer[0xb589b500]
03-16 13:54:39.053 D/OMX-VENC-720p( 9562): empty_buffer_done insert address is 0xb589b500
03-16 13:54:39.053 D/OMX-VENC-720p( 9562): exited the while loop
03-16 13:54:39.053 D/OMX-VENC-720p( 9562): omx_venc::async_message_process- msgcode = 2
03-16 13:54:39.053 D/OMX-VENC-720p( 9562): o/p TS = 1944686584
03-16 13:54:39.053 D/OMX-VENC-720p( 9562): Value of this pointer in post_event 0xb5b3f000
03-16 13:54:39.053 D/OMX-VENC-720p( 9562): omx_venc: post_message 12
03-16 13:54:39.053 D/OMX-VENC-720p( 9562): fill_buffer_done: buffer->pBuffer[0xa7fbf000], flags=0x0 size = 246
03-16 13:54:39.053 D/OMX-VENC-720p( 9562): exited the while loop
03-16 13:54:39.054 D/OMX-VENC-720p( 9562): FTB: buffer->pBuffer[0xa7fbf000]
03-16 13:54:39.054 D/OMX-VENC-720p( 9562): Value of this pointer in post_event 0xb5b3f000
03-16 13:54:39.054 D/OMX-VENC-720p( 9562): omx_venc: post_message 4
03-16 13:54:39.054 D/OMX-VENC-720p( 9562): FTBProxy: bufferAdd->pBuffer[0xa7fbf000]
03-16 13:54:39.054 D/OMX-VENC-720p( 9562): Shared PMEM addr for o/p PMEM UseBuf/AllocateBuf: 0xa7fbf000
03-16 13:54:39.054 D/OMX-VENC-720p( 9562): exited the while loop
03-16 13:54:39.061 D/OMX-VENC-720p( 9562): ETB: buffer = 0xb5b40fe8, buffer->pBuffer[0xb5b3f080]
03-16 13:54:39.061 D/OMX-VENC-720p( 9562): DBG: i/p nTimestamp = 1944703306
03-16 13:54:39.061 D/OMX-VENC-720p( 9562): Value of this pointer in post_event 0xb5b3f000
03-16 13:54:39.061 D/OMX-VENC-720p( 9562): omx_venc: post_message 19
03-16 13:54:39.061 D/OMX-VENC-720p( 9562): OMX_COMPONENT_GENERATE_ETB_OPQ
03-16 13:54:39.061 D/OMX-VENC-720p( 9562): ETBProxyOpaque: buffer[0xb5b40fe8]
03-16 13:54:39.061 D/OMX-VENC-720p( 9562): In Convert and queue Meta Buffer
03-16 13:54:39.062 D/OMX-VENC-720p( 9562): Color convert status 0
03-16 13:54:39.062 D/OMX-VENC-720p( 9562): Status of getbuffer is 0
03-16 13:54:39.062 D/OMX-VENC-720p( 9562): Buffer header 0xb589b550 Filled len size 921600
03-16 13:54:39.062 D/OMX-VENC-720p( 9562): venc_use_buf:: pmem_tmp = 0xaf6f8d90
03-16 13:54:39.063 D/OMX-VENC-720p( 9562): VIDIOC_PREPARE_BUF Failed
03-16 13:54:39.063 D/OMX-VENC-720p( 9562): ETBProxy: buffer->pBuffer[0xa5aac000]
03-16 13:54:39.063 D/OMX-VENC-720p( 9562): ETB (color-converted) fd = 146, size = 921600
03-16 13:54:39.063 D/OMX-VENC-720p( 9562): Input buffer length 921600
03-16 13:54:39.063 D/OMX-VENC-720p( 9562): venc_empty_buf: Opaque non-camera buf: fd = 146 : filled 921600 of 925696
03-16 13:54:39.063 D/OMX-VENC-720p( 9562): pdest_frame pop address is 0xb589b5a0
03-16 13:54:39.063 D/OMX-VENC-720p( 9562): exited the while loop
