--------- beginning of system
03-16 13:54:11.235 E/SambaClientConnector( 9790): Communications error: java.io.IOException: No such file or directory
03-16 13:54:11.236 E/SambaConnector( 9790): Communications error: java.io.IOException: No such file or directory
03-16 13:54:11.236 E/SambaClientConnector( 9790): Error in NativeDaemonConnector: java.io.IOException: No such file or directory
03-16 13:54:11.237 E/SambaConnector( 9790): Error in NativeDaemonConnector: java.io.IOException: No such file or directory
03-16 13:54:11.238 E/flymed_connector( 9790): Communications error: java.io.IOException: No such file or directory
03-16 13:54:11.238 E/flymed_connector( 9790): Error in NativeDaemonConnector: java.io.IOException: No such file or directory
--------- beginning of main
03-16 13:54:12.717 D/wpa_supplicant(10810): wlan0: Control interface command 'SIGNAL_POLL'
03-16 13:54:15.735 D/wpa_supplicant(10810): wlan0: Control interface command 'SIGNAL_POLL'
03-16 13:54:16.238 E/SambaClientConnector( 9790): Communications error: java.io.IOException: No such file or directory
03-16 13:54:16.238 E/SambaConnector( 9790): Communications error: java.io.IOException: No such file or directory
03-16 13:54:16.239 E/SambaConnector( 9790): Error in NativeDaemonConnector: java.io.IOException: No such file or directory
03-16 13:54:16.240 E/flymed_connector( 9790): Communications error: java.io.IOException: No such file or directory
03-16 13:54:16.240 E/flymed_connector( 9790): Error in NativeDaemonConnector: java.io.IOException: No such file or directory
03-16 13:54:16.241 E/SambaClientConnector( 9790): Error in NativeDaemonConnector: java.io.IOException: No such file or directory
03-16 13:54:18.755 D/wpa_supplicant(10810): wlan0: Control interface command 'SIGNAL_POLL'
03-16 13:54:21.241 E/SambaConnector( 9790): Communications error: java.io.IOException: No such file or directory
03-16 13:54:21.241 E/flymed_connector( 9790): Communications error: java.io.IOException: No such file or directory
03-16 13:54:21.241 E/flymed_connector( 9790): Error in NativeDaemonConnector: java.io.IOException: No such file or directory
03-16 13:54:21.241 E/SambaConnector( 9790): Error in NativeDaemonConnector: java.io.IOException: No such file or directory
03-16 13:54:21.242 E/SambaClientConnector( 9790): Communications error: java.io.IOException: No such file or directory
03-16 13:54:21.242 E/SambaClientConnector( 9790): Error in NativeDaemonConnector: java.io.IOException: No such file or directory
03-16 13:54:21.775 D/wpa_supplicant(10810): wlan0: Control interface command 'SIGNAL_POLL'
03-16 13:54:24.794 D/wpa_supplicant(10810): wlan0: Control interface command 'SIGNAL_POLL'
03-16 13:54:26.243 E/flymed_connector( 9790): Communications error: java.io.IOException: No such file or directory
03-16 13:54:26.243 E/SambaConnector( 9790): Communications error: java.io.IOException: No such file or directory
03-16 13:54:26.244 E/flymed_connector( 9790): Error in NativeDaemonConnector: java.io.IOException: No such file or directory
03-16 13:54:26.244 E/SambaConnector( 9790): Error in NativeDaemonConnector: java.io.IOException: No such file or directory
03-16 13:54:26.245 E/SambaClientConnector( 9790): Communications error: java.io.IOException: No such file or directory
03-16 13:54:26.246 E/SambaClientConnector( 9790): Error in NativeDaemonConnector: java.io.IOException: No such file or directory
03-16 13:54:27.716 D/PowerBroadcastCenter(15895): receive intent: android.intent.action.BATTERY_CHANGED
03-16 13:54:27.716 D/HeadsetStateMachine(16129): Disconnected process message: 10, size: 0
03-16 13:54:27.716 D/FlymeBatteryMeterView(10500): hashCode=666048932,level=48,pluggedIn=true,status=2
03-16 13:54:27.716 D/FlymeBatteryMeterView(10500): hashCode=972067262,level=48,pluggedIn=true,status=2
03-16 13:54:27.716 D/FlymeBatteryMeterView(10500): hashCode=784998943,level=48,pluggedIn=true,status=2
03-16 13:54:27.720 D/charger_monitor(  499): vin current 4300000
03-16 13:54:27.726 D/HeadsetStateMachine(16129): Disconnected process message: 10, size: 0
03-16 13:54:27.728 D/PowerCutOffAwakenAppManager(15895): receive intent: android.intent.action.BATTERY_CHANGED
03-16 13:54:27.728 D/PowerErrorReport(15895): receive intent: android.intent.action.BATTERY_CHANGED
03-16 13:54:27.731 D/PowerBroadcastCenter(15895): receive intent: android.intent.action.BATTERY_CHANGED
03-16 13:54:27.732 D/FlymeBatteryMeterView(10500): hashCode=666048932,level=48,pluggedIn=true,status=2
03-16 13:54:27.732 D/FlymeBatteryMeterView(10500): hashCode=972067262,level=48,pluggedIn=true,status=2
03-16 13:54:27.732 D/FlymeBatteryMeterView(10500): hashCode=784998943,level=48,pluggedIn=true,status=2
03-16 13:54:27.733 D/PowerExceptionManager(15895): is isPlugged
03-16 13:54:27.736 D/PowerCutOffAwakenAppManager(15895): receive intent: android.intent.action.BATTERY_CHANGED
03-16 13:54:27.737 D/PowerExceptionManager(15895): is isPlugged
03-16 13:54:27.737 D/PowerErrorReport(15895): receive intent: android.intent.action.BATTERY_CHANGED
03-16 13:54:27.748 D/OMX-VENC-720p( 9562): ETB: buffer = 0xb5b40fe8, buffer->pBuffer[0xb5b3f080]
03-16 13:54:27.748 D/OMX-VENC-720p( 9562): DBG: i/p nTimestamp = 1933391442
03-16 13:54:27.748 D/OMX-VENC-720p( 9562): Value of this pointer in post_event 0xb5b3f000
03-16 13:54:27.748 D/OMX-VENC-720p( 9562): omx_venc: post_message 19
03-16 13:54:27.748 D/OMX-VENC-720p( 9562): OMX_COMPONENT_GENERATE_ETB_OPQ
03-16 13:54:27.748 D/OMX-VENC-720p( 9562): ETBProxyOpaque: buffer[0xb5b40fe8]
03-16 13:54:27.748 D/OMX-VENC-720p( 9562): In Convert and queue Meta Buffer
03-16 13:54:27.749 D/OMX-VENC-720p( 9562): Color convert status 0
03-16 13:54:27.749 D/OMX-VENC-720p( 9562): Status of getbuffer is 0
03-16 13:54:27.749 D/OMX-VENC-720p( 9562): Buffer header 0xb589b500 Filled len size 921600
03-16 13:54:27.749 D/OMX-VENC-720p( 9562): venc_use_buf:: pmem_tmp = 0xaf6f8d80
03-16 13:54:27.749 D/OMX-VENC-720p( 9562): VIDIOC_PREPARE_BUF Failed
03-16 13:54:27.750 D/OMX-VENC-720p( 9562): ETBProxy: buffer->pBuffer[0xa8a7b000]
03-16 13:54:27.750 D/OMX-VENC-720p( 9562): ETB (color-converted) fd = 140, size = 921600
03-16 13:54:27.750 D/OMX-VENC-720p( 9562): Input buffer length 921600
03-16 13:54:27.750 D/OMX-VENC-720p( 9562): venc_empty_buf: Opaque non-camera buf: fd = 140 : filled 921600 of 925696
03-16 13:54:27.759 D/OMX-VENC-720p( 9562): pdest_frame pop address is 0xb589b550
03-16 13:54:27.759 D/OMX-VENC-720p( 9562): exited the while loop
03-16 13:54:27.764 D/OMX-VENC-720p( 9562): omx_venc::async_message_process- msgcode = 1
03-16 13:54:27.764 D/OMX-VENC-720p( 9562): venc_free_buf:pbuffer = a8a7b000,fd = 8c, offset = 0, maped_size = 925696
03-16 13:54:27.764 D/OMX-VENC-720p( 9562): Value of this pointer in post_event 0xb5b3f000
03-16 13:54:27.764 D/OMX-VENC-720p( 9562): omx_venc: post_message 8
03-16 13:54:27.764 D/OMX-VENC-720p( 9562): ETB: buffer = 0xb5b40fe8, buffer->pBuffer[0xb5b3f080]
03-16 13:54:27.764 D/OMX-VENC-720p( 9562): DBG: i/p nTimestamp = 1933407856
03-16 13:54:27.764 D/OMX-VENC-720p( 9562): Value of this pointer in post_event 0xb5b3f000
03-16 13:54:27.764 D/OMX-VENC-720p( 9562): omx_venc::async_message_process- msgcode = 2
03-16 13:54:27.764 D/OMX-VENC-720p( 9562): omx_venc: post_message 19
03-16 13:54:27.764 D/OMX-VENC-720p( 9562): o/p TS = 1933391442
03-16 13:54:27.764 D/OMX-VENC-720p( 9562): Value of this pointer in post_event 0xb5b3f000
03-16 13:54:27.764 D/OMX-VENC-720p( 9562): omx_venc: post_message 12
03-16 13:54:27.764 D/OMX-VENC-720p( 9562): OMX_COMPONENT_GENERATE_ETB_OPQ
03-16 13:54:27.764 D/OMX-VENC-720p( 9562): ETBProxyOpaque: buffer[0xb5b40fe8]
03-16 13:54:27.764 D/OMX-VENC-720p( 9562): In Convert and queue Meta Buffer
03-16 13:54:27.769 D/OMX-VENC-720p( 9562): Color convert status 0
03-16 13:54:27.769 D/OMX-VENC-720p( 9562): Status of getbuffer is 0
03-16 13:54:27.769 D/OMX-VENC-720p( 9562): Buffer header 0xb589b550 Filled len size 921600
03-16 13:54:27.770 D/OMX-VENC-720p( 9562): venc_use_buf:: pmem_tmp = 0xaf6f8d90
03-16 13:54:27.770 D/OMX-VENC-720p( 9562): VIDIOC_PREPARE_BUF Failed
03-16 13:54:27.770 D/OMX-VENC-720p( 9562): ETBProxy: buffer->pBuffer[0xa5aac000]
03-16 13:54:27.770 D/OMX-VENC-720p( 9562): ETB (color-converted) fd = 146, size = 921600
03-16 13:54:27.770 D/OMX-VENC-720p( 9562): Input buffer length 921600
03-16 13:54:27.770 D/OMX-VENC-720p( 9562): venc_empty_buf: Opaque non-camera buf: fd = 146 : filled 921600 of 925696
03-16 13:54:27.770 D/OMX-VENC-720p( 9562): pdest_frame pop address is 0xb589b5a0
03-16 13:54:27.770 D/OMX-VENC-720p( 9562): fill_buffer_done: buffer->pBuffer[0xa7fbf000], flags=0x0 size = 195
03-16 13:54:27.770 D/OMX-VENC-720p( 9562): empty_buffer_done: buffer[0xb589b500]
03-16 13:54:27.770 D/OMX-VENC-720p( 9562): empty_buffer_done insert address is 0xb589b500
03-16 13:54:27.770 D/OMX-VENC-720p( 9562): exited the while loop
03-16 13:54:27.771 D/OMX-VENC-720p( 9562): exited the while loop
03-16 13:54:27.771 D/OMX-VENC-720p( 9562): exited the while loop
03-16 13:54:27.773 D/OMX-VENC-720p( 9562): FTB: buffer->pBuffer[0xa7fbf000]
03-16 13:54:27.773 D/OMX-VENC-720p( 9562): Value of this pointer in post_event 0xb5b3f000
03-16 13:54:27.773 D/OMX-VENC-720p( 9562): omx_venc: post_message 4
03-16 13:54:27.773 D/OMX-VENC-720p( 9562): FTBProxy: bufferAdd->pBuffer[0xa7fbf000]
03-16 13:54:27.773 D/OMX-VENC-720p( 9562): Shared PMEM addr for o/p PMEM UseBuf/AllocateBuf: 0xa7fbf000
03-16 13:54:27.773 D/OMX-VENC-720p( 9562): exited the while loop
03-16 13:54:27.777 D/OMX-VENC-720p( 9562): omx_venc::async_message_process- msgcode = 1
03-16 13:54:27.777 D/OMX-VENC-720p( 9562): venc_free_buf:pbuffer = a5aac000,fd = 92, offset = 0, maped_size = 925696
03-16 13:54:27.778 D/OMX-VENC-720p( 9562): Value of this pointer in post_event 0xb5b3f000
03-16 13:54:27.778 D/OMX-VENC-720p( 9562): omx_venc: post_message 8
03-16 13:54:27.778 D/OMX-VENC-720p( 9562): omx_venc::async_message_process- msgcode = 2
03-16 13:54:27.778 D/OMX-VENC-720p( 9562): o/p TS = 1933407856
03-16 13:54:27.778 D/OMX-VENC-720p( 9562): Value of this pointer in post_event 0xb5b3f000
03-16 13:54:27.778 D/OMX-VENC-720p( 9562): omx_venc: post_message 12
03-16 13:54:27.778 D/OMX-VENC-720p( 9562): fill_buffer_done: buffer->pBuffer[0xa4cde000], flags=0x0 size = 195
03-16 13:54:27.778 D/OMX-VENC-720p( 9562): empty_buffer_done: buffer[0xb589b550]
03-16 13:54:27.779 D/OMX-VENC-720p( 9562): empty_buffer_done insert address is 0xb589b550
03-16 13:54:27.779 D/OMX-VENC-720p( 9562): exited the while loop
03-16 13:54:27.779 D/OMX-VENC-720p( 9562): exited the while loop
03-16 13:54:27.781 D/OMX-VENC-720p( 9562): FTB: buffer->pBuffer[0xa4cde000]
03-16 13:54:27.781 D/OMX-VENC-720p( 9562): Value of this pointer in post_event 0xb5b3f000
03-16 13:54:27.781 D/OMX-VENC-720p( 9562): omx_venc: post_message 4
03-16 13:54:27.781 D/OMX-VENC-720p( 9562): FTBProxy: bufferAdd->pBuffer[0xa4cde000]
03-16 13:54:27.781 D/OMX-VENC-720p( 9562): Shared PMEM addr for o/p PMEM UseBuf/AllocateBuf: 0xa4cde000
03-16 13:54:27.781 D/OMX-VENC-720p( 9562): exited the while loop
03-16 13:54:27.797 D/OMX-VENC-720p( 9562): ETB: buffer = 0xb5b40fe8, buffer->pBuffer[0xb5b3f080]
03-16 13:54:27.797 D/OMX-VENC-720p( 9562): DBG: i/p nTimestamp = 1933440856
03-16 13:54:27.797 D/OMX-VENC-720p( 9562): Value of this pointer in post_event 0xb5b3f000
03-16 13:54:27.797 D/OMX-VENC-720p( 9562): omx_venc: post_message 19
03-16 13:54:27.797 D/OMX-VENC-720p( 9562): OMX_COMPONENT_GENERATE_ETB_OPQ
03-16 13:54:27.797 D/OMX-VENC-720p( 9562): ETBProxyOpaque: buffer[0xb5b40fe8]
03-16 13:54:27.798 D/OMX-VENC-720p( 9562): In Convert and queue Meta Buffer
03-16 13:54:27.799 D/OMX-VENC-720p( 9562): Color convert status 0
03-16 13:54:27.799 D/OMX-VENC-720p( 9562): Status of getbuffer is 0
03-16 13:54:27.799 D/OMX-VENC-720p( 9562): Buffer header 0xb589b5a0 Filled len size 921600
03-16 13:54:27.800 D/OMX-VENC-720p( 9562): venc_use_buf:: pmem_tmp = 0xaf6f8da0
03-16 13:54:27.800 D/OMX-VENC-720p( 9562): VIDIOC_PREPARE_BUF Failed
03-16 13:54:27.800 D/OMX-VENC-720p( 9562): ETBProxy: buffer->pBuffer[0xa55ac000]
03-16 13:54:27.800 D/OMX-VENC-720p( 9562): ETB (color-converted) fd = 149, size = 921600
03-16 13:54:27.800 D/OMX-VENC-720p( 9562): Input buffer length 921600
03-16 13:54:27.800 D/OMX-VENC-720p( 9562): venc_empty_buf: Opaque non-camera buf: fd = 149 : filled 921600 of 925696
03-16 13:54:27.800 D/OMX-VENC-720p( 9562): pdest_frame pop address is 0xb589b5f0
03-16 13:54:27.800 D/OMX-VENC-720p( 9562): exited the while loop
03-16 13:54:27.807 D/OMX-VENC-720p( 9562): omx_venc::async_message_process- msgcode = 1
03-16 13:54:27.807 D/OMX-VENC-720p( 9562): venc_free_buf:pbuffer = a55ac000,fd = 95, offset = 0, maped_size = 925696
03-16 13:54:27.807 D/OMX-VENC-720p( 9562): Value of this pointer in post_event 0xb5b3f000
03-16 13:54:27.807 D/OMX-VENC-720p( 9562): omx_venc: post_message 8
03-16 13:54:27.807 D/OMX-VENC-720p( 9562): omx_venc::async_message_process- msgcode = 2
03-16 13:54:27.807 D/OMX-VENC-720p( 9562): empty_buffer_done: buffer[0xb589b5a0]
03-16 13:54:27.807 D/OMX-VENC-720p( 9562): empty_buffer_done insert address is 0xb589b5a0
03-16 13:54:27.807 D/OMX-VENC-720p( 9562): o/p TS = 1933440856
03-16 13:54:27.807 D/OMX-VENC-720p( 9562): exited the while loop
03-16 13:54:27.807 D/OMX-VENC-720p( 9562): Value of this pointer in post_event 0xb5b3f000
03-16 13:54:27.807 D/OMX-VENC-720p( 9562): omx_venc: post_message 12
03-16 13:54:27.807 D/OMX-VENC-720p( 9562): fill_buffer_done: buffer->pBuffer[0xa7fbf000], flags=0x0 size = 195
03-16 13:54:27.808 D/OMX-VENC-720p( 9562): exited the while loop
03-16 13:54:27.808 D/wpa_supplicant(10810): wlan0: Control interface command 'SIGNAL_POLL'
03-16 13:54:27.809 D/OMX-VENC-720p( 9562): FTB: buffer->pBuffer[0xa7fbf000]
03-16 13:54:27.809 D/OMX-VENC-720p( 9562): Value of this pointer in post_event 0xb5b3f000
03-16 13:54:27.809 D/OMX-VENC-720p( 9562): omx_venc: post_message 4
03-16 13:54:27.809 D/OMX-VENC-720p( 9562): FTBProxy: bufferAdd->pBuffer[0xa7fbf000]
03-16 13:54:27.809 D/OMX-VENC-720p( 9562): Shared PMEM addr for o/p PMEM UseBuf/AllocateBuf: 0xa7fbf000
03-16 13:54:27.809 D/OMX-VENC-720p( 9562): exited the while loop
03-16 13:54:27.831 D/OMX-VENC-720p( 9562): ETB: buffer = 0xb5b40fe8, buffer->pBuffer[0xb5b3f080]
03-16 13:54:27.831 D/OMX-VENC-720p( 9562): DBG: i/p nTimestamp = 1933473856
03-16 13:54:27.831 D/OMX-VENC-720p( 9562): Value of this pointer in post_event 0xb5b3f000
03-16 13:54:27.831 D/OMX-VENC-720p( 9562): omx_venc: post_message 19
03-16 13:54:27.831 D/OMX-VENC-720p( 9562): OMX_COMPONENT_GENERATE_ETB_OPQ
03-16 13:54:27.831 D/OMX-VENC-720p( 9562): ETBProxyOpaque: buffer[0xb5b40fe8]
03-16 13:54:27.831 D/OMX-VENC-720p( 9562): In Convert and queue Meta Buffer
03-16 13:54:27.832 D/OMX-VENC-720p( 9562): Color convert status 0
03-16 13:54:27.832 D/OMX-VENC-720p( 9562): Status of getbuffer is 0
03-16 13:54:27.832 D/OMX-VENC-720p( 9562): Buffer header 0xb589b5f0 Filled len size 921600
03-16 13:54:27.832 D/OMX-VENC-720p( 9562): venc_use_buf:: pmem_tmp = 0xaf6f8db0
03-16 13:54:27.832 D/OMX-VENC-720p( 9562): VIDIOC_PREPARE_BUF Failed
03-16 13:54:27.832 D/OMX-VENC-720p( 9562): ETBProxy: buffer->pBuffer[0xa54ca000]
03-16 13:54:27.832 D/OMX-VENC-720p( 9562): ETB (color-converted) fd = 152, size = 921600
03-16 13:54:27.832 D/OMX-VENC-720p( 9562): Input buffer length 921600
03-16 13:54:27.832 D/OMX-VENC-720p( 9562): venc_empty_buf: Opaque non-camera buf: fd = 152 : filled 921600 of 925696
03-16 13:54:27.833 D/OMX-VENC-720p( 9562): pdest_frame pop address is 0xb589b640
03-16 13:54:27.833 D/OMX-VENC-720p( 9562): exited the while loop
03-16 13:54:27.840 D/OMX-VENC-720p( 9562): omx_venc::async_message_process- msgcode = 1
03-16 13:54:27.840 D/OMX-VENC-720p( 9562): venc_free_buf:pbuffer = a54ca000,fd = 98, offset = 0, maped_size = 925696
03-16 13:54:27.840 D/OMX-VENC-720p( 9562): Value of this pointer in post_event 0xb5b3f000
03-16 13:54:27.840 D/OMX-VENC-720p( 9562): omx_venc: post_message 8
03-16 13:54:27.840 D/OMX-VENC-720p( 9562): empty_buffer_done: buffer[0xb589b5f0]
03-16 13:54:27.840 D/OMX-VENC-720p( 9562): empty_buffer_done insert address is 0xb589b5f0
03-16 13:54:27.840 D/OMX-VENC-720p( 9562): exited the while loop
03-16 13:54:27.840 D/OMX-VENC-720p( 9562): omx_venc::async_message_process- msgcode = 2
03-16 13:54:27.840 D/OMX-VENC-720p( 9562): o/p TS = 1933473856
03-16 13:54:27.840 D/OMX-VENC-720p( 9562): Value of this pointer in post_event 0xb5b3f000
03-16 13:54:27.840 D/OMX-VENC-720p( 9562): omx_venc: post_message 12
03-16 13:54:27.840 D/OMX-VENC-720p( 9562): fill_buffer_done: buffer->pBuffer[0xa7fbf000], flags=0x0 size = 195
03-16 13:54:27.840 D/OMX-VENC-720p( 9562): exited the while loop
03-16 13:54:27.842 D/OMX-VENC-720p( 9562): FTB: buffer->pBuffer[0xa7fbf000]
03-16 13:54:27.842 D/OMX-VENC-720p( 9562): Value of this pointer in post_event 0xb5b3f000
03-16 13:54:27.842 D/OMX-VENC-720p( 9562): omx_venc: post_message 4
03-16 13:54:27.842 D/OMX-VENC-720p( 9562): FTBProxy: bufferAdd->pBuffer[0xa7fbf000]
03-16 13:54:27.842 D/OMX-VENC-720p( 9562): Shared PMEM addr for o/p PMEM UseBuf/AllocateBuf: 0xa7fbf000
03-16 13:54:27.842 D/OMX-VENC-720p( 9562): exited the while loop
03-16 13:54:27.864 D/OMX-VENC-720p( 9562): ETB: buffer = 0xb5b40fe8, buffer->pBuffer[0xb5b3f080]
03-16 13:54:27.864 D/OMX-VENC-720p( 9562): DBG: i/p nTimestamp = 1933506856
03-16 13:54:27.864 D/OMX-VENC-720p( 9562): Value of this pointer in post_event 0xb5b3f000
03-16 13:54:27.864 D/OMX-VENC-720p( 9562): omx_venc: post_message 19
03-16 13:54:27.864 D/OMX-VENC-720p( 9562): OMX_COMPONENT_GENERATE_ETB_OPQ
03-16 13:54:27.864 D/OMX-VENC-720p( 9562): ETBProxyOpaque: buffer[0xb5b40fe8]
03-16 13:54:27.864 D/OMX-VENC-720p( 9562): In Convert and queue Meta Buffer
03-16 13:54:27.866 D/OMX-VENC-720p( 9562): Color convert status 0
03-16 13:54:27.866 D/OMX-VENC-720p( 9562): Status of getbuffer is 0
03-16 13:54:27.866 D/OMX-VENC-720p( 9562): Buffer header 0xb589b640 Filled len size 921600
03-16 13:54:27.866 D/OMX-VENC-720p( 9562): venc_use_buf:: pmem_tmp = 0xaf6f8dc0
03-16 13:54:27.866 D/OMX-VENC-720p( 9562): VIDIOC_PREPARE_BUF Failed
03-16 13:54:27.866 D/OMX-VENC-720p( 9562): ETBProxy: buffer->pBuffer[0xa53e8000]
03-16 13:54:27.866 D/OMX-VENC-720p( 9562): ETB (color-converted) fd = 155, size = 921600
03-16 13:54:27.866 D/OMX-VENC-720p( 9562): Input buffer length 921600
03-16 13:54:27.866 D/OMX-VENC-720p( 9562): venc_empty_buf: Opaque non-camera buf: fd = 155 : filled 921600 of 925696
03-16 13:54:27.866 D/OMX-VENC-720p( 9562): pdest_frame pop address is 0xb589b500
03-16 13:54:27.866 D/OMX-VENC-720p( 9562): exited the while loop
03-16 13:54:27.873 D/OMX-VENC-720p( 9562): omx_venc::async_message_process- msgcode = 1
03-16 13:54:27.873 D/OMX-VENC-720p( 9562): venc_free_buf:pbuffer = a53e8000,fd = 9b, offset = 0, maped_size = 925696
03-16 13:54:27.873 D/OMX-VENC-720p( 9562): Value of this pointer in post_event 0xb5b3f000
03-16 13:54:27.873 D/OMX-VENC-720p( 9562): omx_venc: post_message 8
03-16 13:54:27.873 D/OMX-VENC-720p( 9562): omx_venc::async_message_process- msgcode = 2
03-16 13:54:27.873 D/OMX-VENC-720p( 9562): o/p TS = 1933506856
03-16 13:54:27.874 D/OMX-VENC-720p( 9562): Value of this pointer in post_event 0xb5b3f000
03-16 13:54:27.874 D/OMX-VENC-720p( 9562): omx_venc: post_message 12
03-16 13:54:27.874 D/OMX-VENC-720p( 9562): fill_buffer_done: buffer->pBuffer[0xa7fbf000], flags=0x0 size = 195
03-16 13:54:27.874 D/OMX-VENC-720p( 9562): empty_buffer_done: buffer[0xb589b640]
03-16 13:54:27.874 D/OMX-VENC-720p( 9562): empty_buffer_done insert address is 0xb589b640
03-16 13:54:27.874 D/OMX-VENC-720p( 9562): exited the while loop
03-16 13:54:27.874 D/OMX-VENC-720p( 9562): exited the while loop
03-16 13:54:27.875 D/OMX-VENC-720p( 9562): FTB: buffer->pBuffer[0xa7fbf000]
03-16 13:54:27.875 D/OMX-VENC-720p( 9562): Value of this pointer in post_event 0xb5b3f000
03-16 13:54:27.875 D/OMX-VENC-720p( 9562): omx_venc: post_message 4
03-16 13:54:27.875 D/OMX-VENC-720p( 9562): FTBProxy: bufferAdd->pBuffer[0xa7fbf000]
03-16 13:54:27.875 D/OMX-VENC-720p( 9562): Shared PMEM addr for o/p PMEM UseBuf/AllocateBuf: 0xa7fbf000
03-16 13:54:27.875 D/OMX-VENC-720p( 9562): exited the while loop
03-16 13:54:27.897 D/OMX-VENC-720p( 9562): ETB: buffer = 0xb5b40fe8, buffer->pBuffer[0xb5b3f080]
03-16 13:54:27.897 D/OMX-VENC-720p( 9562): DBG: i/p nTimestamp = 1933539856
03-16 13:54:27.897 D/OMX-VENC-720p( 9562): Value of this pointer in post_event 0xb5b3f000
03-16 13:54:27.897 D/OMX-VENC-720p( 9562): omx_venc: post_message 19
03-16 13:54:27.897 D/OMX-VENC-720p( 9562): OMX_COMPONENT_GENERATE_ETB_OPQ
03-16 13:54:27.897 D/OMX-VENC-720p( 9562): ETBProxyOpaque: buffer[0xb5b40fe8]
03-16 13:54:27.897 D/OMX-VENC-720p( 9562): In Convert and queue Meta Buffer
03-16 13:54:27.900 D/OMX-VENC-720p( 9562): Color convert status 0
03-16 13:54:27.900 D/OMX-VENC-720p( 9562): Status of getbuffer is 0
03-16 13:54:27.900 D/OMX-VENC-720p( 9562): Buffer header 0xb589b500 Filled len size 921600
03-16 13:54:27.900 D/OMX-VENC-720p( 9562): venc_use_buf:: pmem_tmp = 0xaf6f8d80
03-16 13:54:27.900 D/OMX-VENC-720p( 9562): VIDIOC_PREPARE_BUF Failed
03-16 13:54:27.901 D/OMX-VENC-720p( 9562): ETBProxy: buffer->pBuffer[0xa8a7b000]
03-16 13:54:27.901 D/OMX-VENC-720p( 9562): ETB (color-converted) fd = 140, size = 921600
03-16 13:54:27.901 D/OMX-VENC-720p( 9562): Input buffer length 921600
03-16 13:54:27.901 D/OMX-VENC-720p( 9562): venc_empty_buf: Opaque non-camera buf: fd = 140 : filled 921600 of 925696
03-16 13:54:27.901 D/OMX-VENC-720p( 9562): pdest_frame pop address is 0xb589b550
03-16 13:54:27.901 D/OMX-VENC-720p( 9562): exited the while loop
03-16 13:54:27.909 D/OMX-VENC-720p( 9562): omx_venc::async_message_process- msgcode = 2
03-16 13:54:27.909 D/OMX-VENC-720p( 9562): o/p TS = 1933539856
03-16 13:54:27.909 D/OMX-VENC-720p( 9562): Value of this pointer in post_event 0xb5b3f000
03-16 13:54:27.909 D/OMX-VENC-720p( 9562): omx_venc: post_message 12
03-16 13:54:27.909 D/OMX-VENC-720p( 9562): omx_venc::async_message_process- msgcode = 1
03-16 13:54:27.909 D/OMX-VENC-720p( 9562): venc_free_buf:pbuffer = a8a7b000,fd = 8c, offset = 0, maped_size = 925696
03-16 13:54:27.909 D/OMX-VENC-720p( 9562): Value of this pointer in post_event 0xb5b3f000
03-16 13:54:27.909 D/OMX-VENC-720p( 9562): omx_venc: post_message 8
03-16 13:54:27.909 D/OMX-VENC-720p( 9562): fill_buffer_done: buffer->pBuffer[0xa7fbf000], flags=0x0 size = 195
03-16 13:54:27.909 D/OMX-VENC-720p( 9562): empty_buffer_done: buffer[0xb589b500]
03-16 13:54:27.909 D/OMX-VENC-720p( 9562): empty_buffer_done insert address is 0xb589b500
03-16 13:54:27.909 D/OMX-VENC-720p( 9562): exited the while loop
03-16 13:54:27.910 D/OMX-VENC-720p( 9562): exited the while loop
03-16 13:54:27.916 D/OMX-VENC-720p( 9562): FTB: buffer->pBuffer[0xa7fbf000]
03-16 13:54:27.916 D/OMX-VENC-720p( 9562): Value of this pointer in post_event 0xb5b3f000
03-16 13:54:27.916 D/OMX-VENC-720p( 9562): omx_venc: post_message 4
03-16 13:54:27.916 D/OMX-VENC-720p( 9562): FTBProxy: bufferAdd->pBuffer[0xa7fbf000]
03-16 13:54:27.916 D/OMX-VENC-720p( 9562): Shared PMEM addr for o/p PMEM UseBuf/AllocateBuf: 0xa7fbf000
03-16 13:54:27.916 D/OMX-VENC-720p( 9562): exited the while loop
03-16 13:54:27.930 D/OMX-VENC-720p( 9562): ETB: buffer = 0xb5b40fe8, buffer->pBuffer[0xb5b3f080]
03-16 13:54:27.930 D/OMX-VENC-720p( 9562): DBG: i/p nTimestamp = 1933572856
03-16 13:54:27.930 D/OMX-VENC-720p( 9562): Value of this pointer in post_event 0xb5b3f000
03-16 13:54:27.930 D/OMX-VENC-720p( 9562): omx_venc: post_message 19
03-16 13:54:27.930 D/OMX-VENC-720p( 9562): OMX_COMPONENT_GENERATE_ETB_OPQ
03-16 13:54:27.930 D/OMX-VENC-720p( 9562): ETBProxyOpaque: buffer[0xb5b40fe8]
03-16 13:54:27.930 D/OMX-VENC-720p( 9562): In Convert and queue Meta Buffer
03-16 13:54:27.932 D/OMX-VENC-720p( 9562): Color convert status 0
03-16 13:54:27.932 D/OMX-VENC-720p( 9562): Status of getbuffer is 0
03-16 13:54:27.932 D/OMX-VENC-720p( 9562): Buffer header 0xb589b550 Filled len size 921600
03-16 13:54:27.932 D/OMX-VENC-720p( 9562): venc_use_buf:: pmem_tmp = 0xaf6f8d90
03-16 13:54:27.932 D/OMX-VENC-720p( 9562): VIDIOC_PREPARE_BUF Failed
03-16 13:54:27.932 D/OMX-VENC-720p( 9562): ETBProxy: buffer->pBuffer[0xa5aac000]
03-16 13:54:27.932 D/OMX-VENC-720p( 9562): ETB (color-converted) fd = 146, size = 921600
03-16 13:54:27.932 D/OMX-VENC-720p( 9562): Input buffer length 921600
03-16 13:54:27.932 D/OMX-VENC-720p( 9562): venc_empty_buf: Opaque non-camera buf: fd = 146 : filled 921600 of 925696
03-16 13:54:27.932 D/OMX-VENC-720p( 9562): pdest_frame pop address is 0xb589b5a0
03-16 13:54:27.932 D/OMX-VENC-720p( 9562): exited the while loop
03-16 13:54:27.940 D/OMX-VENC-720p( 9562): omx_venc::async_message_process- msgcode = 1
03-16 13:54:27.940 D/OMX-VENC-720p( 9562): venc_free_buf:pbuffer = a5aac000,fd = 92, offset = 0, maped_size = 925696
03-16 13:54:27.940 D/OMX-VENC-720p( 9562): Value of this pointer in post_event 0xb5b3f000
03-16 13:54:27.940 D/OMX-VENC-720p( 9562): omx_venc: post_message 8
03-16 13:54:27.940 D/OMX-VENC-720p( 9562): empty_buffer_done: buffer[0xb589b550]
03-16 13:54:27.940 D/OMX-VENC-720p( 9562): empty_buffer_done insert address is 0xb589b550
03-16 13:54:27.940 D/OMX-VENC-720p( 9562): exited the while loop
03-16 13:54:27.940 D/OMX-VENC-720p( 9562): omx_venc::async_message_process- msgcode = 2
03-16 13:54:27.940 D/OMX-VENC-720p( 9562): o/p TS = 1933572856
03-16 13:54:27.940 D/OMX-VENC-720p( 9562): Value of this pointer in post_event 0xb5b3f000
03-16 13:54:27.940 D/OMX-VENC-720p( 9562): omx_venc: post_message 12
03-16 13:54:27.940 D/OMX-VENC-720p( 9562): fill_buffer_done: buffer->pBuffer[0xa7fbf000], flags=0x0 size = 195
03-16 13:54:27.940 D/OMX-VENC-720p( 9562): exited the while loop
03-16 13:54:27.941 D/OMX-VENC-720p( 9562): FTB: buffer->pBuffer[0xa7fbf000]
03-16 13:54:27.941 D/OMX-VENC-720p( 9562): Value of this pointer in post_event 0xb5b3f000
03-16 13:54:27.941 D/OMX-VENC-720p( 9562): omx_venc: post_message 4
03-16 13:54:27.941 D/OMX-VENC-720p( 9562): FTBProxy: bufferAdd->pBuffer[0xa7fbf000]
03-16 13:54:27.941 D/OMX-VENC-720p( 9562): Shared PMEM addr for o/p PMEM UseBuf/AllocateBuf: 0xa7fbf000
03-16 13:54:27.941 D/OMX-VENC-720p( 9562): exited the while loop
03-16 13:54:27.964 D/OMX-VENC-720p( 9562): ETB: buffer = 0xb5b40fe8, buffer->pBuffer[0xb5b3f080]
03-16 13:54:27.964 D/OMX-VENC-720p( 9562): DBG: i/p nTimestamp = 1933605856
03-16 13:54:27.964 D/OMX-VENC-720p( 9562): Value of this pointer in post_event 0xb5b3f000
03-16 13:54:27.964 D/OMX-VENC-720p( 9562): omx_venc: post_message 19
03-16 13:54:27.964 D/OMX-VENC-720p( 9562): OMX_COMPONENT_GENERATE_ETB_OPQ
03-16 13:54:27.964 D/OMX-VENC-720p( 9562): ETBProxyOpaque: buffer[0xb5b40fe8]
03-16 13:54:27.964 D/OMX-VENC-720p( 9562): In Convert and queue Meta Buffer
03-16 13:54:27.968 D/OMX-VENC-720p( 9562): Color convert status 0
03-16 13:54:27.969 D/OMX-VENC-720p( 9562): Status of getbuffer is 0
03-16 13:54:27.969 D/OMX-VENC-720p( 9562): Buffer header 0xb589b5a0 Filled len size 921600
03-16 13:54:27.969 D/OMX-VENC-720p( 9562): venc_use_buf:: pmem_tmp = 0xaf6f8da0
03-16 13:54:27.969 D/OMX-VENC-720p( 9562): VIDIOC_PREPARE_BUF Failed
03-16 13:54:27.969 D/OMX-VENC-720p( 9562): ETBProxy: buffer->pBuffer[0xa55ac000]
03-16 13:54:27.969 D/OMX-VENC-720p( 9562): ETB (color-converted) fd = 149, size = 921600
03-16 13:54:27.969 D/OMX-VENC-720p( 9562): Input buffer length 921600
03-16 13:54:27.969 D/OMX-VENC-720p( 9562): venc_empty_buf: Opaque non-camera buf: fd = 149 : filled 921600 of 925696
03-16 13:54:27.969 D/OMX-VENC-720p( 9562): pdest_frame pop address is 0xb589b5f0
03-16 13:54:27.970 D/OMX-VENC-720p( 9562): exited the while loop
03-16 13:54:27.977 D/OMX-VENC-720p( 9562): omx_venc::async_message_process- msgcode = 1
03-16 13:54:27.977 D/OMX-VENC-720p( 9562): venc_free_buf:pbuffer = a55ac000,fd = 95, offset = 0, maped_size = 925696
03-16 13:54:27.977 D/OMX-VENC-720p( 9562): Value of this pointer in post_event 0xb5b3f000
03-16 13:54:27.977 D/OMX-VENC-720p( 9562): omx_venc: post_message 8
03-16 13:54:27.977 D/OMX-VENC-720p( 9562): omx_venc::async_message_process- msgcode = 2
03-16 13:54:27.977 D/OMX-VENC-720p( 9562): o/p TS = 1933605856
03-16 13:54:27.977 D/OMX-VENC-720p( 9562): Value of this pointer in post_event 0xb5b3f000
03-16 13:54:27.977 D/OMX-VENC-720p( 9562): omx_venc: post_message 12
03-16 13:54:27.977 D/OMX-VENC-720p( 9562): empty_buffer_done: buffer[0xb589b5a0]
03-16 13:54:27.977 D/OMX-VENC-720p( 9562): empty_buffer_done insert address is 0xb589b5a0
03-16 13:54:27.977 D/OMX-VENC-720p( 9562): fill_buffer_done: buffer->pBuffer[0xa7fbf000], flags=0x0 size = 195
03-16 13:54:27.977 D/OMX-VENC-720p( 9562): exited the while loop
03-16 13:54:27.978 D/OMX-VENC-720p( 9562): exited the while loop
03-16 13:54:27.979 D/OMX-VENC-720p( 9562): FTB: buffer->pBuffer[0xa7fbf000]
03-16 13:54:27.980 D/OMX-VENC-720p( 9562): Value of this pointer in post_event 0xb5b3f000
03-16 13:54:27.980 D/OMX-VENC-720p( 9562): omx_venc: post_message 4
03-16 13:54:27.980 D/OMX-VENC-720p( 9562): FTBProxy: bufferAdd->pBuffer[0xa7fbf000]
03-16 13:54:27.980 D/OMX-VENC-720p( 9562): Shared PMEM addr for o/p PMEM UseBuf/AllocateBuf: 0xa7fbf000
03-16 13:54:27.980 D/OMX-VENC-720p( 9562): exited the while loop
03-16 13:54:27.997 D/OMX-VENC-720p( 9562): ETB: buffer = 0xb5b40fe8, buffer->pBuffer[0xb5b3f080]
03-16 13:54:27.997 D/OMX-VENC-720p( 9562): DBG: i/p nTimestamp = 1933638856
03-16 13:54:27.997 D/OMX-VENC-720p( 9562): Value of this pointer in post_event 0xb5b3f000
03-16 13:54:27.997 D/OMX-VENC-720p( 9562): omx_venc: post_message 19
03-16 13:54:27.997 D/OMX-VENC-720p( 9562): OMX_COMPONENT_GENERATE_ETB_OPQ
03-16 13:54:27.997 D/OMX-VENC-720p( 9562): ETBProxyOpaque: buffer[0xb5b40fe8]
03-16 13:54:27.997 D/OMX-VENC-720p( 9562): In Convert and queue Meta Buffer
03-16 13:54:27.999 D/OMX-VENC-720p( 9562): Color convert status 0
03-16 13:54:27.999 D/OMX-VENC-720p( 9562): Status of getbuffer is 0
03-16 13:54:27.999 D/OMX-VENC-720p( 9562): Buffer header 0xb589b5f0 Filled len size 921600
03-16 13:54:27.999 D/OMX-VENC-720p( 9562): venc_use_buf:: pmem_tmp = 0xaf6f8db0
03-16 13:54:27.999 D/OMX-VENC-720p( 9562): VIDIOC_PREPARE_BUF Failed
03-16 13:54:27.999 D/OMX-VENC-720p( 9562): ETBProxy: buffer->pBuffer[0xa54ca000]
03-16 13:54:27.999 D/OMX-VENC-720p( 9562): ETB (color-converted) fd = 152, size = 921600
03-16 13:54:27.999 D/OMX-VENC-720p( 9562): Input buffer length 921600
03-16 13:54:27.999 D/OMX-VENC-720p( 9562): venc_empty_buf: Opaque non-camera buf: fd = 152 : filled 921600 of 925696
03-16 13:54:27.999 D/OMX-VENC-720p( 9562): pdest_frame pop address is 0xb589b640
03-16 13:54:27.999 D/OMX-VENC-720p( 9562): exited the while loop
03-16 13:54:28.006 D/OMX-VENC-720p( 9562): omx_venc::async_message_process- msgcode = 1
03-16 13:54:28.006 D/OMX-VENC-720p( 9562): venc_free_buf:pbuffer = a54ca000,fd = 98, offset = 0, maped_size = 925696
03-16 13:54:28.007 D/OMX-VENC-720p( 9562): Value of this pointer in post_event 0xb5b3f000
03-16 13:54:28.007 D/OMX-VENC-720p( 9562): omx_venc: post_message 8
03-16 13:54:28.007 D/OMX-VENC-720p( 9562): empty_buffer_done: buffer[0xb589b5f0]
03-16 13:54:28.007 D/OMX-VENC-720p( 9562): empty_buffer_done insert address is 0xb589b5f0
03-16 13:54:28.007 D/OMX-VENC-720p( 9562): exited the while loop
03-16 13:54:28.007 D/OMX-VENC-720p( 9562): omx_venc::async_message_process- msgcode = 2
03-16 13:54:28.007 D/OMX-VENC-720p( 9562): o/p TS = 1933638856
03-16 13:54:28.007 D/OMX-VENC-720p( 9562): Value of this pointer in post_event 0xb5b3f000
03-16 13:54:28.007 D/OMX-VENC-720p( 9562): omx_venc: post_message 12
03-16 13:54:28.007 D/OMX-VENC-720p( 9562): fill_buffer_done: buffer->pBuffer[0xa7fbf000], flags=0x0 size = 195
03-16 13:54:28.007 D/OMX-VENC-720p( 9562): exited the while loop
03-16 13:54:28.008 D/OMX-VENC-720p( 9562): FTB: buffer->pBuffer[0xa7fbf000]
03-16 13:54:28.008 D/OMX-VENC-720p( 9562): Value of this pointer in post_event 0xb5b3f000
03-16 13:54:28.009 D/OMX-VENC-720p( 9562): omx_venc: post_message 4
03-16 13:54:28.009 D/OMX-VENC-720p( 9562): FTBProxy: bufferAdd->pBuffer[0xa7fbf000]
03-16 13:54:28.009 D/OMX-VENC-720p( 9562): Shared PMEM addr for o/p PMEM UseBuf/AllocateBuf: 0xa7fbf000
03-16 13:54:28.009 D/OMX-VENC-720p( 9562): exited the while loop
03-16 13:54:28.030 D/OMX-VENC-720p( 9562): ETB: buffer = 0xb5b40fe8, buffer->pBuffer[0xb5b3f080]
03-16 13:54:28.031 D/OMX-VENC-720p( 9562): DBG: i/p nTimestamp = 1933671856
03-16 13:54:28.031 D/OMX-VENC-720p( 9562): Value of this pointer in post_event 0xb5b3f000
03-16 13:54:28.031 D/OMX-VENC-720p( 9562): omx_venc: post_message 19
03-16 13:54:28.031 D/OMX-VENC-720p( 9562): OMX_COMPONENT_GENERATE_ETB_OPQ
03-16 13:54:28.031 D/OMX-VENC-720p( 9562): ETBProxyOpaque: buffer[0xb5b40fe8]
03-16 13:54:28.031 D/OMX-VENC-720p( 9562): In Convert and queue Meta Buffer
03-16 13:54:28.033 D/OMX-VENC-720p( 9562): Color convert status 0
03-16 13:54:28.033 D/OMX-VENC-720p( 9562): Status of getbuffer is 0
03-16 13:54:28.033 D/OMX-VENC-720p( 9562): Buffer header 0xb589b640 Filled len size 921600
03-16 13:54:28.033 D/OMX-VENC-720p( 9562): venc_use_buf:: pmem_tmp = 0xaf6f8dc0
03-16 13:54:28.033 D/OMX-VENC-720p( 9562): VIDIOC_PREPARE_BUF Failed
03-16 13:54:28.033 D/OMX-VENC-720p( 9562): ETBProxy: buffer->pBuffer[0xa53e8000]
03-16 13:54:28.033 D/OMX-VENC-720p( 9562): ETB (color-converted) fd = 155, size = 921600
03-16 13:54:28.033 D/OMX-VENC-720p( 9562): Input buffer length 921600
03-16 13:54:28.033 D/OMX-VENC-720p( 9562): venc_empty_buf: Opaque non-camera buf: fd = 155 : filled 921600 of 925696
03-16 13:54:28.033 D/OMX-VENC-720p( 9562): pdest_frame pop address is 0xb589b500
03-16 13:54:28.033 D/OMX-VENC-720p( 9562): exited the while loop
03-16 13:54:28.041 D/OMX-VENC-720p( 9562): omx_venc::async_message_process- msgcode = 1
03-16 13:54:28.041 D/OMX-VENC-720p( 9562): venc_free_buf:pbuffer = a53e8000,fd = 9b, offset = 0, maped_size = 925696
03-16 13:54:28.041 D/OMX-VENC-720p( 9562): Value of this pointer in post_event 0xb5b3f000
03-16 13:54:28.041 D/OMX-VENC-720p( 9562): omx_venc: post_message 8
03-16 13:54:28.041 D/OMX-VENC-720p( 9562): omx_venc::async_message_process- msgcode = 2
03-16 13:54:28.041 D/OMX-VENC-720p( 9562): o/p TS = 1933671856
03-16 13:54:28.041 D/OMX-VENC-720p( 9562): Value of this pointer in post_event 0xb5b3f000
03-16 13:54:28.041 D/OMX-VENC-720p( 9562): omx_venc: post_message 12
03-16 13:54:28.041 D/OMX-VENC-720p( 9562): fill_buffer_done: buffer->pBuffer[0xa7fbf000], flags=0x0 size = 195
03-16 13:54:28.041 D/OMX-VENC-720p( 9562): empty_buffer_done: buffer[0xb589b640]
03-16 13:54:28.041 D/OMX-VENC-720p( 9562): empty_buffer_done insert address is 0xb589b640
03-16 13:54:28.041 D/OMX-VENC-720p( 9562): exited the while loop
03-16 13:54:28.042 D/OMX-VENC-720p( 9562): exited the while loop
03-16 13:54:28.043 D/OMX-VENC-720p( 9562): FTB: buffer->pBuffer[0xa7fbf000]
03-16 13:54:28.043 D/OMX-VENC-720p( 9562): Value of this pointer in post_event 0xb5b3f000
03-16 13:54:28.043 D/OMX-VENC-720p( 9562): omx_venc: post_message 4
03-16 13:54:28.043 D/OMX-VENC-720p( 9562): FTBProxy: bufferAdd->pBuffer[0xa7fbf000]
03-16 13:54:28.043 D/OMX-VENC-720p( 9562): Shared PMEM addr for o/p PMEM UseBuf/AllocateBuf: 0xa7fbf000
03-16 13:54:28.044 D/OMX-VENC-720p( 9562): exited the while loop
03-16 13:54:28.064 D/OMX-VENC-720p( 9562): ETB: buffer = 0xb5b40fe8, buffer->pBuffer[0xb5b3f080]
03-16 13:54:28.064 D/OMX-VENC-720p( 9562): DBG: i/p nTimestamp = 1933704856
03-16 13:54:28.064 D/OMX-VENC-720p( 9562): Value of this pointer in post_event 0xb5b3f000
03-16 13:54:28.064 D/OMX-VENC-720p( 9562): omx_venc: post_message 19
03-16 13:54:28.064 D/OMX-VENC-720p( 9562): OMX_COMPONENT_GENERATE_ETB_OPQ
03-16 13:54:28.064 D/OMX-VENC-720p( 9562): ETBProxyOpaque: buffer[0xb5b40fe8]
03-16 13:54:28.064 D/OMX-VENC-720p( 9562): In Convert and queue Meta Buffer
03-16 13:54:28.066 D/OMX-VENC-720p( 9562): Color convert status 0
03-16 13:54:28.066 D/OMX-VENC-720p( 9562): Status of getbuffer is 0
03-16 13:54:28.066 D/OMX-VENC-720p( 9562): Buffer header 0xb589b500 Filled len size 921600
03-16 13:54:28.066 D/OMX-VENC-720p( 9562): venc_use_buf:: pmem_tmp = 0xaf6f8d80
03-16 13:54:28.066 D/OMX-VENC-720p( 9562): VIDIOC_PREPARE_BUF Failed
03-16 13:54:28.066 D/OMX-VENC-720p( 9562): ETBProxy: buffer->pBuffer[0xa8a7b000]
03-16 13:54:28.066 D/OMX-VENC-720p( 9562): ETB (color-converted) fd = 140, size = 921600
03-16 13:54:28.066 D/OMX-VENC-720p( 9562): Input buffer length 921600
03-16 13:54:28.066 D/OMX-VENC-720p( 9562): venc_empty_buf: Opaque non-camera buf: fd = 140 : filled 921600 of 925696
03-16 13:54:28.066 D/OMX-VENC-720p( 9562): pdest_frame pop address is 0xb589b550
03-16 13:54:28.066 D/OMX-VENC-720p( 9562): exited the while loop
03-16 13:54:28.074 D/OMX-VENC-720p( 9562): omx_venc::async_message_process- msgcode = 1
03-16 13:54:28.074 D/OMX-VENC-720p( 9562): venc_free_buf:pbuffer = a8a7b000,fd = 8c, offset = 0, maped_size = 925696
03-16 13:54:28.074 D/OMX-VENC-720p( 9562): Value of this pointer in post_event 0xb5b3f000
03-16 13:54:28.074 D/OMX-VENC-720p( 9562): omx_venc: post_message 8
03-16 13:54:28.074 D/OMX-VENC-720p( 9562): empty_buffer_done: buffer[0xb589b500]
03-16 13:54:28.074 D/OMX-VENC-720p( 9562): empty_buffer_done insert address is 0xb589b500
03-16 13:54:28.074 D/OMX-VENC-720p( 9562): exited the while loop
03-16 13:54:28.074 D/OMX-VENC-720p( 9562): omx_venc::async_message_process- msgcode = 2
03-16 13:54:28.074 D/OMX-VENC-720p( 9562): o/p TS = 1933704856
03-16 13:54:28.074 D/OMX-VENC-720p( 9562): Value of this pointer in post_event 0xb5b3f000
03-16 13:54:28.074 D/OMX-VENC-720p( 9562): omx_venc: post_message 12
03-16 13:54:28.074 D/OMX-VENC-720p( 9562): fill_buffer_done: buffer->pBuffer[0xa7fbf000], flags=0x0 size = 195
03-16 13:54:28.074 D/OMX-VENC-720p( 9562): exited the while loop
03-16 13:54:28.077 D/OMX-VENC-720p( 9562): FTB: buffer->pBuffer[0xa7fbf000]
03-16 13:54:28.077 D/OMX-VENC-720p( 9562): Value of this pointer in post_event 0xb5b3f000
03-16 13:54:28.077 D/OMX-VENC-720p( 9562): omx_venc: post_message 4
03-16 13:54:28.077 D/OMX-VENC-720p( 9562): FTBProxy: bufferAdd->pBuffer[0xa7fbf000]
03-16 13:54:28.077 D/OMX-VENC-720p( 9562): Shared PMEM addr for o/p PMEM UseBuf/AllocateBuf: 0xa7fbf000
03-16 13:54:28.077 D/OMX-VENC-720p( 9562): exited the while loop
03-16 13:54:28.097 D/OMX-VENC-720p( 9562): ETB: buffer = 0xb5b40fe8, buffer->pBuffer[0xb5b3f080]
03-16 13:54:28.097 D/OMX-VENC-720p( 9562): DBG: i/p nTimestamp = 1933737856
03-16 13:54:28.097 D/OMX-VENC-720p( 9562): Value of this pointer in post_event 0xb5b3f000
03-16 13:54:28.097 D/OMX-VENC-720p( 9562): omx_venc: post_message 19
03-16 13:54:28.097 D/OMX-VENC-720p( 9562): OMX_COMPONENT_GENERATE_ETB_OPQ
03-16 13:54:28.098 D/OMX-VENC-720p( 9562): ETBProxyOpaque: buffer[0xb5b40fe8]
03-16 13:54:28.098 D/OMX-VENC-720p( 9562): In Convert and queue Meta Buffer
03-16 13:54:28.101 D/OMX-VENC-720p( 9562): Color convert status 0
03-16 13:54:28.101 D/OMX-VENC-720p( 9562): Status of getbuffer is 0
03-16 13:54:28.101 D/OMX-VENC-720p( 9562): Buffer header 0xb589b550 Filled len size 921600
03-16 13:54:28.101 D/OMX-VENC-720p( 9562): venc_use_buf:: pmem_tmp = 0xaf6f8d90
03-16 13:54:28.101 D/OMX-VENC-720p( 9562): VIDIOC_PREPARE_BUF Failed
03-16 13:54:28.101 D/OMX-VENC-720p( 9562): ETBProxy: buffer->pBuffer[0xa5aac000]
03-16 13:54:28.101 D/OMX-VENC-720p( 9562): ETB (color-converted) fd = 146, size = 921600
03-16 13:54:28.101 D/OMX-VENC-720p( 9562): Input buffer length 921600
03-16 13:54:28.102 D/OMX-VENC-720p( 9562): venc_empty_buf: Opaque non-camera buf: fd = 146 : filled 921600 of 925696
03-16 13:54:28.103 D/OMX-VENC-720p( 9562): pdest_frame pop address is 0xb589b5a0
03-16 13:54:28.103 D/OMX-VENC-720p( 9562): exited the while loop
03-16 13:54:28.109 D/OMX-VENC-720p( 9562): omx_venc::async_message_process- msgcode = 2
03-16 13:54:28.109 D/OMX-VENC-720p( 9562): o/p TS = 1933737856
03-16 13:54:28.109 D/OMX-VENC-720p( 9562): Value of this pointer in post_event 0xb5b3f000
03-16 13:54:28.110 D/OMX-VENC-720p( 9562): omx_venc: post_message 12
03-16 13:54:28.110 D/OMX-VENC-720p( 9562): fill_buffer_done: buffer->pBuffer[0xa7fbf000], flags=0x0 size = 195
03-16 13:54:28.110 D/OMX-VENC-720p( 9562): omx_venc::async_message_process- msgcode = 1
03-16 13:54:28.110 D/OMX-VENC-720p( 9562): venc_free_buf:pbuffer = a5aac000,fd = 92, offset = 0, maped_size = 925696
03-16 13:54:28.110 D/OMX-VENC-720p( 9562): exited the while loop
03-16 13:54:28.110 D/OMX-VENC-720p( 9562): Value of this pointer in post_event 0xb5b3f000
03-16 13:54:28.110 D/OMX-VENC-720p( 9562): omx_venc: post_message 8
03-16 13:54:28.111 D/OMX-VENC-720p( 9562): empty_buffer_done: buffer[0xb589b550]
03-16 13:54:28.112 D/OMX-VENC-720p( 9562): empty_buffer_done insert address is 0xb589b550
03-16 13:54:28.112 D/OMX-VENC-720p( 9562): exited the while loop
03-16 13:54:28.116 D/OMX-VENC-720p( 9562): FTB: buffer->pBuffer[0xa7fbf000]
03-16 13:54:28.116 D/OMX-VENC-720p( 9562): Value of this pointer in post_event 0xb5b3f000
03-16 13:54:28.117 D/OMX-VENC-720p( 9562): omx_venc: post_message 4
03-16 13:54:28.117 D/OMX-VENC-720p( 9562): FTBProxy: bufferAdd->pBuffer[0xa7fbf000]
03-16 13:54:28.117 D/OMX-VENC-720p( 9562): Shared PMEM addr for o/p PMEM UseBuf/AllocateBuf: 0xa7fbf000
03-16 13:54:28.117 D/OMX-VENC-720p( 9562): exited the while loop
03-16 13:54:29.782 D/OMX-VENC-720p( 9562): ETB: buffer = 0xb5b40fe8, buffer->pBuffer[0xb5b3f080]
03-16 13:54:29.782 D/OMX-VENC-720p( 9562): DBG: i/p nTimestamp = 1935425218
03-16 13:54:29.782 D/OMX-VENC-720p( 9562): Value of this pointer in post_event 0xb5b3f000
03-16 13:54:29.782 D/OMX-VENC-720p( 9562): omx_venc: post_message 19
03-16 13:54:29.783 D/OMX-VENC-720p( 9562): OMX_COMPONENT_GENERATE_ETB_OPQ
03-16 13:54:29.783 D/OMX-VENC-720p( 9562): ETBProxyOpaque: buffer[0xb5b40fe8]
03-16 13:54:29.783 D/OMX-VENC-720p( 9562): In Convert and queue Meta Buffer
03-16 13:54:29.789 D/OMX-VENC-720p( 9562): Color convert status 0
03-16 13:54:29.789 D/OMX-VENC-720p( 9562): Status of getbuffer is 0
03-16 13:54:29.790 D/OMX-VENC-720p( 9562): Buffer header 0xb589b5a0 Filled len size 921600
03-16 13:54:29.790 D/OMX-VENC-720p( 9562): venc_use_buf:: pmem_tmp = 0xaf6f8da0
03-16 13:54:29.790 D/OMX-VENC-720p( 9562): VIDIOC_PREPARE_BUF Failed
03-16 13:54:29.790 D/OMX-VENC-720p( 9562): ETBProxy: buffer->pBuffer[0xa55ac000]
03-16 13:54:29.790 D/OMX-VENC-720p( 9562): ETB (color-converted) fd = 149, size = 921600
03-16 13:54:29.790 D/OMX-VENC-720p( 9562): Input buffer length 921600
03-16 13:54:29.790 D/OMX-VENC-720p( 9562): venc_empty_buf: Opaque non-camera buf: fd = 149 : filled 921600 of 925696
03-16 13:54:29.792 D/OMX-VENC-720p( 9562): pdest_frame pop address is 0xb589b5f0
03-16 13:54:29.793 D/OMX-VENC-720p( 9562): exited the while loop
03-16 13:54:29.798 D/OMX-VENC-720p( 9562): omx_venc::async_message_process- msgcode = 2
03-16 13:54:29.798 D/OMX-VENC-720p( 9562): o/p TS = 1935425218
03-16 13:54:29.798 D/OMX-VENC-720p( 9562): Value of this pointer in post_event 0xb5b3f000
03-16 13:54:29.798 D/OMX-VENC-720p( 9562): omx_venc: post_message 12
03-16 13:54:29.799 D/OMX-VENC-720p( 9562): omx_venc::async_message_process- msgcode = 1
03-16 13:54:29.799 D/OMX-VENC-720p( 9562): venc_free_buf:pbuffer = a55ac000,fd = 95, offset = 0, maped_size = 925696
03-16 13:54:29.799 D/OMX-VENC-720p( 9562): Value of this pointer in post_event 0xb5b3f000
03-16 13:54:29.799 D/OMX-VENC-720p( 9562): omx_venc: post_message 8
03-16 13:54:29.800 D/OMX-VENC-720p( 9562): fill_buffer_done: buffer->pBuffer[0xa7fbf000], flags=0x0 size = 195
03-16 13:54:29.800 D/OMX-VENC-720p( 9562): empty_buffer_done: buffer[0xb589b5a0]
03-16 13:54:29.800 D/OMX-VENC-720p( 9562): empty_buffer_done insert address is 0xb589b5a0
03-16 13:54:29.800 D/OMX-VENC-720p( 9562): exited the while loop
03-16 13:54:29.800 D/OMX-VENC-720p( 9562): exited the while loop
03-16 13:54:29.806 D/OMX-VENC-720p( 9562): FTB: buffer->pBuffer[0xa7fbf000]
03-16 13:54:29.806 D/OMX-VENC-720p( 9562): Value of this pointer in post_event 0xb5b3f000
03-16 13:54:29.806 D/OMX-VENC-720p( 9562): omx_venc: post_message 4
03-16 13:54:29.806 D/OMX-VENC-720p( 9562): FTBProxy: bufferAdd->pBuffer[0xa7fbf000]
03-16 13:54:29.806 D/OMX-VENC-720p( 9562): Shared PMEM addr for o/p PMEM UseBuf/AllocateBuf: 0xa7fbf000
03-16 13:54:29.807 D/OMX-VENC-720p( 9562): exited the while loop
03-16 13:54:29.815 D/OMX-VENC-720p( 9562): ETB: buffer = 0xb5b40fe8, buffer->pBuffer[0xb5b3f080]
03-16 13:54:29.815 D/OMX-VENC-720p( 9562): DBG: i/p nTimestamp = 1935458218
03-16 13:54:29.815 D/OMX-VENC-720p( 9562): Value of this pointer in post_event 0xb5b3f000
03-16 13:54:29.815 D/OMX-VENC-720p( 9562): omx_venc: post_message 19
03-16 13:54:29.816 D/OMX-VENC-720p( 9562): OMX_COMPONENT_GENERATE_ETB_OPQ
03-16 13:54:29.816 D/OMX-VENC-720p( 9562): ETBProxyOpaque: buffer[0xb5b40fe8]
03-16 13:54:29.816 D/OMX-VENC-720p( 9562): In Convert and queue Meta Buffer
03-16 13:54:29.817 D/OMX-VENC-720p( 9562): Color convert status 0
03-16 13:54:29.818 D/OMX-VENC-720p( 9562): Status of getbuffer is 0
03-16 13:54:29.818 D/OMX-VENC-720p( 9562): Buffer header 0xb589b5f0 Filled len size 921600
03-16 13:54:29.818 D/OMX-VENC-720p( 9562): venc_use_buf:: pmem_tmp = 0xaf6f8db0
03-16 13:54:29.818 D/OMX-VENC-720p( 9562): VIDIOC_PREPARE_BUF Failed
03-16 13:54:29.818 D/OMX-VENC-720p( 9562): ETBProxy: buffer->pBuffer[0xa54ca000]
03-16 13:54:29.818 D/OMX-VENC-720p( 9562): ETB (color-converted) fd = 152, size = 921600
03-16 13:54:29.818 D/OMX-VENC-720p( 9562): Input buffer length 921600
03-16 13:54:29.818 D/OMX-VENC-720p( 9562): venc_empty_buf: Opaque non-camera buf: fd = 152 : filled 921600 of 925696
03-16 13:54:29.818 D/OMX-VENC-720p( 9562): pdest_frame pop address is 0xb589b640
03-16 13:54:29.818 D/OMX-VENC-720p( 9562): exited the while loop
03-16 13:54:29.825 D/OMX-VENC-720p( 9562): omx_venc::async_message_process- msgcode = 1
03-16 13:54:29.825 D/OMX-VENC-720p( 9562): venc_free_buf:pbuffer = a54ca000,fd = 98, offset = 0, maped_size = 925696
03-16 13:54:29.825 D/OMX-VENC-720p( 9562): Value of this pointer in post_event 0xb5b3f000
03-16 13:54:29.825 D/OMX-VENC-720p( 9562): omx_venc: post_message 8
03-16 13:54:29.825 D/OMX-VENC-720p( 9562): omx_venc::async_message_process- msgcode = 2
03-16 13:54:29.825 D/OMX-VENC-720p( 9562): o/p TS = 1935458218
03-16 13:54:29.825 D/OMX-VENC-720p( 9562): Value of this pointer in post_event 0xb5b3f000
03-16 13:54:29.825 D/OMX-VENC-720p( 9562): omx_venc: post_message 12
03-16 13:54:29.826 D/OMX-VENC-720p( 9562): fill_buffer_done: buffer->pBuffer[0xa7fbf000], flags=0x0 size = 195
03-16 13:54:29.826 D/OMX-VENC-720p( 9562): empty_buffer_done: buffer[0xb589b5f0]
03-16 13:54:29.826 D/OMX-VENC-720p( 9562): empty_buffer_done insert address is 0xb589b5f0
03-16 13:54:29.826 D/OMX-VENC-720p( 9562): exited the while loop
03-16 13:54:29.826 D/OMX-VENC-720p( 9562): exited the while loop
03-16 13:54:29.828 D/OMX-VENC-720p( 9562): FTB: buffer->pBuffer[0xa7fbf000]
03-16 13:54:29.828 D/OMX-VENC-720p( 9562): Value of this pointer in post_event 0xb5b3f000
03-16 13:54:29.828 D/OMX-VENC-720p( 9562): omx_venc: post_message 4
03-16 13:54:29.828 D/OMX-VENC-720p( 9562): FTBProxy: bufferAdd->pBuffer[0xa7fbf000]
03-16 13:54:29.828 D/OMX-VENC-720p( 9562): Shared PMEM addr for o/p PMEM UseBuf/AllocateBuf: 0xa7fbf000
03-16 13:54:29.828 D/OMX-VENC-720p( 9562): exited the while loop
03-16 13:54:29.849 D/OMX-VENC-720p( 9562): ETB: buffer = 0xb5b40fe8, buffer->pBuffer[0xb5b3f080]
03-16 13:54:29.849 D/OMX-VENC-720p( 9562): DBG: i/p nTimestamp = 1935491218
03-16 13:54:29.849 D/OMX-VENC-720p( 9562): Value of this pointer in post_event 0xb5b3f000
03-16 13:54:29.849 D/OMX-VENC-720p( 9562): omx_venc: post_message 19
03-16 13:54:29.850 D/OMX-VENC-720p( 9562): OMX_COMPONENT_GENERATE_ETB_OPQ
03-16 13:54:29.850 D/OMX-VENC-720p( 9562): ETBProxyOpaque: buffer[0xb5b40fe8]
03-16 13:54:29.850 D/OMX-VENC-720p( 9562): In Convert and queue Meta Buffer
03-16 13:54:29.854 D/OMX-VENC-720p( 9562): Color convert status 0
03-16 13:54:29.854 D/OMX-VENC-720p( 9562): Status of getbuffer is 0
03-16 13:54:29.854 D/OMX-VENC-720p( 9562): Buffer header 0xb589b640 Filled len size 921600
03-16 13:54:29.854 D/OMX-VENC-720p( 9562): venc_use_buf:: pmem_tmp = 0xaf6f8dc0
03-16 13:54:29.854 D/OMX-VENC-720p( 9562): VIDIOC_PREPARE_BUF Failed
03-16 13:54:29.854 D/OMX-VENC-720p( 9562): ETBProxy: buffer->pBuffer[0xa53e8000]
03-16 13:54:29.854 D/OMX-VENC-720p( 9562): ETB (color-converted) fd = 155, size = 921600
03-16 13:54:29.854 D/OMX-VENC-720p( 9562): Input buffer length 921600
03-16 13:54:29.854 D/OMX-VENC-720p( 9562): venc_empty_buf: Opaque non-camera buf: fd = 155 : filled 921600 of 925696
03-16 13:54:29.856 D/OMX-VENC-720p( 9562): pdest_frame pop address is 0xb589b500
03-16 13:54:29.856 D/OMX-VENC-720p( 9562): exited the while loop
03-16 13:54:29.862 D/OMX-VENC-720p( 9562): omx_venc::async_message_process- msgcode = 1
03-16 13:54:29.862 D/OMX-VENC-720p( 9562): venc_free_buf:pbuffer = a53e8000,fd = 9b, offset = 0, maped_size = 925696
03-16 13:54:29.862 D/OMX-VENC-720p( 9562): Value of this pointer in post_event 0xb5b3f000
03-16 13:54:29.862 D/OMX-VENC-720p( 9562): omx_venc: post_message 8
03-16 13:54:29.862 D/OMX-VENC-720p( 9562): empty_buffer_done: buffer[0xb589b640]
03-16 13:54:29.862 D/OMX-VENC-720p( 9562): empty_buffer_done insert address is 0xb589b640
03-16 13:54:29.862 D/OMX-VENC-720p( 9562): exited the while loop
03-16 13:54:29.863 D/OMX-VENC-720p( 9562): omx_venc::async_message_process- msgcode = 2
03-16 13:54:29.863 D/OMX-VENC-720p( 9562): o/p TS = 1935491218
03-16 13:54:29.863 D/OMX-VENC-720p( 9562): Value of this pointer in post_event 0xb5b3f000
03-16 13:54:29.863 D/OMX-VENC-720p( 9562): omx_venc: post_message 12
03-16 13:54:29.863 D/OMX-VENC-720p( 9562): fill_buffer_done: buffer->pBuffer[0xa7fbf000], flags=0x0 size = 195
03-16 13:54:29.863 D/OMX-VENC-720p( 9562): exited the while loop
03-16 13:54:29.866 D/OMX-VENC-720p( 9562): FTB: buffer->pBuffer[0xa7fbf000]
03-16 13:54:29.866 D/OMX-VENC-720p( 9562): Value of this pointer in post_event 0xb5b3f000
