03-16 13:54:39.067 E/mm-camera(  338): cpp_hardware_process_frame:888] stream_status:0xb487c308, iden:0x20002, cur_frame_id:7
03-16 13:54:39.070 D/mm-camera-intf( 9562): mm_stream_read_msm_frame: VIDIOC_DQBUF buf_index 6, frame_idx 7, stream type 1
03-16 13:54:39.070 D/OMX-VENC-720p( 9562): omx_venc::async_message_process- msgcode = 2
03-16 13:54:39.070 D/OMX-VENC-720p( 9562): o/p TS = 1944703306
03-16 13:54:39.070 D/OMX-VENC-720p( 9562): Value of this pointer in post_event 0xb5b3f000
03-16 13:54:39.070 D/OMX-VENC-720p( 9562): omx_venc: post_message 12
03-16 13:54:39.070 D/QCamera2HWI( 9562): [KPI Perf] static void qcamera::QCamera2HardwareInterface::preview_stream_cb_routine(mm_camera_super_buf_t*, qcamera::QCameraStream*, void*) : BEGIN
03-16 13:54:39.070 D/OMX-VENC-720p( 9562): omx_venc::async_message_process- msgcode = 1
03-16 13:54:39.070 D/OMX-VENC-720p( 9562): venc_free_buf:pbuffer = a5aac000,fd = 92, offset = 0, maped_size = 925696
03-16 13:54:39.070 D/OMX-VENC-720p( 9562): Value of this pointer in post_event 0xb5b3f000
03-16 13:54:39.070 D/OMX-VENC-720p( 9562): omx_venc: post_message 8
03-16 13:54:39.071 D/OMX-VENC-720p( 9562): fill_buffer_done: buffer->pBuffer[0xa7fbf000], flags=0x0 size = 138
03-16 13:54:39.071 D/OMX-VENC-720p( 9562): empty_buffer_done: buffer[0xb589b550]
03-16 13:54:39.071 D/OMX-VENC-720p( 9562): empty_buffer_done insert address is 0xb589b550
03-16 13:54:39.071 D/OMX-VENC-720p( 9562): exited the while loop
03-16 13:54:39.071 D/OMX-VENC-720p( 9562): exited the while loop
03-16 13:54:39.071 D/QCamera2HWI( 9562): [KPI Perf] static void qcamera::QCamera2HardwareInterface::preview_stream_cb_routine(mm_camera_super_buf_t*, qcamera::QCameraStream*, void*) : END
03-16 13:54:39.072 D/OMX-VENC-720p( 9562): FTB: buffer->pBuffer[0xa7fbf000]
03-16 13:54:39.072 D/OMX-VENC-720p( 9562): Value of this pointer in post_event 0xb5b3f000
03-16 13:54:39.072 D/OMX-VENC-720p( 9562): omx_venc: post_message 4
03-16 13:54:39.072 D/OMX-VENC-720p( 9562): FTBProxy: bufferAdd->pBuffer[0xa7fbf000]
03-16 13:54:39.072 D/OMX-VENC-720p( 9562): Shared PMEM addr for o/p PMEM UseBuf/AllocateBuf: 0xa7fbf000
03-16 13:54:39.072 D/OMX-VENC-720p( 9562): exited the while loop
03-16 13:54:39.078 D/OMX-VENC-720p( 9562): ETB: buffer = 0xb5b40fe8, buffer->pBuffer[0xb5b3f080]
03-16 13:54:39.078 D/OMX-VENC-720p( 9562): DBG: i/p nTimestamp = 1944720384
03-16 13:54:39.078 D/OMX-VENC-720p( 9562): Value of this pointer in post_event 0xb5b3f000
03-16 13:54:39.078 D/OMX-VENC-720p( 9562): omx_venc: post_message 19
03-16 13:54:39.078 D/OMX-VENC-720p( 9562): OMX_COMPONENT_GENERATE_ETB_OPQ
03-16 13:54:39.078 D/OMX-VENC-720p( 9562): ETBProxyOpaque: buffer[0xb5b40fe8]
03-16 13:54:39.078 D/OMX-VENC-720p( 9562): In Convert and queue Meta Buffer
03-16 13:54:39.080 D/OMX-VENC-720p( 9562): Color convert status 0
03-16 13:54:39.080 D/OMX-VENC-720p( 9562): Status of getbuffer is 0
03-16 13:54:39.080 D/OMX-VENC-720p( 9562): Buffer header 0xb589b5a0 Filled len size 921600
03-16 13:54:39.080 D/OMX-VENC-720p( 9562): venc_use_buf:: pmem_tmp = 0xaf6f8da0
03-16 13:54:39.080 D/OMX-VENC-720p( 9562): VIDIOC_PREPARE_BUF Failed
03-16 13:54:39.080 D/OMX-VENC-720p( 9562): ETBProxy: buffer->pBuffer[0xa55ac000]
03-16 13:54:39.080 D/OMX-VENC-720p( 9562): ETB (color-converted) fd = 149, size = 921600
03-16 13:54:39.080 D/OMX-VENC-720p( 9562): Input buffer length 921600
03-16 13:54:39.080 D/OMX-VENC-720p( 9562): venc_empty_buf: Opaque non-camera buf: fd = 149 : filled 921600 of 925696
03-16 13:54:39.080 D/OMX-VENC-720p( 9562): pdest_frame pop address is 0xb589b5f0
03-16 13:54:39.080 D/OMX-VENC-720p( 9562): exited the while loop
03-16 13:54:39.083 E/mm-camera-CORE(  338): af_set_parameters: Setting parameter: 27
03-16 13:54:39.083 E/mm-camera-CORE(  338): af_set_parameters: param=0xb25d9610 af_obj=0xb27fb000, type =27
03-16 13:54:39.084 D/mm-camera-intf( 9562): mm_stream_read_msm_frame: VIDIOC_DQBUF buf_index 6, frame_idx 7, stream type 7
03-16 13:54:39.084 D/QCamera2HWI( 9562): static void qcamera::QCamera2HardwareInterface::metadata_stream_cb_routine(mm_camera_super_buf_t*, qcamera::QCameraStream*, void*): hdr_scene_data: 1 2 0.000000
03-16 13:54:39.084 E/QCamera2HWI( 9562): static void qcamera::QCamera2HardwareInterface::metadata_stream_cb_routine(mm_camera_super_buf_t*, qcamera::QCameraStream*, void*),asd_valid:0 scene:0x20
03-16 13:54:39.084 E/QCamera2HWI( 9562): int32_t qcamera::QCamera2HardwareInterface::processHDRData(cam_asd_hdr_scene_data_t) : hdr_scene_data: processHDRData: 0x20 0.000000
03-16 13:54:39.084 E/QCamera2HWI( 9562): static void qcamera::QCamera2HardwareInterface::metadata_stream_cb_routine(mm_camera_super_buf_t*, qcamera::QCameraStream*, void*), pme->mFlashNeeded 0, pme->mExpTime 0.035801, pme->mISOValue 400
03-16 13:54:39.084 D/QCamera2HWI( 9562): static void qcamera::QCamera2HardwareInterface::metadata_stream_cb_routine(mm_camera_super_buf_t*, qcamera::QCameraStream*, void*), metadata for awb params.
03-16 13:54:39.084 D/QCamera2HWI( 9562): int32_t qcamera::QCamera2HardwareInterface::transAwbMetaToParams(cam_awb_params_t&), cct value: 5225
03-16 13:54:39.085 E/mm-camera-sensor(  338): port_sensor_handle_aec_update:788 g 4.085938 lux idx 313.288116
03-16 13:54:39.085 E/mm-camera(  338): isp_save_aec_param:1315] sessionid = 2 bracket state 0
03-16 13:54:39.085 E/mm-camera(  338): isp_save_aec_param:1341] gain 313.288116 lux 4.085938
03-16 13:54:39.087 E/mm-camera(  338): port_isp_module_event: received AWB update event, identity = 0x20002
03-16 13:54:39.087 E/mm-camera(  338): isp_set_awb_trigger_update:894] sessionid = 2 bracket state 0
03-16 13:54:39.087 E/mm-camera(  338): isp_set_awb_trigger_update: session_id = 2, color_temp = 5225 gain 1.641549 1.000000 1.580289
03-16 13:54:39.088 D/OMX-VENC-720p( 9562): omx_venc::async_message_process- msgcode = 1
03-16 13:54:39.088 D/OMX-VENC-720p( 9562): venc_free_buf:pbuffer = a55ac000,fd = 95, offset = 0, maped_size = 925696
03-16 13:54:39.088 D/OMX-VENC-720p( 9562): Value of this pointer in post_event 0xb5b3f000
03-16 13:54:39.088 D/OMX-VENC-720p( 9562): omx_venc: post_message 8
03-16 13:54:39.088 D/OMX-VENC-720p( 9562): empty_buffer_done: buffer[0xb589b5a0]
03-16 13:54:39.088 D/OMX-VENC-720p( 9562): empty_buffer_done insert address is 0xb589b5a0
03-16 13:54:39.088 D/OMX-VENC-720p( 9562): exited the while loop
03-16 13:54:39.088 D/OMX-VENC-720p( 9562): omx_venc::async_message_process- msgcode = 2
03-16 13:54:39.088 D/OMX-VENC-720p( 9562): o/p TS = 1944720384
03-16 13:54:39.088 D/OMX-VENC-720p( 9562): Value of this pointer in post_event 0xb5b3f000
03-16 13:54:39.088 D/OMX-VENC-720p( 9562): omx_venc: post_message 12
03-16 13:54:39.088 D/OMX-VENC-720p( 9562): fill_buffer_done: buffer->pBuffer[0xa7fbf000], flags=0x0 size = 137
03-16 13:54:39.088 D/OMX-VENC-720p( 9562): exited the while loop
03-16 13:54:39.089 D/OMX-VENC-720p( 9562): FTB: buffer->pBuffer[0xa7fbf000]
03-16 13:54:39.089 D/OMX-VENC-720p( 9562): Value of this pointer in post_event 0xb5b3f000
03-16 13:54:39.089 D/OMX-VENC-720p( 9562): omx_venc: post_message 4
03-16 13:54:39.089 D/OMX-VENC-720p( 9562): FTBProxy: bufferAdd->pBuffer[0xa7fbf000]
03-16 13:54:39.089 D/OMX-VENC-720p( 9562): Shared PMEM addr for o/p PMEM UseBuf/AllocateBuf: 0xa7fbf000
03-16 13:54:39.089 D/OMX-VENC-720p( 9562): exited the while loop
03-16 13:54:39.094 D/OMX-VENC-720p( 9562): ETB: buffer = 0xb5b40fe8, buffer->pBuffer[0xb5b3f080]
03-16 13:54:39.094 D/OMX-VENC-720p( 9562): DBG: i/p nTimestamp = 1944735617
03-16 13:54:39.094 D/OMX-VENC-720p( 9562): Value of this pointer in post_event 0xb5b3f000
03-16 13:54:39.094 D/OMX-VENC-720p( 9562): omx_venc: post_message 19
03-16 13:54:39.094 D/OMX-VENC-720p( 9562): OMX_COMPONENT_GENERATE_ETB_OPQ
03-16 13:54:39.094 D/OMX-VENC-720p( 9562): ETBProxyOpaque: buffer[0xb5b40fe8]
03-16 13:54:39.094 D/OMX-VENC-720p( 9562): In Convert and queue Meta Buffer
03-16 13:54:39.098 D/OMX-VENC-720p( 9562): Color convert status 0
03-16 13:54:39.098 D/OMX-VENC-720p( 9562): Status of getbuffer is 0
03-16 13:54:39.098 D/OMX-VENC-720p( 9562): Buffer header 0xb589b5f0 Filled len size 921600
03-16 13:54:39.098 D/OMX-VENC-720p( 9562): venc_use_buf:: pmem_tmp = 0xaf6f8db0
03-16 13:54:39.098 D/OMX-VENC-720p( 9562): VIDIOC_PREPARE_BUF Failed
03-16 13:54:39.098 D/OMX-VENC-720p( 9562): ETBProxy: buffer->pBuffer[0xa54ca000]
03-16 13:54:39.098 D/OMX-VENC-720p( 9562): ETB (color-converted) fd = 152, size = 921600
03-16 13:54:39.098 D/OMX-VENC-720p( 9562): Input buffer length 921600
03-16 13:54:39.098 D/OMX-VENC-720p( 9562): venc_empty_buf: Opaque non-camera buf: fd = 152 : filled 921600 of 925696
03-16 13:54:39.098 D/OMX-VENC-720p( 9562): pdest_frame pop address is 0xb589b640
03-16 13:54:39.098 D/OMX-VENC-720p( 9562): exited the while loop
03-16 13:54:39.101 E/mm-camera(  338): cpp_hardware_process_frame:888] stream_status:0xb487c308, iden:0x20002, cur_frame_id:8
03-16 13:54:39.105 D/mm-camera-intf( 9562): mm_stream_read_msm_frame: VIDIOC_DQBUF buf_index 0, frame_idx 8, stream type 1
03-16 13:54:39.105 D/QCamera2HWI( 9562): [KPI Perf] static void qcamera::QCamera2HardwareInterface::preview_stream_cb_routine(mm_camera_super_buf_t*, qcamera::QCameraStream*, void*) : BEGIN
03-16 13:54:39.105 D/OMX-VENC-720p( 9562): omx_venc::async_message_process- msgcode = 1
03-16 13:54:39.106 D/OMX-VENC-720p( 9562): venc_free_buf:pbuffer = a54ca000,fd = 98, offset = 0, maped_size = 925696
03-16 13:54:39.106 D/OMX-VENC-720p( 9562): Value of this pointer in post_event 0xb5b3f000
03-16 13:54:39.106 D/OMX-VENC-720p( 9562): omx_venc: post_message 8
03-16 13:54:39.106 D/QCamera2HWI( 9562): [KPI Perf] static void qcamera::QCamera2HardwareInterface::preview_stream_cb_routine(mm_camera_super_buf_t*, qcamera::QCameraStream*, void*) : END
03-16 13:54:39.106 D/OMX-VENC-720p( 9562): omx_venc::async_message_process- msgcode = 2
03-16 13:54:39.106 D/OMX-VENC-720p( 9562): o/p TS = 1944735617
03-16 13:54:39.106 D/OMX-VENC-720p( 9562): Value of this pointer in post_event 0xb5b3f000
03-16 13:54:39.106 D/OMX-VENC-720p( 9562): omx_venc: post_message 12
03-16 13:54:39.106 D/OMX-VENC-720p( 9562): fill_buffer_done: buffer->pBuffer[0xa7fbf000], flags=0x0 size = 138
03-16 13:54:39.106 D/OMX-VENC-720p( 9562): empty_buffer_done: buffer[0xb589b5f0]
03-16 13:54:39.106 D/OMX-VENC-720p( 9562): empty_buffer_done insert address is 0xb589b5f0
03-16 13:54:39.106 D/OMX-VENC-720p( 9562): exited the while loop
03-16 13:54:39.106 D/OMX-VENC-720p( 9562): exited the while loop
03-16 13:54:39.108 D/OMX-VENC-720p( 9562): FTB: buffer->pBuffer[0xa7fbf000]
03-16 13:54:39.108 D/OMX-VENC-720p( 9562): Value of this pointer in post_event 0xb5b3f000
03-16 13:54:39.108 D/OMX-VENC-720p( 9562): omx_venc: post_message 4
03-16 13:54:39.108 D/OMX-VENC-720p( 9562): FTBProxy: bufferAdd->pBuffer[0xa7fbf000]
03-16 13:54:39.108 D/OMX-VENC-720p( 9562): Shared PMEM addr for o/p PMEM UseBuf/AllocateBuf: 0xa7fbf000
03-16 13:54:39.108 D/OMX-VENC-720p( 9562): exited the while loop
03-16 13:54:39.111 D/OMX-VENC-720p( 9562): ETB: buffer = 0xb5b40fe8, buffer->pBuffer[0xb5b3f080]
03-16 13:54:39.111 D/OMX-VENC-720p( 9562): DBG: i/p nTimestamp = 1944753545
03-16 13:54:39.111 D/OMX-VENC-720p( 9562): Value of this pointer in post_event 0xb5b3f000
03-16 13:54:39.111 D/OMX-VENC-720p( 9562): omx_venc: post_message 19
03-16 13:54:39.111 D/OMX-VENC-720p( 9562): OMX_COMPONENT_GENERATE_ETB_OPQ
03-16 13:54:39.111 D/OMX-VENC-720p( 9562): ETBProxyOpaque: buffer[0xb5b40fe8]
03-16 13:54:39.111 D/OMX-VENC-720p( 9562): In Convert and queue Meta Buffer
03-16 13:54:39.113 D/OMX-VENC-720p( 9562): Color convert status 0
03-16 13:54:39.113 D/OMX-VENC-720p( 9562): Status of getbuffer is 0
03-16 13:54:39.113 D/OMX-VENC-720p( 9562): Buffer header 0xb589b640 Filled len size 921600
03-16 13:54:39.113 D/OMX-VENC-720p( 9562): venc_use_buf:: pmem_tmp = 0xaf6f8dc0
03-16 13:54:39.113 D/OMX-VENC-720p( 9562): VIDIOC_PREPARE_BUF Failed
03-16 13:54:39.113 D/OMX-VENC-720p( 9562): ETBProxy: buffer->pBuffer[0xa53e8000]
03-16 13:54:39.113 D/OMX-VENC-720p( 9562): ETB (color-converted) fd = 155, size = 921600
03-16 13:54:39.113 D/OMX-VENC-720p( 9562): Input buffer length 921600
03-16 13:54:39.113 D/OMX-VENC-720p( 9562): venc_empty_buf: Opaque non-camera buf: fd = 155 : filled 921600 of 925696
03-16 13:54:39.113 D/OMX-VENC-720p( 9562): pdest_frame pop address is 0xb589b500
03-16 13:54:39.113 D/OMX-VENC-720p( 9562): exited the while loop
03-16 13:54:39.113 I/SurfaceDataReader(23554): stopReading +
03-16 13:54:39.113 I/SurfaceDataReader(23554): stopReading as not Running-
03-16 13:54:39.113 I/CameraSurfaceRenderer(23554): cropEnabled: false cropWidth: 0 cropHeight: 0 isFrontCamera: true,previewWidth:480,previewHeight:864 rotation: 90 encodingWidth: 480 encodingHeight: 848 mIsMirror:false
03-16 13:54:39.119 E/mm-camera-CORE(  338): af_set_parameters: Setting parameter: 27
03-16 13:54:39.119 E/mm-camera-CORE(  338): af_set_parameters: param=0xb25de110 af_obj=0xb27fb000, type =27
03-16 13:54:39.120 D/mm-camera-intf( 9562): mm_stream_read_msm_frame: VIDIOC_DQBUF buf_index 7, frame_idx 8, stream type 7
03-16 13:54:39.120 D/QCamera2HWI( 9562): static void qcamera::QCamera2HardwareInterface::metadata_stream_cb_routine(mm_camera_super_buf_t*, qcamera::QCameraStream*, void*): hdr_scene_data: 1 2 0.000000
03-16 13:54:39.120 D/OMX-VENC-720p( 9562): omx_venc::async_message_process- msgcode = 2
03-16 13:54:39.120 E/QCamera2HWI( 9562): static void qcamera::QCamera2HardwareInterface::metadata_stream_cb_routine(mm_camera_super_buf_t*, qcamera::QCameraStream*, void*),asd_valid:0 scene:0x20
03-16 13:54:39.120 D/OMX-VENC-720p( 9562): o/p TS = 1944753545
03-16 13:54:39.120 D/OMX-VENC-720p( 9562): Value of this pointer in post_event 0xb5b3f000
03-16 13:54:39.120 E/QCamera2HWI( 9562): int32_t qcamera::QCamera2HardwareInterface::processHDRData(cam_asd_hdr_scene_data_t) : hdr_scene_data: processHDRData: 0x20 0.000000
03-16 13:54:39.120 D/OMX-VENC-720p( 9562): omx_venc: post_message 12
03-16 13:54:39.120 E/QCamera2HWI( 9562): static void qcamera::QCamera2HardwareInterface::metadata_stream_cb_routine(mm_camera_super_buf_t*, qcamera::QCameraStream*, void*), pme->mFlashNeeded 0, pme->mExpTime 0.036863, pme->mISOValue 400
03-16 13:54:39.120 D/QCamera2HWI( 9562): static void qcamera::QCamera2HardwareInterface::metadata_stream_cb_routine(mm_camera_super_buf_t*, qcamera::QCameraStream*, void*), metadata for awb params.
03-16 13:54:39.120 D/OMX-VENC-720p( 9562): omx_venc::async_message_process- msgcode = 1
03-16 13:54:39.120 D/OMX-VENC-720p( 9562): venc_free_buf:pbuffer = a53e8000,fd = 9b, offset = 0, maped_size = 925696
03-16 13:54:39.120 D/OMX-VENC-720p( 9562): Value of this pointer in post_event 0xb5b3f000
03-16 13:54:39.120 D/OMX-VENC-720p( 9562): omx_venc: post_message 8
03-16 13:54:39.120 D/QCamera2HWI( 9562): int32_t qcamera::QCamera2HardwareInterface::transAwbMetaToParams(cam_awb_params_t&), cct value: 5225
03-16 13:54:39.121 D/OMX-VENC-720p( 9562): fill_buffer_done: buffer->pBuffer[0xa7fbf000], flags=0x0 size = 137
03-16 13:54:39.121 D/OMX-VENC-720p( 9562): empty_buffer_done: buffer[0xb589b640]
03-16 13:54:39.121 D/OMX-VENC-720p( 9562): empty_buffer_done insert address is 0xb589b640
03-16 13:54:39.121 D/OMX-VENC-720p( 9562): exited the while loop
03-16 13:54:39.121 D/OMX-VENC-720p( 9562): exited the while loop
03-16 13:54:39.121 E/mm-camera(  338): isp_save_aec_param:1315] sessionid = 2 bracket state 0
03-16 13:54:39.121 E/mm-camera(  338): isp_save_aec_param:1341] gain 313.288116 lux 4.085938
03-16 13:54:39.122 E/mm-camera(  338): port_isp_module_event: received AWB update event, identity = 0x20002
03-16 13:54:39.122 E/mm-camera(  338): isp_set_awb_trigger_update:894] sessionid = 2 bracket state 0
03-16 13:54:39.122 E/mm-camera(  338): isp_set_awb_trigger_update: session_id = 2, color_temp = 5225 gain 1.645073 1.000000 1.578529
03-16 13:54:39.122 D/OMX-VENC-720p( 9562): FTB: buffer->pBuffer[0xa7fbf000]
03-16 13:54:39.122 D/OMX-VENC-720p( 9562): Value of this pointer in post_event 0xb5b3f000
03-16 13:54:39.122 D/OMX-VENC-720p( 9562): omx_venc: post_message 4
03-16 13:54:39.122 D/OMX-VENC-720p( 9562): FTBProxy: bufferAdd->pBuffer[0xa7fbf000]
03-16 13:54:39.122 D/OMX-VENC-720p( 9562): Shared PMEM addr for o/p PMEM UseBuf/AllocateBuf: 0xa7fbf000
03-16 13:54:39.122 D/OMX-VENC-720p( 9562): exited the while loop
03-16 13:54:39.134 I/WatermarkSetting(23554): mWatermarkWidth:64,mWatermarkHeight:32
03-16 13:54:39.134 I/WatermarkSticker(23554): prepare watermark Texture:22
03-16 13:54:39.137 E/mm-camera(  338): cpp_hardware_process_frame:888] stream_status:0xb487c308, iden:0x20002, cur_frame_id:9
03-16 13:54:39.140 D/mm-camera-intf( 9562): mm_stream_read_msm_frame: VIDIOC_DQBUF buf_index 1, frame_idx 9, stream type 1
03-16 13:54:39.141 D/QCamera2HWI( 9562): [KPI Perf] static void qcamera::QCamera2HardwareInterface::preview_stream_cb_routine(mm_camera_super_buf_t*, qcamera::QCameraStream*, void*) : BEGIN
03-16 13:54:39.141 I/MediaStreamingManager(23554): doResumeStreaming
03-16 13:54:39.141 D/RTCMediaStreaming(23554): onStateChanged: READY
03-16 13:54:39.142 D/CapStreamingActivity(23554): onStateChanged state:ready
03-16 13:54:39.144 D/QCamera2HWI( 9562): [KPI Perf] static void qcamera::QCamera2HardwareInterface::preview_stream_cb_routine(mm_camera_super_buf_t*, qcamera::QCameraStream*, void*) : END
03-16 13:54:39.144 D/OMX-VENC-720p( 9562): ETB: buffer = 0xb5b40fe8, buffer->pBuffer[0xb5b3f080]
03-16 13:54:39.144 D/OMX-VENC-720p( 9562): DBG: i/p nTimestamp = 1944786545
03-16 13:54:39.144 D/OMX-VENC-720p( 9562): Value of this pointer in post_event 0xb5b3f000
03-16 13:54:39.144 D/OMX-VENC-720p( 9562): omx_venc: post_message 19
03-16 13:54:39.145 D/OMX-VENC-720p( 9562): OMX_COMPONENT_GENERATE_ETB_OPQ
03-16 13:54:39.145 D/OMX-VENC-720p( 9562): ETBProxyOpaque: buffer[0xb5b40fe8]
03-16 13:54:39.145 D/OMX-VENC-720p( 9562): In Convert and queue Meta Buffer
03-16 13:54:39.146 D/OMX-VENC-720p( 9562): Color convert status 0
03-16 13:54:39.146 D/OMX-VENC-720p( 9562): Status of getbuffer is 0
03-16 13:54:39.146 D/OMX-VENC-720p( 9562): Buffer header 0xb589b500 Filled len size 921600
03-16 13:54:39.146 D/OMX-VENC-720p( 9562): venc_use_buf:: pmem_tmp = 0xaf6f8d80
03-16 13:54:39.146 D/OMX-VENC-720p( 9562): VIDIOC_PREPARE_BUF Failed
03-16 13:54:39.146 D/OMX-VENC-720p( 9562): ETBProxy: buffer->pBuffer[0xa8a7b000]
03-16 13:54:39.146 D/OMX-VENC-720p( 9562): ETB (color-converted) fd = 140, size = 921600
03-16 13:54:39.146 D/OMX-VENC-720p( 9562): Input buffer length 921600
03-16 13:54:39.146 D/OMX-VENC-720p( 9562): venc_empty_buf: Opaque non-camera buf: fd = 140 : filled 921600 of 925696
03-16 13:54:39.146 D/OMX-VENC-720p( 9562): pdest_frame pop address is 0xb589b550
03-16 13:54:39.146 D/OMX-VENC-720p( 9562): exited the while loop
03-16 13:54:39.149 D/OMX-VENC-720p( 9562): ETB: buffer = 0xb5b40fe8, buffer->pBuffer[0xb5b3f080]
03-16 13:54:39.149 D/OMX-VENC-720p( 9562): DBG: i/p nTimestamp = 1944792227
03-16 13:54:39.149 D/OMX-VENC-720p( 9562): Value of this pointer in post_event 0xb5b3f000
03-16 13:54:39.150 D/OMX-VENC-720p( 9562): omx_venc: post_message 19
03-16 13:54:39.150 D/OMX-VENC-720p( 9562): OMX_COMPONENT_GENERATE_ETB_OPQ
03-16 13:54:39.150 D/OMX-VENC-720p( 9562): ETBProxyOpaque: buffer[0xb5b40fe8]
03-16 13:54:39.150 D/OMX-VENC-720p( 9562): In Convert and queue Meta Buffer
03-16 13:54:39.151 D/OMX-VENC-720p( 9562): Color convert status 0
03-16 13:54:39.151 D/OMX-VENC-720p( 9562): Status of getbuffer is 0
03-16 13:54:39.151 D/OMX-VENC-720p( 9562): Buffer header 0xb589b550 Filled len size 921600
03-16 13:54:39.151 D/OMX-VENC-720p( 9562): venc_use_buf:: pmem_tmp = 0xaf6f8d90
03-16 13:54:39.151 D/OMX-VENC-720p( 9562): VIDIOC_PREPARE_BUF Failed
03-16 13:54:39.151 D/OMX-VENC-720p( 9562): ETBProxy: buffer->pBuffer[0xa5aac000]
03-16 13:54:39.151 D/OMX-VENC-720p( 9562): ETB (color-converted) fd = 146, size = 921600
03-16 13:54:39.151 D/OMX-VENC-720p( 9562): Input buffer length 921600
03-16 13:54:39.151 D/OMX-VENC-720p( 9562): venc_empty_buf: Opaque non-camera buf: fd = 146 : filled 921600 of 925696
03-16 13:54:39.151 D/OMX-VENC-720p( 9562): pdest_frame pop address is 0xb589b5a0
03-16 13:54:39.151 D/OMX-VENC-720p( 9562): exited the while loop
03-16 13:54:39.154 D/OMX-VENC-720p( 9562): omx_venc::async_message_process- msgcode = 1
03-16 13:54:39.154 D/OMX-VENC-720p( 9562): venc_free_buf:pbuffer = a8a7b000,fd = 8c, offset = 0, maped_size = 925696
03-16 13:54:39.154 D/OMX-VENC-720p( 9562): Value of this pointer in post_event 0xb5b3f000
03-16 13:54:39.154 D/OMX-VENC-720p( 9562): omx_venc: post_message 8
03-16 13:54:39.154 D/OMX-VENC-720p( 9562): omx_venc::async_message_process- msgcode = 2
03-16 13:54:39.154 D/OMX-VENC-720p( 9562): o/p TS = 1944786545
03-16 13:54:39.154 D/OMX-VENC-720p( 9562): Value of this pointer in post_event 0xb5b3f000
03-16 13:54:39.154 D/OMX-VENC-720p( 9562): omx_venc: post_message 12
03-16 13:54:39.154 D/OMX-VENC-720p( 9562): fill_buffer_done: buffer->pBuffer[0xa7fbf000], flags=0x0 size = 138
03-16 13:54:39.154 D/OMX-VENC-720p( 9562): empty_buffer_done: buffer[0xb589b500]
03-16 13:54:39.154 D/OMX-VENC-720p( 9562): empty_buffer_done insert address is 0xb589b500
03-16 13:54:39.154 D/OMX-VENC-720p( 9562): exited the while loop
03-16 13:54:39.154 D/OMX-VENC-720p( 9562): exited the while loop
03-16 13:54:39.155 E/mm-camera-CORE(  338): af_set_parameters: Setting parameter: 27
03-16 13:54:39.155 E/mm-camera-CORE(  338): af_set_parameters: param=0xb25d9b10 af_obj=0xb27fb000, type =27
03-16 13:54:39.155 D/mm-camera-intf( 9562): mm_stream_read_msm_frame: VIDIOC_DQBUF buf_index 8, frame_idx 9, stream type 7
03-16 13:54:39.155 E/mm-camera-sensor(  338): port_sensor_handle_aec_update:788 g 4.085938 lux idx 313.385895
03-16 13:54:39.155 D/QCamera2HWI( 9562): static void qcamera::QCamera2HardwareInterface::metadata_stream_cb_routine(mm_camera_super_buf_t*, qcamera::QCameraStream*, void*): hdr_scene_data: 1 2 0.000000
03-16 13:54:39.155 E/mm-camera(  338): isp_save_aec_param:1315] sessionid = 2 bracket state 0
03-16 13:54:39.155 E/QCamera2HWI( 9562): static void qcamera::QCamera2HardwareInterface::metadata_stream_cb_routine(mm_camera_super_buf_t*, qcamera::QCameraStream*, void*),asd_valid:0 scene:0x20
03-16 13:54:39.155 E/mm-camera(  338): isp_save_aec_param:1341] gain 313.385895 lux 4.085938
03-16 13:54:39.155 E/QCamera2HWI( 9562): int32_t qcamera::QCamera2HardwareInterface::processHDRData(cam_asd_hdr_scene_data_t) : hdr_scene_data: processHDRData: 0x20 0.000000
03-16 13:54:39.155 E/QCamera2HWI( 9562): static void qcamera::QCamera2HardwareInterface::metadata_stream_cb_routine(mm_camera_super_buf_t*, qcamera::QCameraStream*, void*), pme->mFlashNeeded 0, pme->mExpTime 0.036863, pme->mISOValue 400
03-16 13:54:39.155 D/QCamera2HWI( 9562): static void qcamera::QCamera2HardwareInterface::metadata_stream_cb_routine(mm_camera_super_buf_t*, qcamera::QCameraStream*, void*), metadata for awb params.
03-16 13:54:39.155 E/mm-camera(  338): port_isp_module_event: received AWB update event, identity = 0x20002
03-16 13:54:39.155 D/QCamera2HWI( 9562): int32_t qcamera::QCamera2HardwareInterface::transAwbMetaToParams(cam_awb_params_t&), cct value: 5225
03-16 13:54:39.155 E/mm-camera(  338): isp_set_awb_trigger_update:894] sessionid = 2 bracket state 0
03-16 13:54:39.155 E/mm-camera(  338): isp_set_awb_trigger_update: session_id = 2, color_temp = 5225 gain 1.647539 1.000000 1.577298
03-16 13:54:39.156 D/OMX-VENC-720p( 9562): FTB: buffer->pBuffer[0xa7fbf000]
03-16 13:54:39.156 D/OMX-VENC-720p( 9562): Value of this pointer in post_event 0xb5b3f000
03-16 13:54:39.156 D/OMX-VENC-720p( 9562): omx_venc: post_message 4
03-16 13:54:39.156 D/OMX-VENC-720p( 9562): FTBProxy: bufferAdd->pBuffer[0xa7fbf000]
03-16 13:54:39.156 D/OMX-VENC-720p( 9562): Shared PMEM addr for o/p PMEM UseBuf/AllocateBuf: 0xa7fbf000
03-16 13:54:39.157 D/OMX-VENC-720p( 9562): exited the while loop
03-16 13:54:39.160 D/OMX-VENC-720p( 9562): omx_venc::async_message_process- msgcode = 1
03-16 13:54:39.160 D/OMX-VENC-720p( 9562): venc_free_buf:pbuffer = a5aac000,fd = 92, offset = 0, maped_size = 925696
03-16 13:54:39.160 D/OMX-VENC-720p( 9562): Value of this pointer in post_event 0xb5b3f000
03-16 13:54:39.160 D/OMX-VENC-720p( 9562): omx_venc: post_message 8
03-16 13:54:39.160 D/OMX-VENC-720p( 9562): empty_buffer_done: buffer[0xb589b550]
03-16 13:54:39.160 D/OMX-VENC-720p( 9562): empty_buffer_done insert address is 0xb589b550
03-16 13:54:39.160 D/OMX-VENC-720p( 9562): exited the while loop
03-16 13:54:39.160 D/OMX-VENC-720p( 9562): omx_venc::async_message_process- msgcode = 2
03-16 13:54:39.161 D/OMX-VENC-720p( 9562): o/p TS = 1944792227
03-16 13:54:39.161 D/OMX-VENC-720p( 9562): Value of this pointer in post_event 0xb5b3f000
03-16 13:54:39.161 D/OMX-VENC-720p( 9562): omx_venc: post_message 12
03-16 13:54:39.161 D/OMX-VENC-720p( 9562): fill_buffer_done: buffer->pBuffer[0xa4cde000], flags=0x0 size = 193064
03-16 13:54:39.161 D/OMX-VENC-720p( 9562): exited the while loop
03-16 13:54:39.163 D/OMX-VENC-720p( 9562): FTB: buffer->pBuffer[0xa4cde000]
03-16 13:54:39.163 D/OMX-VENC-720p( 9562): Value of this pointer in post_event 0xb5b3f000
03-16 13:54:39.163 D/OMX-VENC-720p( 9562): omx_venc: post_message 4
03-16 13:54:39.163 D/OMX-VENC-720p( 9562): FTBProxy: bufferAdd->pBuffer[0xa4cde000]
03-16 13:54:39.163 D/OMX-VENC-720p( 9562): Shared PMEM addr for o/p PMEM UseBuf/AllocateBuf: 0xa4cde000
03-16 13:54:39.163 D/OMX-VENC-720p( 9562): exited the while loop
03-16 13:54:39.173 E/mm-camera(  338): cpp_hardware_process_frame:888] stream_status:0xb487c308, iden:0x20002, cur_frame_id:10
03-16 13:54:39.176 D/mm-camera-intf( 9562): mm_stream_read_msm_frame: VIDIOC_DQBUF buf_index 6, frame_idx 10, stream type 1
03-16 13:54:39.176 D/QCamera2HWI( 9562): [KPI Perf] static void qcamera::QCamera2HardwareInterface::preview_stream_cb_routine(mm_camera_super_buf_t*, qcamera::QCameraStream*, void*) : BEGIN
03-16 13:54:39.177 D/QCamera2HWI( 9562): [KPI Perf] static void qcamera::QCamera2HardwareInterface::preview_stream_cb_routine(mm_camera_super_buf_t*, qcamera::QCameraStream*, void*) : END
03-16 13:54:39.186 D/OMX-VENC-720p( 9562): ETB: buffer = 0xb5b40fe8, buffer->pBuffer[0xb5b3f080]
03-16 13:54:39.187 D/OMX-VENC-720p( 9562): DBG: i/p nTimestamp = 1944826720
03-16 13:54:39.187 D/OMX-VENC-720p( 9562): Value of this pointer in post_event 0xb5b3f000
03-16 13:54:39.187 D/OMX-VENC-720p( 9562): omx_venc: post_message 19
03-16 13:54:39.187 D/OMX-VENC-720p( 9562): OMX_COMPONENT_GENERATE_ETB_OPQ
03-16 13:54:39.187 D/OMX-VENC-720p( 9562): ETBProxyOpaque: buffer[0xb5b40fe8]
03-16 13:54:39.187 D/OMX-VENC-720p( 9562): In Convert and queue Meta Buffer
03-16 13:54:39.189 D/OMX-VENC-720p( 9562): Color convert status 0
03-16 13:54:39.189 D/OMX-VENC-720p( 9562): Status of getbuffer is 0
03-16 13:54:39.189 D/OMX-VENC-720p( 9562): Buffer header 0xb589b5a0 Filled len size 921600
03-16 13:54:39.189 D/OMX-VENC-720p( 9562): venc_use_buf:: pmem_tmp = 0xaf6f8da0
03-16 13:54:39.189 D/OMX-VENC-720p( 9562): VIDIOC_PREPARE_BUF Failed
03-16 13:54:39.189 D/OMX-VENC-720p( 9562): ETBProxy: buffer->pBuffer[0xa55ac000]
03-16 13:54:39.189 D/OMX-VENC-720p( 9562): ETB (color-converted) fd = 149, size = 921600
03-16 13:54:39.189 D/OMX-VENC-720p( 9562): Input buffer length 921600
03-16 13:54:39.189 D/OMX-VENC-720p( 9562): venc_empty_buf: Opaque non-camera buf: fd = 149 : filled 921600 of 925696
03-16 13:54:39.189 D/OMX-VENC-720p( 9562): pdest_frame pop address is 0xb589b5f0
03-16 13:54:39.189 D/OMX-VENC-720p( 9562): exited the while loop
03-16 13:54:39.192 E/mm-camera-CORE(  338): af_set_parameters: Setting parameter: 27
03-16 13:54:39.192 E/mm-camera(  338): isp_save_aec_param:1315] sessionid = 2 bracket state 0
03-16 13:54:39.192 E/mm-camera-CORE(  338): af_set_parameters: param=0xb25dd210 af_obj=0xb27fb000, type =27
03-16 13:54:39.192 E/mm-camera(  338): isp_save_aec_param:1341] gain 313.385895 lux 4.085938
03-16 13:54:39.193 D/mm-camera-intf( 9562): mm_stream_read_msm_frame: VIDIOC_DQBUF buf_index 9, frame_idx 10, stream type 7
03-16 13:54:39.193 E/mm-camera(  338): port_isp_module_event: received AWB update event, identity = 0x20002
03-16 13:54:39.193 E/mm-camera(  338): isp_set_awb_trigger_update:894] sessionid = 2 bracket state 0
03-16 13:54:39.193 E/mm-camera(  338): isp_set_awb_trigger_update: session_id = 2, color_temp = 5225 gain 1.649266 1.000000 1.576435
03-16 13:54:39.193 D/QCamera2HWI( 9562): static void qcamera::QCamera2HardwareInterface::metadata_stream_cb_routine(mm_camera_super_buf_t*, qcamera::QCameraStream*, void*): hdr_scene_data: 1 0 0.000000
03-16 13:54:39.193 E/QCamera2HWI( 9562): static void qcamera::QCamera2HardwareInterface::metadata_stream_cb_routine(mm_camera_super_buf_t*, qcamera::QCameraStream*, void*),asd_valid:0 scene:0x0
03-16 13:54:39.193 E/QCamera2HWI( 9562): int32_t qcamera::QCamera2HardwareInterface::processHDRData(cam_asd_hdr_scene_data_t) : hdr_scene_data: processHDRData: 0x0 0.000000
03-16 13:54:39.193 E/QCamera2HWI( 9562): static void qcamera::QCamera2HardwareInterface::metadata_stream_cb_routine(mm_camera_super_buf_t*, qcamera::QCameraStream*, void*), pme->mFlashNeeded 0, pme->mExpTime 0.036863, pme->mISOValue 400
03-16 13:54:39.193 D/QCamera2HWI( 9562): static void qcamera::QCamera2HardwareInterface::metadata_stream_cb_routine(mm_camera_super_buf_t*, qcamera::QCameraStream*, void*), metadata for awb params.
03-16 13:54:39.193 D/QCamera2HWI( 9562): int32_t qcamera::QCamera2HardwareInterface::transAwbMetaToParams(cam_awb_params_t&), cct value: 5225
03-16 13:54:39.197 D/OMX-VENC-720p( 9562): omx_venc::async_message_process- msgcode = 1
03-16 13:54:39.197 D/OMX-VENC-720p( 9562): venc_free_buf:pbuffer = a55ac000,fd = 95, offset = 0, maped_size = 925696
03-16 13:54:39.197 D/OMX-VENC-720p( 9562): Value of this pointer in post_event 0xb5b3f000
03-16 13:54:39.197 D/OMX-VENC-720p( 9562): omx_venc: post_message 8
03-16 13:54:39.197 D/OMX-VENC-720p( 9562): omx_venc::async_message_process- msgcode = 2
03-16 13:54:39.197 D/OMX-VENC-720p( 9562): o/p TS = 1944826720
03-16 13:54:39.197 D/OMX-VENC-720p( 9562): Value of this pointer in post_event 0xb5b3f000
03-16 13:54:39.197 D/OMX-VENC-720p( 9562): omx_venc: post_message 12
03-16 13:54:39.197 D/OMX-VENC-720p( 9562): fill_buffer_done: buffer->pBuffer[0xa7fbf000], flags=0x0 size = 205979
03-16 13:54:39.197 D/OMX-VENC-720p( 9562): empty_buffer_done: buffer[0xb589b5a0]
03-16 13:54:39.197 D/OMX-VENC-720p( 9562): empty_buffer_done insert address is 0xb589b5a0
03-16 13:54:39.197 D/OMX-VENC-720p( 9562): exited the while loop
03-16 13:54:39.197 D/OMX-VENC-720p( 9562): exited the while loop
03-16 13:54:39.201 D/OMX-VENC-720p( 9562): FTB: buffer->pBuffer[0xa7fbf000]
03-16 13:54:39.201 D/OMX-VENC-720p( 9562): Value of this pointer in post_event 0xb5b3f000
03-16 13:54:39.201 D/OMX-VENC-720p( 9562): omx_venc: post_message 4
03-16 13:54:39.201 D/OMX-VENC-720p( 9562): FTBProxy: bufferAdd->pBuffer[0xa7fbf000]
03-16 13:54:39.201 D/OMX-VENC-720p( 9562): Shared PMEM addr for o/p PMEM UseBuf/AllocateBuf: 0xa7fbf000
03-16 13:54:39.201 D/OMX-VENC-720p( 9562): exited the while loop
03-16 13:54:39.203 D/OMX-VENC-720p( 9562): ETB: buffer = 0xb5b40fe8, buffer->pBuffer[0xb5b3f080]
03-16 13:54:39.203 D/OMX-VENC-720p( 9562): DBG: i/p nTimestamp = 1944842747
03-16 13:54:39.203 D/OMX-VENC-720p( 9562): Value of this pointer in post_event 0xb5b3f000
03-16 13:54:39.203 D/OMX-VENC-720p( 9562): omx_venc: post_message 19
03-16 13:54:39.203 D/OMX-VENC-720p( 9562): OMX_COMPONENT_GENERATE_ETB_OPQ
03-16 13:54:39.203 D/OMX-VENC-720p( 9562): ETBProxyOpaque: buffer[0xb5b40fe8]
03-16 13:54:39.203 D/OMX-VENC-720p( 9562): In Convert and queue Meta Buffer
03-16 13:54:39.209 D/OMX-VENC-720p( 9562): Color convert status 0
03-16 13:54:39.209 D/OMX-VENC-720p( 9562): Status of getbuffer is 0
03-16 13:54:39.209 D/OMX-VENC-720p( 9562): Buffer header 0xb589b5f0 Filled len size 921600
03-16 13:54:39.209 D/OMX-VENC-720p( 9562): venc_use_buf:: pmem_tmp = 0xaf6f8db0
03-16 13:54:39.209 D/OMX-VENC-720p( 9562): VIDIOC_PREPARE_BUF Failed
03-16 13:54:39.209 D/OMX-VENC-720p( 9562): ETBProxy: buffer->pBuffer[0xa54ca000]
03-16 13:54:39.209 D/OMX-VENC-720p( 9562): ETB (color-converted) fd = 152, size = 921600
03-16 13:54:39.209 D/OMX-VENC-720p( 9562): Input buffer length 921600
03-16 13:54:39.209 D/OMX-VENC-720p( 9562): venc_empty_buf: Opaque non-camera buf: fd = 152 : filled 921600 of 925696
03-16 13:54:39.209 D/OMX-VENC-720p( 9562): pdest_frame pop address is 0xb589b640
03-16 13:54:39.209 D/OMX-VENC-720p( 9562): exited the while loop
03-16 13:54:39.210 E/mm-camera(  338): cpp_hardware_process_frame:888] stream_status:0xb487c308, iden:0x20002, cur_frame_id:11
03-16 13:54:39.213 D/mm-camera-intf( 9562): mm_stream_read_msm_frame: VIDIOC_DQBUF buf_index 5, frame_idx 11, stream type 1
03-16 13:54:39.213 D/QCamera2HWI( 9562): [KPI Perf] static void qcamera::QCamera2HardwareInterface::preview_stream_cb_routine(mm_camera_super_buf_t*, qcamera::QCameraStream*, void*) : BEGIN
03-16 13:54:39.214 D/QCamera2HWI( 9562): [KPI Perf] static void qcamera::QCamera2HardwareInterface::preview_stream_cb_routine(mm_camera_super_buf_t*, qcamera::QCameraStream*, void*) : END
03-16 13:54:39.217 D/OMX-VENC-720p( 9562): omx_venc::async_message_process- msgcode = 1
03-16 13:54:39.217 D/OMX-VENC-720p( 9562): venc_free_buf:pbuffer = a54ca000,fd = 98, offset = 0, maped_size = 925696
03-16 13:54:39.217 D/OMX-VENC-720p( 9562): Value of this pointer in post_event 0xb5b3f000
03-16 13:54:39.217 D/OMX-VENC-720p( 9562): omx_venc: post_message 8
03-16 13:54:39.217 D/OMX-VENC-720p( 9562): empty_buffer_done: buffer[0xb589b5f0]
03-16 13:54:39.217 D/OMX-VENC-720p( 9562): empty_buffer_done insert address is 0xb589b5f0
03-16 13:54:39.217 D/OMX-VENC-720p( 9562): exited the while loop
03-16 13:54:39.217 D/OMX-VENC-720p( 9562): omx_venc::async_message_process- msgcode = 2
03-16 13:54:39.217 D/OMX-VENC-720p( 9562): o/p TS = 1944842747
03-16 13:54:39.217 D/OMX-VENC-720p( 9562): Value of this pointer in post_event 0xb5b3f000
03-16 13:54:39.217 D/OMX-VENC-720p( 9562): omx_venc: post_message 12
03-16 13:54:39.217 D/OMX-VENC-720p( 9562): fill_buffer_done: buffer->pBuffer[0xa7fbf000], flags=0x0 size = 113966
03-16 13:54:39.217 D/OMX-VENC-720p( 9562): exited the while loop
03-16 13:54:39.220 D/OMX-VENC-720p( 9562): ETB: buffer = 0xb5b40fe8, buffer->pBuffer[0xb5b3f080]
03-16 13:54:39.220 D/OMX-VENC-720p( 9562): DBG: i/p nTimestamp = 1944860705
03-16 13:54:39.220 D/OMX-VENC-720p( 9562): Value of this pointer in post_event 0xb5b3f000
03-16 13:54:39.220 D/OMX-VENC-720p( 9562): omx_venc: post_message 19
03-16 13:54:39.220 D/OMX-VENC-720p( 9562): OMX_COMPONENT_GENERATE_ETB_OPQ
03-16 13:54:39.221 D/OMX-VENC-720p( 9562): ETBProxyOpaque: buffer[0xb5b40fe8]
03-16 13:54:39.221 D/OMX-VENC-720p( 9562): In Convert and queue Meta Buffer
03-16 13:54:39.223 D/OMX-VENC-720p( 9562): FTB: buffer->pBuffer[0xa7fbf000]
03-16 13:54:39.223 D/OMX-VENC-720p( 9562): Value of this pointer in post_event 0xb5b3f000
03-16 13:54:39.223 D/OMX-VENC-720p( 9562): omx_venc: post_message 4
03-16 13:54:39.225 D/OMX-VENC-720p( 9562): Color convert status 0
03-16 13:54:39.225 D/OMX-VENC-720p( 9562): Status of getbuffer is 0
03-16 13:54:39.225 D/OMX-VENC-720p( 9562): Buffer header 0xb589b640 Filled len size 921600
03-16 13:54:39.225 D/OMX-VENC-720p( 9562): venc_use_buf:: pmem_tmp = 0xaf6f8dc0
03-16 13:54:39.225 D/OMX-VENC-720p( 9562): VIDIOC_PREPARE_BUF Failed
03-16 13:54:39.225 D/OMX-VENC-720p( 9562): ETBProxy: buffer->pBuffer[0xa53e8000]
03-16 13:54:39.225 D/OMX-VENC-720p( 9562): ETB (color-converted) fd = 155, size = 921600
03-16 13:54:39.225 D/OMX-VENC-720p( 9562): Input buffer length 921600
03-16 13:54:39.225 D/OMX-VENC-720p( 9562): venc_empty_buf: Opaque non-camera buf: fd = 155 : filled 921600 of 925696
03-16 13:54:39.225 D/OMX-VENC-720p( 9562): pdest_frame pop address is 0xb589b500
03-16 13:54:39.225 D/OMX-VENC-720p( 9562): FTBProxy: bufferAdd->pBuffer[0xa7fbf000]
03-16 13:54:39.225 D/OMX-VENC-720p( 9562): Shared PMEM addr for o/p PMEM UseBuf/AllocateBuf: 0xa7fbf000
03-16 13:54:39.225 D/OMX-VENC-720p( 9562): exited the while loop
03-16 13:54:39.225 D/OMX-VENC-720p( 9562): exited the while loop
03-16 13:54:39.229 E/mm-camera-CORE(  338): af_set_parameters: Setting parameter: 27
03-16 13:54:39.229 E/mm-camera-CORE(  338): af_set_parameters: param=0xb25daf10 af_obj=0xb27fb000, type =27
03-16 13:54:39.229 D/mm-camera-intf( 9562): mm_stream_read_msm_frame: VIDIOC_DQBUF buf_index 10, frame_idx 11, stream type 7
03-16 13:54:39.229 D/QCamera2HWI( 9562): static void qcamera::QCamera2HardwareInterface::metadata_stream_cb_routine(mm_camera_super_buf_t*, qcamera::QCameraStream*, void*): hdr_scene_data: 1 0 0.000000
03-16 13:54:39.229 E/QCamera2HWI( 9562): static void qcamera::QCamera2HardwareInterface::metadata_stream_cb_routine(mm_camera_super_buf_t*, qcamera::QCameraStream*, void*),asd_valid:0 scene:0x0
03-16 13:54:39.229 E/QCamera2HWI( 9562): int32_t qcamera::QCamera2HardwareInterface::processHDRData(cam_asd_hdr_scene_data_t) : hdr_scene_data: processHDRData: 0x0 0.000000
03-16 13:54:39.229 E/QCamera2HWI( 9562): static void qcamera::QCamera2HardwareInterface::metadata_stream_cb_routine(mm_camera_super_buf_t*, qcamera::QCameraStream*, void*), pme->mFlashNeeded 0, pme->mExpTime 0.036863, pme->mISOValue 400
03-16 13:54:39.229 D/QCamera2HWI( 9562): static void qcamera::QCamera2HardwareInterface::metadata_stream_cb_routine(mm_camera_super_buf_t*, qcamera::QCameraStream*, void*), metadata for awb params.
03-16 13:54:39.229 D/QCamera2HWI( 9562): int32_t qcamera::QCamera2HardwareInterface::transAwbMetaToParams(cam_awb_params_t&), cct value: 5225
03-16 13:54:39.229 E/mm-camera-sensor(  338): port_sensor_handle_aec_update:788 g 4.085938 lux idx 313.507141
03-16 13:54:39.230 E/mm-camera(  338): isp_save_aec_param:1315] sessionid = 2 bracket state 0
03-16 13:54:39.230 E/mm-camera(  338): isp_save_aec_param:1341] gain 313.507141 lux 4.085938
03-16 13:54:39.230 E/mm-camera(  338): port_isp_module_event: received AWB update event, identity = 0x20002
03-16 13:54:39.230 E/mm-camera(  338): isp_set_awb_trigger_update:894] sessionid = 2 bracket state 0
03-16 13:54:39.230 E/mm-camera(  338): isp_set_awb_trigger_update: session_id = 2, color_temp = 5225 gain 1.650474 1.000000 1.575832
03-16 13:54:39.233 D/OMX-VENC-720p( 9562): omx_venc::async_message_process- msgcode = 1
03-16 13:54:39.233 D/OMX-VENC-720p( 9562): venc_free_buf:pbuffer = a53e8000,fd = 9b, offset = 0, maped_size = 925696
03-16 13:54:39.233 D/OMX-VENC-720p( 9562): Value of this pointer in post_event 0xb5b3f000
03-16 13:54:39.233 D/OMX-VENC-720p( 9562): omx_venc: post_message 8
03-16 13:54:39.233 D/OMX-VENC-720p( 9562): empty_buffer_done: buffer[0xb589b640]
03-16 13:54:39.233 D/OMX-VENC-720p( 9562): empty_buffer_done insert address is 0xb589b640
03-16 13:54:39.233 D/OMX-VENC-720p( 9562): exited the while loop
03-16 13:54:39.233 D/OMX-VENC-720p( 9562): omx_venc::async_message_process- msgcode = 2
03-16 13:54:39.233 D/OMX-VENC-720p( 9562): o/p TS = 1944860705
03-16 13:54:39.233 D/OMX-VENC-720p( 9562): Value of this pointer in post_event 0xb5b3f000
03-16 13:54:39.233 D/OMX-VENC-720p( 9562): omx_venc: post_message 12
03-16 13:54:39.234 D/OMX-VENC-720p( 9562): ETB: buffer = 0xb5b40fe8, buffer->pBuffer[0xb5b3f080]
03-16 13:54:39.234 D/OMX-VENC-720p( 9562): DBG: i/p nTimestamp = 1944876233
03-16 13:54:39.234 D/OMX-VENC-720p( 9562): fill_buffer_done: buffer->pBuffer[0xa7fbf000], flags=0x0 size = 235
03-16 13:54:39.234 D/OMX-VENC-720p( 9562): Value of this pointer in post_event 0xb5b3f000
03-16 13:54:39.234 D/OMX-VENC-720p( 9562): omx_venc: post_message 19
03-16 13:54:39.234 D/OMX-VENC-720p( 9562): OMX_COMPONENT_GENERATE_ETB_OPQ
03-16 13:54:39.234 D/OMX-VENC-720p( 9562): ETBProxyOpaque: buffer[0xb5b40fe8]
03-16 13:54:39.234 D/OMX-VENC-720p( 9562): In Convert and queue Meta Buffer
03-16 13:54:39.235 D/OMX-VENC-720p( 9562): Color convert status 0
03-16 13:54:39.235 D/OMX-VENC-720p( 9562): Status of getbuffer is 0
03-16 13:54:39.235 D/OMX-VENC-720p( 9562): Buffer header 0xb589b500 Filled len size 921600
03-16 13:54:39.235 D/OMX-VENC-720p( 9562): venc_use_buf:: pmem_tmp = 0xaf6f8d80
03-16 13:54:39.236 D/OMX-VENC-720p( 9562): VIDIOC_PREPARE_BUF Failed
03-16 13:54:39.236 D/OMX-VENC-720p( 9562): ETBProxy: buffer->pBuffer[0xa8a7b000]
03-16 13:54:39.236 D/OMX-VENC-720p( 9562): ETB (color-converted) fd = 140, size = 921600
03-16 13:54:39.236 D/OMX-VENC-720p( 9562): FTB: buffer->pBuffer[0xa7fbf000]
03-16 13:54:39.236 D/OMX-VENC-720p( 9562): Input buffer length 921600
03-16 13:54:39.236 D/OMX-VENC-720p( 9562): Value of this pointer in post_event 0xb5b3f000
03-16 13:54:39.236 D/OMX-VENC-720p( 9562): venc_empty_buf: Opaque non-camera buf: fd = 140 : filled 921600 of 925696
03-16 13:54:39.236 D/OMX-VENC-720p( 9562): omx_venc: post_message 4
03-16 13:54:39.236 D/OMX-VENC-720p( 9562): pdest_frame pop address is 0xb589b550
03-16 13:54:39.236 D/OMX-VENC-720p( 9562): FTBProxy: bufferAdd->pBuffer[0xa7fbf000]
03-16 13:54:39.236 D/OMX-VENC-720p( 9562): Shared PMEM addr for o/p PMEM UseBuf/AllocateBuf: 0xa7fbf000
03-16 13:54:39.236 D/OMX-VENC-720p( 9562): exited the while loop
03-16 13:54:39.236 D/OMX-VENC-720p( 9562): exited the while loop
03-16 13:54:39.236 D/OMX-VENC-720p( 9562): exited the while loop
03-16 13:54:39.243 D/OMX-VENC-720p( 9562): omx_venc::async_message_process- msgcode = 1
03-16 13:54:39.243 D/OMX-VENC-720p( 9562): venc_free_buf:pbuffer = a8a7b000,fd = 8c, offset = 0, maped_size = 925696
03-16 13:54:39.243 D/OMX-VENC-720p( 9562): Value of this pointer in post_event 0xb5b3f000
03-16 13:54:39.243 D/OMX-VENC-720p( 9562): omx_venc: post_message 8
03-16 13:54:39.243 D/OMX-VENC-720p( 9562): empty_buffer_done: buffer[0xb589b500]
03-16 13:54:39.243 D/OMX-VENC-720p( 9562): empty_buffer_done insert address is 0xb589b500
03-16 13:54:39.243 D/OMX-VENC-720p( 9562): omx_venc::async_message_process- msgcode = 2
03-16 13:54:39.243 D/OMX-VENC-720p( 9562): exited the while loop
03-16 13:54:39.243 D/OMX-VENC-720p( 9562): o/p TS = 1944876233
03-16 13:54:39.243 D/OMX-VENC-720p( 9562): Value of this pointer in post_event 0xb5b3f000
03-16 13:54:39.243 D/OMX-VENC-720p( 9562): omx_venc: post_message 12
03-16 13:54:39.243 D/OMX-VENC-720p( 9562): fill_buffer_done: buffer->pBuffer[0xa7fbf000], flags=0x0 size = 45066
03-16 13:54:39.243 D/OMX-VENC-720p( 9562): exited the while loop
03-16 13:54:39.245 D/OMX-VENC-720p( 9562): FTB: buffer->pBuffer[0xa7fbf000]
03-16 13:54:39.245 D/OMX-VENC-720p( 9562): Value of this pointer in post_event 0xb5b3f000
03-16 13:54:39.245 D/OMX-VENC-720p( 9562): omx_venc: post_message 4
03-16 13:54:39.245 D/OMX-VENC-720p( 9562): FTBProxy: bufferAdd->pBuffer[0xa7fbf000]
03-16 13:54:39.245 D/OMX-VENC-720p( 9562): Shared PMEM addr for o/p PMEM UseBuf/AllocateBuf: 0xa7fbf000
03-16 13:54:39.245 D/OMX-VENC-720p( 9562): exited the while loop
03-16 13:54:39.247 E/mm-camera(  338): cpp_hardware_process_frame:888] stream_status:0xb487c308, iden:0x20002, cur_frame_id:12
03-16 13:54:39.250 D/mm-camera-intf( 9562): mm_stream_read_msm_frame: VIDIOC_DQBUF buf_index 0, frame_idx 12, stream type 1
03-16 13:54:39.250 D/QCamera2HWI( 9562): [KPI Perf] static void qcamera::QCamera2HardwareInterface::preview_stream_cb_routine(mm_camera_super_buf_t*, qcamera::QCameraStream*, void*) : BEGIN
03-16 13:54:39.250 D/OMX-VENC-720p( 9562): ETB: buffer = 0xb5b40fe8, buffer->pBuffer[0xb5b3f080]
03-16 13:54:39.250 D/OMX-VENC-720p( 9562): DBG: i/p nTimestamp = 1944893451
03-16 13:54:39.250 D/OMX-VENC-720p( 9562): Value of this pointer in post_event 0xb5b3f000
03-16 13:54:39.250 D/OMX-VENC-720p( 9562): omx_venc: post_message 19
03-16 13:54:39.250 D/OMX-VENC-720p( 9562): OMX_COMPONENT_GENERATE_ETB_OPQ
03-16 13:54:39.250 D/OMX-VENC-720p( 9562): ETBProxyOpaque: buffer[0xb5b40fe8]
03-16 13:54:39.250 D/OMX-VENC-720p( 9562): In Convert and queue Meta Buffer
03-16 13:54:39.251 D/QCamera2HWI( 9562): [KPI Perf] static void qcamera::QCamera2HardwareInterface::preview_stream_cb_routine(mm_camera_super_buf_t*, qcamera::QCameraStream*, void*) : END
03-16 13:54:39.252 D/OMX-VENC-720p( 9562): Color convert status 0
03-16 13:54:39.252 D/OMX-VENC-720p( 9562): Status of getbuffer is 0
03-16 13:54:39.252 D/OMX-VENC-720p( 9562): Buffer header 0xb589b550 Filled len size 921600
03-16 13:54:39.252 D/OMX-VENC-720p( 9562): venc_use_buf:: pmem_tmp = 0xaf6f8d90
03-16 13:54:39.252 D/OMX-VENC-720p( 9562): VIDIOC_PREPARE_BUF Failed
03-16 13:54:39.252 D/OMX-VENC-720p( 9562): ETBProxy: buffer->pBuffer[0xa5aac000]
03-16 13:54:39.252 D/OMX-VENC-720p( 9562): ETB (color-converted) fd = 146, size = 921600
03-16 13:54:39.252 D/OMX-VENC-720p( 9562): Input buffer length 921600
03-16 13:54:39.252 D/OMX-VENC-720p( 9562): venc_empty_buf: Opaque non-camera buf: fd = 146 : filled 921600 of 925696
03-16 13:54:39.252 D/OMX-VENC-720p( 9562): pdest_frame pop address is 0xb589b5a0
03-16 13:54:39.252 D/OMX-VENC-720p( 9562): exited the while loop
03-16 13:54:39.259 D/OMX-VENC-720p( 9562): omx_venc::async_message_process- msgcode = 1
03-16 13:54:39.259 D/OMX-VENC-720p( 9562): venc_free_buf:pbuffer = a5aac000,fd = 92, offset = 0, maped_size = 925696
03-16 13:54:39.259 D/OMX-VENC-720p( 9562): Value of this pointer in post_event 0xb5b3f000
03-16 13:54:39.259 D/OMX-VENC-720p( 9562): omx_venc: post_message 8
03-16 13:54:39.259 D/OMX-VENC-720p( 9562): empty_buffer_done: buffer[0xb589b550]
03-16 13:54:39.259 D/OMX-VENC-720p( 9562): empty_buffer_done insert address is 0xb589b550
03-16 13:54:39.259 D/OMX-VENC-720p( 9562): exited the while loop
03-16 13:54:39.259 D/OMX-VENC-720p( 9562): omx_venc::async_message_process- msgcode = 2
03-16 13:54:39.260 D/OMX-VENC-720p( 9562): o/p TS = 1944893451
03-16 13:54:39.260 D/OMX-VENC-720p( 9562): Value of this pointer in post_event 0xb5b3f000
03-16 13:54:39.260 D/OMX-VENC-720p( 9562): omx_venc: post_message 12
03-16 13:54:39.260 D/OMX-VENC-720p( 9562): fill_buffer_done: buffer->pBuffer[0xa7fbf000], flags=0x0 size = 66427
03-16 13:54:39.260 D/OMX-VENC-720p( 9562): exited the while loop
03-16 13:54:39.261 D/OMX-VENC-720p( 9562): FTB: buffer->pBuffer[0xa7fbf000]
03-16 13:54:39.261 D/OMX-VENC-720p( 9562): Value of this pointer in post_event 0xb5b3f000
03-16 13:54:39.261 D/OMX-VENC-720p( 9562): omx_venc: post_message 4
03-16 13:54:39.261 D/OMX-VENC-720p( 9562): FTBProxy: bufferAdd->pBuffer[0xa7fbf000]
03-16 13:54:39.261 D/OMX-VENC-720p( 9562): Shared PMEM addr for o/p PMEM UseBuf/AllocateBuf: 0xa7fbf000
03-16 13:54:39.261 D/OMX-VENC-720p( 9562): exited the while loop
03-16 13:54:39.265 E/mm-camera-CORE(  338): af_set_parameters: Setting parameter: 27
03-16 13:54:39.265 E/mm-camera-CORE(  338): af_set_parameters: param=0xb25ddc10 af_obj=0xb27fb000, type =27
03-16 13:54:39.266 D/mm-camera-intf( 9562): mm_stream_read_msm_frame: VIDIOC_DQBUF buf_index 11, frame_idx 12, stream type 7
03-16 13:54:39.266 E/mm-camera(  338): isp_save_aec_param:1315] sessionid = 2 bracket state 0
03-16 13:54:39.266 E/mm-camera(  338): isp_save_aec_param:1341] gain 313.507141 lux 4.085938
03-16 13:54:39.266 D/QCamera2HWI( 9562): static void qcamera::QCamera2HardwareInterface::metadata_stream_cb_routine(mm_camera_super_buf_t*, qcamera::QCameraStream*, void*): hdr_scene_data: 1 0 0.000000
03-16 13:54:39.267 E/QCamera2HWI( 9562): static void qcamera::QCamera2HardwareInterface::metadata_stream_cb_routine(mm_camera_super_buf_t*, qcamera::QCameraStream*, void*),asd_valid:0 scene:0x0
03-16 13:54:39.267 E/QCamera2HWI( 9562): int32_t qcamera::QCamera2HardwareInterface::processHDRData(cam_asd_hdr_scene_data_t) : hdr_scene_data: processHDRData: 0x0 0.000000
03-16 13:54:39.267 E/QCamera2HWI( 9562): static void qcamera::QCamera2HardwareInterface::metadata_stream_cb_routine(mm_camera_super_buf_t*, qcamera::QCameraStream*, void*), pme->mFlashNeeded 0, pme->mExpTime 0.036863, pme->mISOValue 400
03-16 13:54:39.267 D/QCamera2HWI( 9562): static void qcamera::QCamera2HardwareInterface::metadata_stream_cb_routine(mm_camera_super_buf_t*, qcamera::QCameraStream*, void*), metadata for awb params.
03-16 13:54:39.267 E/mm-camera(  338): port_isp_module_event: received AWB update event, identity = 0x20002
03-16 13:54:39.267 E/mm-camera(  338): isp_set_awb_trigger_update:894] sessionid = 2 bracket state 0
03-16 13:54:39.267 D/OMX-VENC-720p( 9562): ETB: buffer = 0xb5b40fe8, buffer->pBuffer[0xb5b3f080]
03-16 13:54:39.267 D/QCamera2HWI( 9562): int32_t qcamera::QCamera2HardwareInterface::transAwbMetaToParams(cam_awb_params_t&), cct value: 5225
03-16 13:54:39.267 E/mm-camera(  338): isp_set_awb_trigger_update: session_id = 2, color_temp = 5225 gain 1.651320 1.000000 1.575409
03-16 13:54:39.267 D/OMX-VENC-720p( 9562): DBG: i/p nTimestamp = 1944909531
03-16 13:54:39.267 D/OMX-VENC-720p( 9562): Value of this pointer in post_event 0xb5b3f000
03-16 13:54:39.267 D/OMX-VENC-720p( 9562): omx_venc: post_message 19
03-16 13:54:39.267 D/OMX-VENC-720p( 9562): OMX_COMPONENT_GENERATE_ETB_OPQ
03-16 13:54:39.267 D/OMX-VENC-720p( 9562): ETBProxyOpaque: buffer[0xb5b40fe8]
03-16 13:54:39.267 D/OMX-VENC-720p( 9562): In Convert and queue Meta Buffer
03-16 13:54:39.269 D/OMX-VENC-720p( 9562): Color convert status 0
03-16 13:54:39.269 D/OMX-VENC-720p( 9562): Status of getbuffer is 0
03-16 13:54:39.269 D/OMX-VENC-720p( 9562): Buffer header 0xb589b5a0 Filled len size 921600
03-16 13:54:39.269 D/OMX-VENC-720p( 9562): venc_use_buf:: pmem_tmp = 0xaf6f8da0
03-16 13:54:39.269 D/OMX-VENC-720p( 9562): VIDIOC_PREPARE_BUF Failed
03-16 13:54:39.269 D/OMX-VENC-720p( 9562): ETBProxy: buffer->pBuffer[0xa55ac000]
03-16 13:54:39.269 D/OMX-VENC-720p( 9562): ETB (color-converted) fd = 149, size = 921600
03-16 13:54:39.269 D/OMX-VENC-720p( 9562): Input buffer length 921600
03-16 13:54:39.269 D/OMX-VENC-720p( 9562): venc_empty_buf: Opaque non-camera buf: fd = 149 : filled 921600 of 925696
03-16 13:54:39.269 D/OMX-VENC-720p( 9562): pdest_frame pop address is 0xb589b5f0
03-16 13:54:39.269 D/OMX-VENC-720p( 9562): exited the while loop
03-16 13:54:39.276 D/OMX-VENC-720p( 9562): omx_venc::async_message_process- msgcode = 1
