03-16 13:54:39.276 D/OMX-VENC-720p( 9562): venc_free_buf:pbuffer = a55ac000,fd = 95, offset = 0, maped_size = 925696
03-16 13:54:39.276 D/OMX-VENC-720p( 9562): Value of this pointer in post_event 0xb5b3f000
03-16 13:54:39.276 D/OMX-VENC-720p( 9562): omx_venc: post_message 8
03-16 13:54:39.276 D/OMX-VENC-720p( 9562): empty_buffer_done: buffer[0xb589b5a0]
03-16 13:54:39.276 D/OMX-VENC-720p( 9562): empty_buffer_done insert address is 0xb589b5a0
03-16 13:54:39.276 D/OMX-VENC-720p( 9562): exited the while loop
03-16 13:54:39.276 D/OMX-VENC-720p( 9562): omx_venc::async_message_process- msgcode = 2
03-16 13:54:39.276 D/OMX-VENC-720p( 9562): o/p TS = 1944909531
03-16 13:54:39.276 D/OMX-VENC-720p( 9562): Value of this pointer in post_event 0xb5b3f000
03-16 13:54:39.276 D/OMX-VENC-720p( 9562): omx_venc: post_message 12
03-16 13:54:39.276 D/OMX-VENC-720p( 9562): fill_buffer_done: buffer->pBuffer[0xa7fbf000], flags=0x0 size = 2945
03-16 13:54:39.276 D/OMX-VENC-720p( 9562): exited the while loop
03-16 13:54:39.278 D/OMX-VENC-720p( 9562): FTB: buffer->pBuffer[0xa7fbf000]
03-16 13:54:39.278 D/OMX-VENC-720p( 9562): Value of this pointer in post_event 0xb5b3f000
03-16 13:54:39.278 D/OMX-VENC-720p( 9562): omx_venc: post_message 4
03-16 13:54:39.278 D/OMX-VENC-720p( 9562): FTBProxy: bufferAdd->pBuffer[0xa7fbf000]
03-16 13:54:39.278 D/OMX-VENC-720p( 9562): Shared PMEM addr for o/p PMEM UseBuf/AllocateBuf: 0xa7fbf000
03-16 13:54:39.278 D/OMX-VENC-720p( 9562): exited the while loop
03-16 13:54:39.283 D/OMX-VENC-720p( 9562): ETB: buffer = 0xb5b40fe8, buffer->pBuffer[0xb5b3f080]
03-16 13:54:39.283 D/OMX-VENC-720p( 9562): DBG: i/p nTimestamp = 1944926189
03-16 13:54:39.283 D/OMX-VENC-720p( 9562): Value of this pointer in post_event 0xb5b3f000
03-16 13:54:39.283 D/OMX-VENC-720p( 9562): omx_venc: post_message 19
03-16 13:54:39.283 D/OMX-VENC-720p( 9562): OMX_COMPONENT_GENERATE_ETB_OPQ
03-16 13:54:39.283 D/OMX-VENC-720p( 9562): ETBProxyOpaque: buffer[0xb5b40fe8]
03-16 13:54:39.283 D/OMX-VENC-720p( 9562): In Convert and queue Meta Buffer
03-16 13:54:39.284 E/mm-camera(  338): cpp_hardware_process_frame:888] stream_status:0xb487c308, iden:0x20002, cur_frame_id:13
03-16 13:54:39.285 D/OMX-VENC-720p( 9562): Color convert status 0
03-16 13:54:39.285 D/OMX-VENC-720p( 9562): Status of getbuffer is 0
03-16 13:54:39.285 D/OMX-VENC-720p( 9562): Buffer header 0xb589b5f0 Filled len size 921600
03-16 13:54:39.285 D/OMX-VENC-720p( 9562): venc_use_buf:: pmem_tmp = 0xaf6f8db0
03-16 13:54:39.285 D/OMX-VENC-720p( 9562): VIDIOC_PREPARE_BUF Failed
03-16 13:54:39.285 D/OMX-VENC-720p( 9562): ETBProxy: buffer->pBuffer[0xa54ca000]
03-16 13:54:39.285 D/OMX-VENC-720p( 9562): ETB (color-converted) fd = 152, size = 921600
03-16 13:54:39.285 D/OMX-VENC-720p( 9562): Input buffer length 921600
03-16 13:54:39.285 D/OMX-VENC-720p( 9562): venc_empty_buf: Opaque non-camera buf: fd = 152 : filled 921600 of 925696
03-16 13:54:39.285 D/OMX-VENC-720p( 9562): pdest_frame pop address is 0xb589b640
03-16 13:54:39.285 D/OMX-VENC-720p( 9562): exited the while loop
03-16 13:54:39.287 D/mm-camera-intf( 9562): mm_stream_read_msm_frame: VIDIOC_DQBUF buf_index 1, frame_idx 13, stream type 1
03-16 13:54:39.287 D/QCamera2HWI( 9562): [KPI Perf] static void qcamera::QCamera2HardwareInterface::preview_stream_cb_routine(mm_camera_super_buf_t*, qcamera::QCameraStream*, void*) : BEGIN
03-16 13:54:39.288 D/QCamera2HWI( 9562): [KPI Perf] static void qcamera::QCamera2HardwareInterface::preview_stream_cb_routine(mm_camera_super_buf_t*, qcamera::QCameraStream*, void*) : END
03-16 13:54:39.292 D/OMX-VENC-720p( 9562): omx_venc::async_message_process- msgcode = 1
03-16 13:54:39.292 D/OMX-VENC-720p( 9562): venc_free_buf:pbuffer = a54ca000,fd = 98, offset = 0, maped_size = 925696
03-16 13:54:39.292 D/OMX-VENC-720p( 9562): Value of this pointer in post_event 0xb5b3f000
03-16 13:54:39.292 D/OMX-VENC-720p( 9562): omx_venc: post_message 8
03-16 13:54:39.292 D/OMX-VENC-720p( 9562): empty_buffer_done: buffer[0xb589b5f0]
03-16 13:54:39.292 D/OMX-VENC-720p( 9562): omx_venc::async_message_process- msgcode = 2
03-16 13:54:39.292 D/OMX-VENC-720p( 9562): empty_buffer_done insert address is 0xb589b5f0
03-16 13:54:39.292 D/OMX-VENC-720p( 9562): exited the while loop
03-16 13:54:39.292 D/OMX-VENC-720p( 9562): o/p TS = 1944926189
03-16 13:54:39.292 D/OMX-VENC-720p( 9562): Value of this pointer in post_event 0xb5b3f000
03-16 13:54:39.292 D/OMX-VENC-720p( 9562): omx_venc: post_message 12
03-16 13:54:39.293 D/OMX-VENC-720p( 9562): fill_buffer_done: buffer->pBuffer[0xa7fbf000], flags=0x0 size = 39115
03-16 13:54:39.293 D/OMX-VENC-720p( 9562): exited the while loop
03-16 13:54:39.294 D/OMX-VENC-720p( 9562): FTB: buffer->pBuffer[0xa7fbf000]
03-16 13:54:39.294 D/OMX-VENC-720p( 9562): Value of this pointer in post_event 0xb5b3f000
03-16 13:54:39.294 D/OMX-VENC-720p( 9562): omx_venc: post_message 4
03-16 13:54:39.294 D/OMX-VENC-720p( 9562): FTBProxy: bufferAdd->pBuffer[0xa7fbf000]
03-16 13:54:39.294 D/OMX-VENC-720p( 9562): Shared PMEM addr for o/p PMEM UseBuf/AllocateBuf: 0xa7fbf000
03-16 13:54:39.294 D/OMX-VENC-720p( 9562): exited the while loop
03-16 13:54:39.302 E/mm-camera-CORE(  338): af_set_parameters: Setting parameter: 27
03-16 13:54:39.302 E/mm-camera-CORE(  338): af_set_parameters: param=0xb25da010 af_obj=0xb27fb000, type =27
03-16 13:54:39.303 D/mm-camera-intf( 9562): mm_stream_read_msm_frame: VIDIOC_DQBUF buf_index 0, frame_idx 13, stream type 7
03-16 13:54:39.303 E/mm-camera(  338): isp_save_aec_param:1315] sessionid = 2 bracket state 0
03-16 13:54:39.303 E/mm-camera(  338): isp_save_aec_param:1341] gain 313.507141 lux 4.085938
03-16 13:54:39.303 E/mm-camera(  338): port_isp_module_event: received AWB update event, identity = 0x20002
03-16 13:54:39.303 D/QCamera2HWI( 9562): static void qcamera::QCamera2HardwareInterface::metadata_stream_cb_routine(mm_camera_super_buf_t*, qcamera::QCameraStream*, void*): hdr_scene_data: 1 0 0.000000
03-16 13:54:39.303 E/QCamera2HWI( 9562): static void qcamera::QCamera2HardwareInterface::metadata_stream_cb_routine(mm_camera_super_buf_t*, qcamera::QCameraStream*, void*),asd_valid:0 scene:0x0
03-16 13:54:39.303 E/QCamera2HWI( 9562): int32_t qcamera::QCamera2HardwareInterface::processHDRData(cam_asd_hdr_scene_data_t) : hdr_scene_data: processHDRData: 0x0 0.000000
03-16 13:54:39.303 E/QCamera2HWI( 9562): static void qcamera::QCamera2HardwareInterface::metadata_stream_cb_routine(mm_camera_super_buf_t*, qcamera::QCameraStream*, void*), pme->mFlashNeeded 0, pme->mExpTime 0.036863, pme->mISOValue 400
03-16 13:54:39.303 D/QCamera2HWI( 9562): static void qcamera::QCamera2HardwareInterface::metadata_stream_cb_routine(mm_camera_super_buf_t*, qcamera::QCameraStream*, void*), metadata for awb params.
03-16 13:54:39.303 D/OMX-VENC-720p( 9562): ETB: buffer = 0xb5b40fe8, buffer->pBuffer[0xb5b3f080]
03-16 13:54:39.303 D/OMX-VENC-720p( 9562): DBG: i/p nTimestamp = 1944945723
03-16 13:54:39.303 D/OMX-VENC-720p( 9562): Value of this pointer in post_event 0xb5b3f000
03-16 13:54:39.303 D/OMX-VENC-720p( 9562): omx_venc: post_message 19
03-16 13:54:39.303 D/QCamera2HWI( 9562): int32_t qcamera::QCamera2HardwareInterface::transAwbMetaToParams(cam_awb_params_t&), cct value: 5225
03-16 13:54:39.303 D/OMX-VENC-720p( 9562): OMX_COMPONENT_GENERATE_ETB_OPQ
03-16 13:54:39.303 D/OMX-VENC-720p( 9562): ETBProxyOpaque: buffer[0xb5b40fe8]
03-16 13:54:39.303 D/OMX-VENC-720p( 9562): In Convert and queue Meta Buffer
03-16 13:54:39.304 E/mm-camera(  338): isp_set_awb_trigger_update:894] sessionid = 2 bracket state 0
03-16 13:54:39.304 E/mm-camera(  338): isp_set_awb_trigger_update: session_id = 2, color_temp = 5225 gain 1.651912 1.000000 1.575113
03-16 13:54:39.306 D/OMX-VENC-720p( 9562): Color convert status 0
03-16 13:54:39.306 D/OMX-VENC-720p( 9562): Status of getbuffer is 0
03-16 13:54:39.306 D/OMX-VENC-720p( 9562): Buffer header 0xb589b640 Filled len size 921600
03-16 13:54:39.306 D/OMX-VENC-720p( 9562): venc_use_buf:: pmem_tmp = 0xaf6f8dc0
03-16 13:54:39.306 D/OMX-VENC-720p( 9562): VIDIOC_PREPARE_BUF Failed
03-16 13:54:39.306 D/OMX-VENC-720p( 9562): ETBProxy: buffer->pBuffer[0xa53e8000]
03-16 13:54:39.306 D/OMX-VENC-720p( 9562): ETB (color-converted) fd = 155, size = 921600
03-16 13:54:39.306 D/OMX-VENC-720p( 9562): Input buffer length 921600
03-16 13:54:39.306 D/OMX-VENC-720p( 9562): venc_empty_buf: Opaque non-camera buf: fd = 155 : filled 921600 of 925696
03-16 13:54:39.306 D/OMX-VENC-720p( 9562): pdest_frame pop address is 0xb589b500
03-16 13:54:39.306 D/OMX-VENC-720p( 9562): exited the while loop
03-16 13:54:39.313 D/OMX-VENC-720p( 9562): omx_venc::async_message_process- msgcode = 1
03-16 13:54:39.313 D/OMX-VENC-720p( 9562): venc_free_buf:pbuffer = a53e8000,fd = 9b, offset = 0, maped_size = 925696
03-16 13:54:39.313 D/OMX-VENC-720p( 9562): Value of this pointer in post_event 0xb5b3f000
03-16 13:54:39.313 D/OMX-VENC-720p( 9562): omx_venc: post_message 8
03-16 13:54:39.313 D/OMX-VENC-720p( 9562): empty_buffer_done: buffer[0xb589b640]
03-16 13:54:39.313 D/OMX-VENC-720p( 9562): empty_buffer_done insert address is 0xb589b640
03-16 13:54:39.313 D/OMX-VENC-720p( 9562): exited the while loop
03-16 13:54:39.313 D/OMX-VENC-720p( 9562): omx_venc::async_message_process- msgcode = 2
03-16 13:54:39.313 D/OMX-VENC-720p( 9562): o/p TS = 1944945723
03-16 13:54:39.313 D/OMX-VENC-720p( 9562): Value of this pointer in post_event 0xb5b3f000
03-16 13:54:39.313 D/OMX-VENC-720p( 9562): omx_venc: post_message 12
03-16 13:54:39.313 D/OMX-VENC-720p( 9562): fill_buffer_done: buffer->pBuffer[0xa7fbf000], flags=0x0 size = 27735
03-16 13:54:39.313 D/OMX-VENC-720p( 9562): exited the while loop
03-16 13:54:39.315 D/OMX-VENC-720p( 9562): FTB: buffer->pBuffer[0xa7fbf000]
03-16 13:54:39.315 D/OMX-VENC-720p( 9562): Value of this pointer in post_event 0xb5b3f000
03-16 13:54:39.315 D/OMX-VENC-720p( 9562): omx_venc: post_message 4
03-16 13:54:39.315 D/OMX-VENC-720p( 9562): FTBProxy: bufferAdd->pBuffer[0xa7fbf000]
03-16 13:54:39.315 D/OMX-VENC-720p( 9562): Shared PMEM addr for o/p PMEM UseBuf/AllocateBuf: 0xa7fbf000
03-16 13:54:39.315 D/OMX-VENC-720p( 9562): exited the while loop
03-16 13:54:39.317 D/OMX-VENC-720p( 9562): ETB: buffer = 0xb5b40fe8, buffer->pBuffer[0xb5b3f080]
03-16 13:54:39.317 D/OMX-VENC-720p( 9562): DBG: i/p nTimestamp = 1944960264
03-16 13:54:39.317 D/OMX-VENC-720p( 9562): Value of this pointer in post_event 0xb5b3f000
03-16 13:54:39.317 D/OMX-VENC-720p( 9562): omx_venc: post_message 19
03-16 13:54:39.317 D/OMX-VENC-720p( 9562): OMX_COMPONENT_GENERATE_ETB_OPQ
03-16 13:54:39.317 D/OMX-VENC-720p( 9562): ETBProxyOpaque: buffer[0xb5b40fe8]
03-16 13:54:39.317 D/OMX-VENC-720p( 9562): In Convert and queue Meta Buffer
03-16 13:54:39.319 D/OMX-VENC-720p( 9562): Color convert status 0
03-16 13:54:39.319 D/OMX-VENC-720p( 9562): Status of getbuffer is 0
03-16 13:54:39.319 D/OMX-VENC-720p( 9562): Buffer header 0xb589b500 Filled len size 921600
03-16 13:54:39.319 D/OMX-VENC-720p( 9562): venc_use_buf:: pmem_tmp = 0xaf6f8d80
03-16 13:54:39.319 D/OMX-VENC-720p( 9562): VIDIOC_PREPARE_BUF Failed
03-16 13:54:39.319 D/OMX-VENC-720p( 9562): ETBProxy: buffer->pBuffer[0xa8a7b000]
03-16 13:54:39.319 D/OMX-VENC-720p( 9562): ETB (color-converted) fd = 140, size = 921600
03-16 13:54:39.319 D/OMX-VENC-720p( 9562): Input buffer length 921600
03-16 13:54:39.319 D/OMX-VENC-720p( 9562): venc_empty_buf: Opaque non-camera buf: fd = 140 : filled 921600 of 925696
03-16 13:54:39.319 D/OMX-VENC-720p( 9562): pdest_frame pop address is 0xb589b550
03-16 13:54:39.319 D/OMX-VENC-720p( 9562): exited the while loop
03-16 13:54:39.321 E/mm-camera(  338): cpp_hardware_process_frame:888] stream_status:0xb487c308, iden:0x20002, cur_frame_id:14
03-16 13:54:39.324 D/mm-camera-intf( 9562): mm_stream_read_msm_frame: VIDIOC_DQBUF buf_index 6, frame_idx 14, stream type 1
03-16 13:54:39.324 D/QCamera2HWI( 9562): [KPI Perf] static void qcamera::QCamera2HardwareInterface::preview_stream_cb_routine(mm_camera_super_buf_t*, qcamera::QCameraStream*, void*) : BEGIN
03-16 13:54:39.324 D/QCamera2HWI( 9562): [KPI Perf] static void qcamera::QCamera2HardwareInterface::preview_stream_cb_routine(mm_camera_super_buf_t*, qcamera::QCameraStream*, void*) : END
03-16 13:54:39.326 D/OMX-VENC-720p( 9562): omx_venc::async_message_process- msgcode = 2
03-16 13:54:39.326 D/OMX-VENC-720p( 9562): o/p TS = 1944960264
03-16 13:54:39.326 D/OMX-VENC-720p( 9562): Value of this pointer in post_event 0xb5b3f000
03-16 13:54:39.326 D/OMX-VENC-720p( 9562): omx_venc: post_message 12
03-16 13:54:39.326 D/OMX-VENC-720p( 9562): omx_venc::async_message_process- msgcode = 1
03-16 13:54:39.326 D/OMX-VENC-720p( 9562): fill_buffer_done: buffer->pBuffer[0xa7fbf000], flags=0x0 size = 39524
03-16 13:54:39.326 D/OMX-VENC-720p( 9562): venc_free_buf:pbuffer = a8a7b000,fd = 8c, offset = 0, maped_size = 925696
03-16 13:54:39.326 D/OMX-VENC-720p( 9562): Value of this pointer in post_event 0xb5b3f000
03-16 13:54:39.326 D/OMX-VENC-720p( 9562): omx_venc: post_message 8
03-16 13:54:39.326 D/OMX-VENC-720p( 9562): empty_buffer_done: buffer[0xb589b500]
03-16 13:54:39.326 D/OMX-VENC-720p( 9562): empty_buffer_done insert address is 0xb589b500
03-16 13:54:39.326 D/OMX-VENC-720p( 9562): exited the while loop
03-16 13:54:39.327 D/OMX-VENC-720p( 9562): exited the while loop
03-16 13:54:39.328 D/OMX-VENC-720p( 9562): FTB: buffer->pBuffer[0xa7fbf000]
03-16 13:54:39.328 D/OMX-VENC-720p( 9562): Value of this pointer in post_event 0xb5b3f000
03-16 13:54:39.328 D/OMX-VENC-720p( 9562): omx_venc: post_message 4
03-16 13:54:39.328 D/OMX-VENC-720p( 9562): FTBProxy: bufferAdd->pBuffer[0xa7fbf000]
03-16 13:54:39.328 D/OMX-VENC-720p( 9562): Shared PMEM addr for o/p PMEM UseBuf/AllocateBuf: 0xa7fbf000
03-16 13:54:39.328 D/OMX-VENC-720p( 9562): exited the while loop
03-16 13:54:39.335 D/OMX-VENC-720p( 9562): ETB: buffer = 0xb5b40fe8, buffer->pBuffer[0xb5b3f080]
03-16 13:54:39.335 D/OMX-VENC-720p( 9562): DBG: i/p nTimestamp = 1944975773
03-16 13:54:39.335 D/OMX-VENC-720p( 9562): Value of this pointer in post_event 0xb5b3f000
03-16 13:54:39.335 D/OMX-VENC-720p( 9562): omx_venc: post_message 19
03-16 13:54:39.335 D/OMX-VENC-720p( 9562): OMX_COMPONENT_GENERATE_ETB_OPQ
03-16 13:54:39.335 D/OMX-VENC-720p( 9562): ETBProxyOpaque: buffer[0xb5b40fe8]
03-16 13:54:39.335 D/OMX-VENC-720p( 9562): In Convert and queue Meta Buffer
03-16 13:54:39.339 E/mm-camera(  338): isp_save_aec_param:1315] sessionid = 2 bracket state 0
03-16 13:54:39.339 E/mm-camera(  338): isp_save_aec_param:1341] gain 313.507141 lux 4.085938
03-16 13:54:39.339 E/mm-camera-CORE(  338): af_set_parameters: Setting parameter: 27
03-16 13:54:39.339 D/OMX-VENC-720p( 9562): Color convert status 0
03-16 13:54:39.339 E/mm-camera-CORE(  338): af_set_parameters: param=0xb25dc810 af_obj=0xb27fb000, type =27
03-16 13:54:39.339 D/OMX-VENC-720p( 9562): Status of getbuffer is 0
03-16 13:54:39.339 D/OMX-VENC-720p( 9562): Buffer header 0xb589b550 Filled len size 921600
03-16 13:54:39.340 D/OMX-VENC-720p( 9562): venc_use_buf:: pmem_tmp = 0xaf6f8d90
03-16 13:54:39.340 D/OMX-VENC-720p( 9562): VIDIOC_PREPARE_BUF Failed
03-16 13:54:39.340 D/OMX-VENC-720p( 9562): ETBProxy: buffer->pBuffer[0xa5aac000]
03-16 13:54:39.340 D/OMX-VENC-720p( 9562): ETB (color-converted) fd = 146, size = 921600
03-16 13:54:39.340 D/OMX-VENC-720p( 9562): Input buffer length 921600
03-16 13:54:39.340 D/mm-camera-intf( 9562): mm_stream_read_msm_frame: VIDIOC_DQBUF buf_index 1, frame_idx 14, stream type 7
03-16 13:54:39.340 D/OMX-VENC-720p( 9562): venc_empty_buf: Opaque non-camera buf: fd = 146 : filled 921600 of 925696
03-16 13:54:39.340 D/OMX-VENC-720p( 9562): pdest_frame pop address is 0xb589b5a0
03-16 13:54:39.340 D/OMX-VENC-720p( 9562): exited the while loop
03-16 13:54:39.340 D/QCamera2HWI( 9562): static void qcamera::QCamera2HardwareInterface::metadata_stream_cb_routine(mm_camera_super_buf_t*, qcamera::QCameraStream*, void*): hdr_scene_data: 1 0 0.000000
03-16 13:54:39.340 E/QCamera2HWI( 9562): static void qcamera::QCamera2HardwareInterface::metadata_stream_cb_routine(mm_camera_super_buf_t*, qcamera::QCameraStream*, void*),asd_valid:0 scene:0x0
03-16 13:54:39.340 E/QCamera2HWI( 9562): int32_t qcamera::QCamera2HardwareInterface::processHDRData(cam_asd_hdr_scene_data_t) : hdr_scene_data: processHDRData: 0x0 0.000000
03-16 13:54:39.340 E/QCamera2HWI( 9562): static void qcamera::QCamera2HardwareInterface::metadata_stream_cb_routine(mm_camera_super_buf_t*, qcamera::QCameraStream*, void*), pme->mFlashNeeded 0, pme->mExpTime 0.036863, pme->mISOValue 400
03-16 13:54:39.340 D/QCamera2HWI( 9562): static void qcamera::QCamera2HardwareInterface::metadata_stream_cb_routine(mm_camera_super_buf_t*, qcamera::QCameraStream*, void*), metadata for awb params.
03-16 13:54:39.340 D/QCamera2HWI( 9562): int32_t qcamera::QCamera2HardwareInterface::transAwbMetaToParams(cam_awb_params_t&), cct value: 5225
03-16 13:54:39.341 E/mm-camera(  338): port_isp_module_event: received AWB update event, identity = 0x20002
03-16 13:54:39.341 E/mm-camera(  338): isp_set_awb_trigger_update:894] sessionid = 2 bracket state 0
03-16 13:54:39.341 E/mm-camera(  338): isp_set_awb_trigger_update: session_id = 2, color_temp = 5225 gain 1.652327 1.000000 1.574906
03-16 13:54:39.347 D/OMX-VENC-720p( 9562): omx_venc::async_message_process- msgcode = 1
03-16 13:54:39.347 D/OMX-VENC-720p( 9562): venc_free_buf:pbuffer = a5aac000,fd = 92, offset = 0, maped_size = 925696
03-16 13:54:39.347 D/OMX-VENC-720p( 9562): Value of this pointer in post_event 0xb5b3f000
03-16 13:54:39.347 D/OMX-VENC-720p( 9562): omx_venc: post_message 8
03-16 13:54:39.347 D/OMX-VENC-720p( 9562): omx_venc::async_message_process- msgcode = 2
03-16 13:54:39.347 D/OMX-VENC-720p( 9562): o/p TS = 1944975773
03-16 13:54:39.348 D/OMX-VENC-720p( 9562): Value of this pointer in post_event 0xb5b3f000
03-16 13:54:39.348 D/OMX-VENC-720p( 9562): omx_venc: post_message 12
03-16 13:54:39.348 D/OMX-VENC-720p( 9562): fill_buffer_done: buffer->pBuffer[0xa7fbf000], flags=0x0 size = 26974
03-16 13:54:39.348 D/OMX-VENC-720p( 9562): empty_buffer_done: buffer[0xb589b550]
03-16 13:54:39.348 D/OMX-VENC-720p( 9562): empty_buffer_done insert address is 0xb589b550
03-16 13:54:39.348 D/OMX-VENC-720p( 9562): exited the while loop
03-16 13:54:39.348 D/OMX-VENC-720p( 9562): exited the while loop
03-16 13:54:39.350 D/OMX-VENC-720p( 9562): ETB: buffer = 0xb5b40fe8, buffer->pBuffer[0xb5b3f080]
03-16 13:54:39.350 D/OMX-VENC-720p( 9562): DBG: i/p nTimestamp = 1944992789
03-16 13:54:39.350 D/OMX-VENC-720p( 9562): Value of this pointer in post_event 0xb5b3f000
03-16 13:54:39.350 D/OMX-VENC-720p( 9562): omx_venc: post_message 19
03-16 13:54:39.350 D/OMX-VENC-720p( 9562): OMX_COMPONENT_GENERATE_ETB_OPQ
03-16 13:54:39.350 D/OMX-VENC-720p( 9562): ETBProxyOpaque: buffer[0xb5b40fe8]
03-16 13:54:39.350 D/OMX-VENC-720p( 9562): In Convert and queue Meta Buffer
03-16 13:54:39.352 D/OMX-VENC-720p( 9562): Color convert status 0
03-16 13:54:39.352 D/OMX-VENC-720p( 9562): Status of getbuffer is 0
03-16 13:54:39.352 D/OMX-VENC-720p( 9562): Buffer header 0xb589b5a0 Filled len size 921600
03-16 13:54:39.352 D/OMX-VENC-720p( 9562): venc_use_buf:: pmem_tmp = 0xaf6f8da0
03-16 13:54:39.352 D/OMX-VENC-720p( 9562): VIDIOC_PREPARE_BUF Failed
03-16 13:54:39.352 D/OMX-VENC-720p( 9562): ETBProxy: buffer->pBuffer[0xa55ac000]
03-16 13:54:39.352 D/OMX-VENC-720p( 9562): ETB (color-converted) fd = 149, size = 921600
03-16 13:54:39.352 D/OMX-VENC-720p( 9562): Input buffer length 921600
03-16 13:54:39.352 D/OMX-VENC-720p( 9562): venc_empty_buf: Opaque non-camera buf: fd = 149 : filled 921600 of 925696
03-16 13:54:39.352 D/OMX-VENC-720p( 9562): pdest_frame pop address is 0xb589b5f0
03-16 13:54:39.352 D/OMX-VENC-720p( 9562): FTB: buffer->pBuffer[0xa7fbf000]
03-16 13:54:39.352 D/OMX-VENC-720p( 9562): exited the while loop
03-16 13:54:39.352 D/OMX-VENC-720p( 9562): Value of this pointer in post_event 0xb5b3f000
03-16 13:54:39.352 D/OMX-VENC-720p( 9562): omx_venc: post_message 4
03-16 13:54:39.352 D/OMX-VENC-720p( 9562): FTBProxy: bufferAdd->pBuffer[0xa7fbf000]
03-16 13:54:39.352 D/OMX-VENC-720p( 9562): Shared PMEM addr for o/p PMEM UseBuf/AllocateBuf: 0xa7fbf000
03-16 13:54:39.352 D/OMX-VENC-720p( 9562): exited the while loop
03-16 13:54:39.358 E/mm-camera(  338): cpp_hardware_process_frame:888] stream_status:0xb487c308, iden:0x20002, cur_frame_id:15
03-16 13:54:39.360 D/OMX-VENC-720p( 9562): omx_venc::async_message_process- msgcode = 2
03-16 13:54:39.360 D/OMX-VENC-720p( 9562): o/p TS = 1944992789
03-16 13:54:39.360 D/OMX-VENC-720p( 9562): Value of this pointer in post_event 0xb5b3f000
03-16 13:54:39.360 D/OMX-VENC-720p( 9562): omx_venc: post_message 12
03-16 13:54:39.360 D/OMX-VENC-720p( 9562): omx_venc::async_message_process- msgcode = 1
03-16 13:54:39.360 D/OMX-VENC-720p( 9562): fill_buffer_done: buffer->pBuffer[0xa7fbf000], flags=0x0 size = 47774
03-16 13:54:39.360 D/OMX-VENC-720p( 9562): venc_free_buf:pbuffer = a55ac000,fd = 95, offset = 0, maped_size = 925696
03-16 13:54:39.360 D/OMX-VENC-720p( 9562): Value of this pointer in post_event 0xb5b3f000
03-16 13:54:39.360 D/OMX-VENC-720p( 9562): omx_venc: post_message 8
03-16 13:54:39.360 D/OMX-VENC-720p( 9562): empty_buffer_done: buffer[0xb589b5a0]
03-16 13:54:39.360 D/OMX-VENC-720p( 9562): empty_buffer_done insert address is 0xb589b5a0
03-16 13:54:39.360 D/OMX-VENC-720p( 9562): exited the while loop
03-16 13:54:39.360 D/OMX-VENC-720p( 9562): exited the while loop
03-16 13:54:39.361 D/mm-camera-intf( 9562): mm_stream_read_msm_frame: VIDIOC_DQBUF buf_index 5, frame_idx 15, stream type 1
03-16 13:54:39.361 D/QCamera2HWI( 9562): [KPI Perf] static void qcamera::QCamera2HardwareInterface::preview_stream_cb_routine(mm_camera_super_buf_t*, qcamera::QCameraStream*, void*) : BEGIN
03-16 13:54:39.361 D/OMX-VENC-720p( 9562): FTB: buffer->pBuffer[0xa7fbf000]
03-16 13:54:39.361 D/OMX-VENC-720p( 9562): Value of this pointer in post_event 0xb5b3f000
03-16 13:54:39.361 D/OMX-VENC-720p( 9562): omx_venc: post_message 4
03-16 13:54:39.361 D/OMX-VENC-720p( 9562): FTBProxy: bufferAdd->pBuffer[0xa7fbf000]
03-16 13:54:39.361 D/OMX-VENC-720p( 9562): Shared PMEM addr for o/p PMEM UseBuf/AllocateBuf: 0xa7fbf000
03-16 13:54:39.361 D/OMX-VENC-720p( 9562): exited the while loop
03-16 13:54:39.362 D/QCamera2HWI( 9562): [KPI Perf] static void qcamera::QCamera2HardwareInterface::preview_stream_cb_routine(mm_camera_super_buf_t*, qcamera::QCameraStream*, void*) : END
03-16 13:54:39.367 D/OMX-VENC-720p( 9562): ETB: buffer = 0xb5b40fe8, buffer->pBuffer[0xb5b3f080]
03-16 13:54:39.367 D/OMX-VENC-720p( 9562): DBG: i/p nTimestamp = 1945009799
03-16 13:54:39.367 D/OMX-VENC-720p( 9562): Value of this pointer in post_event 0xb5b3f000
03-16 13:54:39.367 D/OMX-VENC-720p( 9562): omx_venc: post_message 19
03-16 13:54:39.367 D/OMX-VENC-720p( 9562): OMX_COMPONENT_GENERATE_ETB_OPQ
03-16 13:54:39.367 D/OMX-VENC-720p( 9562): ETBProxyOpaque: buffer[0xb5b40fe8]
03-16 13:54:39.367 D/OMX-VENC-720p( 9562): In Convert and queue Meta Buffer
03-16 13:54:39.371 D/OMX-VENC-720p( 9562): Color convert status 0
03-16 13:54:39.371 D/OMX-VENC-720p( 9562): Status of getbuffer is 0
03-16 13:54:39.371 D/OMX-VENC-720p( 9562): Buffer header 0xb589b5f0 Filled len size 921600
03-16 13:54:39.371 D/OMX-VENC-720p( 9562): venc_use_buf:: pmem_tmp = 0xaf6f8db0
03-16 13:54:39.371 D/OMX-VENC-720p( 9562): VIDIOC_PREPARE_BUF Failed
03-16 13:54:39.371 D/OMX-VENC-720p( 9562): ETBProxy: buffer->pBuffer[0xa54ca000]
03-16 13:54:39.371 D/OMX-VENC-720p( 9562): ETB (color-converted) fd = 152, size = 921600
03-16 13:54:39.371 D/OMX-VENC-720p( 9562): Input buffer length 921600
03-16 13:54:39.371 D/OMX-VENC-720p( 9562): venc_empty_buf: Opaque non-camera buf: fd = 152 : filled 921600 of 925696
03-16 13:54:39.371 D/OMX-VENC-720p( 9562): pdest_frame pop address is 0xb589b640
03-16 13:54:39.371 D/OMX-VENC-720p( 9562): exited the while loop
03-16 13:54:39.376 E/mm-camera-CORE(  338): af_set_parameters: Setting parameter: 27
03-16 13:54:39.376 E/mm-camera(  338): isp_save_aec_param:1315] sessionid = 2 bracket state 0
03-16 13:54:39.376 E/mm-camera-CORE(  338): af_set_parameters: param=0xb25d9610 af_obj=0xb27fb000, type =27
03-16 13:54:39.376 E/mm-camera(  338): isp_save_aec_param:1341] gain 313.507141 lux 4.085938
03-16 13:54:39.377 D/mm-camera-intf( 9562): mm_stream_read_msm_frame: VIDIOC_DQBUF buf_index 2, frame_idx 15, stream type 7
03-16 13:54:39.377 D/QCamera2HWI( 9562): static void qcamera::QCamera2HardwareInterface::metadata_stream_cb_routine(mm_camera_super_buf_t*, qcamera::QCameraStream*, void*): hdr_scene_data: 1 0 0.000000
03-16 13:54:39.377 E/mm-camera(  338): port_isp_module_event: received AWB update event, identity = 0x20002
03-16 13:54:39.377 E/mm-camera(  338): isp_set_awb_trigger_update:894] sessionid = 2 bracket state 0
03-16 13:54:39.377 E/mm-camera(  338): isp_set_awb_trigger_update: session_id = 2, color_temp = 5225 gain 1.652617 1.000000 1.574761
03-16 13:54:39.377 E/QCamera2HWI( 9562): static void qcamera::QCamera2HardwareInterface::metadata_stream_cb_routine(mm_camera_super_buf_t*, qcamera::QCameraStream*, void*),asd_valid:0 scene:0x0
03-16 13:54:39.377 E/QCamera2HWI( 9562): int32_t qcamera::QCamera2HardwareInterface::processHDRData(cam_asd_hdr_scene_data_t) : hdr_scene_data: processHDRData: 0x0 0.000000
03-16 13:54:39.377 E/QCamera2HWI( 9562): static void qcamera::QCamera2HardwareInterface::metadata_stream_cb_routine(mm_camera_super_buf_t*, qcamera::QCameraStream*, void*), pme->mFlashNeeded 0, pme->mExpTime 0.036863, pme->mISOValue 400
03-16 13:54:39.377 D/QCamera2HWI( 9562): static void qcamera::QCamera2HardwareInterface::metadata_stream_cb_routine(mm_camera_super_buf_t*, qcamera::QCameraStream*, void*), metadata for awb params.
03-16 13:54:39.377 D/QCamera2HWI( 9562): int32_t qcamera::QCamera2HardwareInterface::transAwbMetaToParams(cam_awb_params_t&), cct value: 5225
03-16 13:54:39.378 D/OMX-VENC-720p( 9562): omx_venc::async_message_process- msgcode = 1
03-16 13:54:39.378 D/OMX-VENC-720p( 9562): venc_free_buf:pbuffer = a54ca000,fd = 98, offset = 0, maped_size = 925696
03-16 13:54:39.378 D/OMX-VENC-720p( 9562): Value of this pointer in post_event 0xb5b3f000
03-16 13:54:39.378 D/OMX-VENC-720p( 9562): omx_venc: post_message 8
03-16 13:54:39.379 D/OMX-VENC-720p( 9562): omx_venc::async_message_process- msgcode = 2
03-16 13:54:39.379 D/OMX-VENC-720p( 9562): empty_buffer_done: buffer[0xb589b5f0]
03-16 13:54:39.379 D/OMX-VENC-720p( 9562): empty_buffer_done insert address is 0xb589b5f0
03-16 13:54:39.379 D/OMX-VENC-720p( 9562): o/p TS = 1945009799
03-16 13:54:39.379 D/OMX-VENC-720p( 9562): exited the while loop
03-16 13:54:39.379 D/OMX-VENC-720p( 9562): Value of this pointer in post_event 0xb5b3f000
03-16 13:54:39.379 D/OMX-VENC-720p( 9562): omx_venc: post_message 12
03-16 13:54:39.379 D/OMX-VENC-720p( 9562): fill_buffer_done: buffer->pBuffer[0xa7fbf000], flags=0x0 size = 27374
03-16 13:54:39.379 D/OMX-VENC-720p( 9562): exited the while loop
03-16 13:54:39.380 D/OMX-VENC-720p( 9562): FTB: buffer->pBuffer[0xa7fbf000]
03-16 13:54:39.380 D/OMX-VENC-720p( 9562): Value of this pointer in post_event 0xb5b3f000
03-16 13:54:39.380 D/OMX-VENC-720p( 9562): omx_venc: post_message 4
03-16 13:54:39.380 D/OMX-VENC-720p( 9562): FTBProxy: bufferAdd->pBuffer[0xa7fbf000]
03-16 13:54:39.380 D/OMX-VENC-720p( 9562): Shared PMEM addr for o/p PMEM UseBuf/AllocateBuf: 0xa7fbf000
03-16 13:54:39.380 D/OMX-VENC-720p( 9562): exited the while loop
03-16 13:54:39.386 D/OMX-VENC-720p( 9562): ETB: buffer = 0xb5b40fe8, buffer->pBuffer[0xb5b3f080]
03-16 13:54:39.386 D/OMX-VENC-720p( 9562): DBG: i/p nTimestamp = 1945026755
03-16 13:54:39.386 D/OMX-VENC-720p( 9562): Value of this pointer in post_event 0xb5b3f000
03-16 13:54:39.386 D/OMX-VENC-720p( 9562): omx_venc: post_message 19
03-16 13:54:39.386 D/OMX-VENC-720p( 9562): OMX_COMPONENT_GENERATE_ETB_OPQ
03-16 13:54:39.386 D/OMX-VENC-720p( 9562): ETBProxyOpaque: buffer[0xb5b40fe8]
03-16 13:54:39.386 D/OMX-VENC-720p( 9562): In Convert and queue Meta Buffer
03-16 13:54:39.388 D/OMX-VENC-720p( 9562): Color convert status 0
03-16 13:54:39.388 D/OMX-VENC-720p( 9562): Status of getbuffer is 0
03-16 13:54:39.388 D/OMX-VENC-720p( 9562): Buffer header 0xb589b640 Filled len size 921600
03-16 13:54:39.388 D/OMX-VENC-720p( 9562): venc_use_buf:: pmem_tmp = 0xaf6f8dc0
03-16 13:54:39.388 D/OMX-VENC-720p( 9562): VIDIOC_PREPARE_BUF Failed
03-16 13:54:39.388 D/OMX-VENC-720p( 9562): ETBProxy: buffer->pBuffer[0xa53e8000]
03-16 13:54:39.388 D/OMX-VENC-720p( 9562): ETB (color-converted) fd = 155, size = 921600
03-16 13:54:39.388 D/OMX-VENC-720p( 9562): Input buffer length 921600
03-16 13:54:39.388 D/OMX-VENC-720p( 9562): venc_empty_buf: Opaque non-camera buf: fd = 155 : filled 921600 of 925696
03-16 13:54:39.388 D/OMX-VENC-720p( 9562): pdest_frame pop address is 0xb589b500
03-16 13:54:39.388 D/OMX-VENC-720p( 9562): exited the while loop
03-16 13:54:39.394 E/mm-camera(  338): cpp_hardware_process_frame:888] stream_status:0xb487c308, iden:0x20002, cur_frame_id:16
03-16 13:54:39.396 D/OMX-VENC-720p( 9562): omx_venc::async_message_process- msgcode = 2
03-16 13:54:39.396 D/OMX-VENC-720p( 9562): o/p TS = 1945026755
03-16 13:54:39.396 D/OMX-VENC-720p( 9562): Value of this pointer in post_event 0xb5b3f000
03-16 13:54:39.396 D/OMX-VENC-720p( 9562): omx_venc: post_message 12
03-16 13:54:39.396 D/OMX-VENC-720p( 9562): omx_venc::async_message_process- msgcode = 1
03-16 13:54:39.396 D/OMX-VENC-720p( 9562): fill_buffer_done: buffer->pBuffer[0xa7fbf000], flags=0x0 size = 3183
03-16 13:54:39.396 D/OMX-VENC-720p( 9562): venc_free_buf:pbuffer = a53e8000,fd = 9b, offset = 0, maped_size = 925696
03-16 13:54:39.396 D/OMX-VENC-720p( 9562): Value of this pointer in post_event 0xb5b3f000
03-16 13:54:39.396 D/OMX-VENC-720p( 9562): omx_venc: post_message 8
03-16 13:54:39.396 D/OMX-VENC-720p( 9562): empty_buffer_done: buffer[0xb589b640]
03-16 13:54:39.396 D/OMX-VENC-720p( 9562): empty_buffer_done insert address is 0xb589b640
03-16 13:54:39.396 D/OMX-VENC-720p( 9562): exited the while loop
03-16 13:54:39.396 D/OMX-VENC-720p( 9562): exited the while loop
03-16 13:54:39.398 D/OMX-VENC-720p( 9562): FTB: buffer->pBuffer[0xa7fbf000]
03-16 13:54:39.398 D/OMX-VENC-720p( 9562): Value of this pointer in post_event 0xb5b3f000
03-16 13:54:39.398 D/OMX-VENC-720p( 9562): omx_venc: post_message 4
03-16 13:54:39.398 D/OMX-VENC-720p( 9562): FTBProxy: bufferAdd->pBuffer[0xa7fbf000]
03-16 13:54:39.398 D/OMX-VENC-720p( 9562): Shared PMEM addr for o/p PMEM UseBuf/AllocateBuf: 0xa7fbf000
03-16 13:54:39.398 D/OMX-VENC-720p( 9562): exited the while loop
03-16 13:54:39.398 D/mm-camera-intf( 9562): mm_stream_read_msm_frame: VIDIOC_DQBUF buf_index 0, frame_idx 16, stream type 1
03-16 13:54:39.398 D/QCamera2HWI( 9562): [KPI Perf] static void qcamera::QCamera2HardwareInterface::preview_stream_cb_routine(mm_camera_super_buf_t*, qcamera::QCameraStream*, void*) : BEGIN
03-16 13:54:39.399 D/QCamera2HWI( 9562): [KPI Perf] static void qcamera::QCamera2HardwareInterface::preview_stream_cb_routine(mm_camera_super_buf_t*, qcamera::QCameraStream*, void*) : END
03-16 13:54:39.401 D/OMX-VENC-720p( 9562): ETB: buffer = 0xb5b40fe8, buffer->pBuffer[0xb5b3f080]
03-16 13:54:39.401 D/OMX-VENC-720p( 9562): DBG: i/p nTimestamp = 1945043816
03-16 13:54:39.401 D/OMX-VENC-720p( 9562): Value of this pointer in post_event 0xb5b3f000
03-16 13:54:39.401 D/OMX-VENC-720p( 9562): omx_venc: post_message 19
03-16 13:54:39.401 D/OMX-VENC-720p( 9562): OMX_COMPONENT_GENERATE_ETB_OPQ
03-16 13:54:39.401 D/OMX-VENC-720p( 9562): ETBProxyOpaque: buffer[0xb5b40fe8]
03-16 13:54:39.401 D/OMX-VENC-720p( 9562): In Convert and queue Meta Buffer
03-16 13:54:39.404 D/OMX-VENC-720p( 9562): Color convert status 0
03-16 13:54:39.404 D/OMX-VENC-720p( 9562): Status of getbuffer is 0
03-16 13:54:39.404 D/OMX-VENC-720p( 9562): Buffer header 0xb589b500 Filled len size 921600
03-16 13:54:39.404 D/OMX-VENC-720p( 9562): venc_use_buf:: pmem_tmp = 0xaf6f8d80
03-16 13:54:39.404 D/OMX-VENC-720p( 9562): VIDIOC_PREPARE_BUF Failed
03-16 13:54:39.404 D/OMX-VENC-720p( 9562): ETBProxy: buffer->pBuffer[0xa8a7b000]
03-16 13:54:39.404 D/OMX-VENC-720p( 9562): ETB (color-converted) fd = 140, size = 921600
03-16 13:54:39.404 D/OMX-VENC-720p( 9562): Input buffer length 921600
03-16 13:54:39.404 D/OMX-VENC-720p( 9562): venc_empty_buf: Opaque non-camera buf: fd = 140 : filled 921600 of 925696
03-16 13:54:39.404 D/OMX-VENC-720p( 9562): pdest_frame pop address is 0xb589b550
03-16 13:54:39.404 D/OMX-VENC-720p( 9562): exited the while loop
03-16 13:54:39.411 D/OMX-VENC-720p( 9562): omx_venc::async_message_process- msgcode = 1
03-16 13:54:39.411 D/OMX-VENC-720p( 9562): venc_free_buf:pbuffer = a8a7b000,fd = 8c, offset = 0, maped_size = 925696
03-16 13:54:39.411 D/OMX-VENC-720p( 9562): Value of this pointer in post_event 0xb5b3f000
03-16 13:54:39.411 D/OMX-VENC-720p( 9562): omx_venc: post_message 8
03-16 13:54:39.412 D/OMX-VENC-720p( 9562): omx_venc::async_message_process- msgcode = 2
03-16 13:54:39.412 D/OMX-VENC-720p( 9562): o/p TS = 1945043816
03-16 13:54:39.412 D/OMX-VENC-720p( 9562): Value of this pointer in post_event 0xb5b3f000
03-16 13:54:39.412 D/OMX-VENC-720p( 9562): omx_venc: post_message 12
03-16 13:54:39.412 D/OMX-VENC-720p( 9562): fill_buffer_done: buffer->pBuffer[0xa7fbf000], flags=0x0 size = 58643
03-16 13:54:39.412 D/OMX-VENC-720p( 9562): empty_buffer_done: buffer[0xb589b500]
03-16 13:54:39.412 D/OMX-VENC-720p( 9562): empty_buffer_done insert address is 0xb589b500
03-16 13:54:39.412 D/OMX-VENC-720p( 9562): exited the while loop
03-16 13:54:39.412 D/OMX-VENC-720p( 9562): exited the while loop
03-16 13:54:39.413 E/mm-camera-CORE(  338): af_set_parameters: Setting parameter: 27
03-16 13:54:39.413 E/mm-camera-CORE(  338): af_set_parameters: param=0xb25de110 af_obj=0xb27fb000, type =27
03-16 13:54:39.414 D/mm-camera-intf( 9562): mm_stream_read_msm_frame: VIDIOC_DQBUF buf_index 3, frame_idx 16, stream type 7
03-16 13:54:39.414 E/mm-camera(  338): isp_save_aec_param:1315] sessionid = 2 bracket state 0
03-16 13:54:39.414 E/mm-camera(  338): isp_save_aec_param:1341] gain 313.507141 lux 4.085938
03-16 13:54:39.414 E/mm-camera(  338): port_isp_module_event: received AWB update event, identity = 0x20002
03-16 13:54:39.414 E/mm-camera(  338): isp_set_awb_trigger_update:894] sessionid = 2 bracket state 0
03-16 13:54:39.414 E/mm-camera(  338): isp_set_awb_trigger_update: session_id = 2, color_temp = 5225 gain 1.652820 1.000000 1.574660
03-16 13:54:39.414 D/QCamera2HWI( 9562): static void qcamera::QCamera2HardwareInterface::metadata_stream_cb_routine(mm_camera_super_buf_t*, qcamera::QCameraStream*, void*): hdr_scene_data: 1 0 0.000000
03-16 13:54:39.415 E/QCamera2HWI( 9562): static void qcamera::QCamera2HardwareInterface::metadata_stream_cb_routine(mm_camera_super_buf_t*, qcamera::QCameraStream*, void*),asd_valid:0 scene:0x0
03-16 13:54:39.415 E/QCamera2HWI( 9562): int32_t qcamera::QCamera2HardwareInterface::processHDRData(cam_asd_hdr_scene_data_t) : hdr_scene_data: processHDRData: 0x0 0.000000
03-16 13:54:39.415 E/QCamera2HWI( 9562): static void qcamera::QCamera2HardwareInterface::metadata_stream_cb_routine(mm_camera_super_buf_t*, qcamera::QCameraStream*, void*), pme->mFlashNeeded 0, pme->mExpTime 0.036863, pme->mISOValue 400
03-16 13:54:39.415 D/QCamera2HWI( 9562): static void qcamera::QCamera2HardwareInterface::metadata_stream_cb_routine(mm_camera_super_buf_t*, qcamera::QCameraStream*, void*), metadata for awb params.
03-16 13:54:39.415 D/QCamera2HWI( 9562): int32_t qcamera::QCamera2HardwareInterface::transAwbMetaToParams(cam_awb_params_t&), cct value: 5225
03-16 13:54:39.415 D/OMX-VENC-720p( 9562): FTB: buffer->pBuffer[0xa7fbf000]
03-16 13:54:39.415 D/OMX-VENC-720p( 9562): Value of this pointer in post_event 0xb5b3f000
03-16 13:54:39.415 D/OMX-VENC-720p( 9562): omx_venc: post_message 4
03-16 13:54:39.416 D/OMX-VENC-720p( 9562): FTBProxy: bufferAdd->pBuffer[0xa7fbf000]
03-16 13:54:39.416 D/OMX-VENC-720p( 9562): Shared PMEM addr for o/p PMEM UseBuf/AllocateBuf: 0xa7fbf000
03-16 13:54:39.416 D/OMX-VENC-720p( 9562): exited the while loop
03-16 13:54:39.418 W/recents.Component(10500): create a new LoadPlan to load thumbnail -- background
03-16 13:54:39.418 D/OMX-VENC-720p( 9562): ETB: buffer = 0xb5b40fe8, buffer->pBuffer[0xb5b3f080]
03-16 13:54:39.418 D/OMX-VENC-720p( 9562): DBG: i/p nTimestamp = 1945061121
03-16 13:54:39.418 D/OMX-VENC-720p( 9562): Value of this pointer in post_event 0xb5b3f000
03-16 13:54:39.418 D/OMX-VENC-720p( 9562): omx_venc: post_message 19
03-16 13:54:39.419 D/OMX-VENC-720p( 9562): OMX_COMPONENT_GENERATE_ETB_OPQ
03-16 13:54:39.419 D/OMX-VENC-720p( 9562): ETBProxyOpaque: buffer[0xb5b40fe8]
03-16 13:54:39.419 D/OMX-VENC-720p( 9562): In Convert and queue Meta Buffer
03-16 13:54:39.421 D/OMX-VENC-720p( 9562): Color convert status 0
03-16 13:54:39.421 D/OMX-VENC-720p( 9562): Status of getbuffer is 0
03-16 13:54:39.421 D/OMX-VENC-720p( 9562): Buffer header 0xb589b550 Filled len size 921600
03-16 13:54:39.421 D/OMX-VENC-720p( 9562): venc_use_buf:: pmem_tmp = 0xaf6f8d90
03-16 13:54:39.421 D/OMX-VENC-720p( 9562): VIDIOC_PREPARE_BUF Failed
03-16 13:54:39.421 D/OMX-VENC-720p( 9562): ETBProxy: buffer->pBuffer[0xa5aac000]
03-16 13:54:39.421 D/OMX-VENC-720p( 9562): ETB (color-converted) fd = 146, size = 921600
03-16 13:54:39.421 D/OMX-VENC-720p( 9562): Input buffer length 921600
03-16 13:54:39.421 D/OMX-VENC-720p( 9562): venc_empty_buf: Opaque non-camera buf: fd = 146 : filled 921600 of 925696
03-16 13:54:39.421 D/OMX-VENC-720p( 9562): pdest_frame pop address is 0xb589b5a0
03-16 13:54:39.421 D/OMX-VENC-720p( 9562): exited the while loop
03-16 13:54:39.428 W/ResourceType(10500): No package identifier when getting value for resource number 0x00000000
03-16 13:54:39.428 W/PackageManager(10500): Failure retrieving resources for com.pili.pldroid.playerdemo: Resource ID #0x0
03-16 13:54:39.429 W/recents.Performance(10500): preload while task Change spend : 12
03-16 13:54:39.429 D/OMX-VENC-720p( 9562): omx_venc::async_message_process- msgcode = 2
03-16 13:54:39.429 D/OMX-VENC-720p( 9562): o/p TS = 1945061121
03-16 13:54:39.429 D/OMX-VENC-720p( 9562): Value of this pointer in post_event 0xb5b3f000
03-16 13:54:39.429 D/OMX-VENC-720p( 9562): omx_venc: post_message 12
03-16 13:54:39.429 D/OMX-VENC-720p( 9562): omx_venc::async_message_process- msgcode = 1
03-16 13:54:39.429 D/OMX-VENC-720p( 9562): venc_free_buf:pbuffer = a5aac000,fd = 92, offset = 0, maped_size = 925696
03-16 13:54:39.429 D/OMX-VENC-720p( 9562): Value of this pointer in post_event 0xb5b3f000
03-16 13:54:39.429 D/OMX-VENC-720p( 9562): omx_venc: post_message 8
03-16 13:54:39.429 D/OMX-VENC-720p( 9562): fill_buffer_done: buffer->pBuffer[0xa7fbf000], flags=0x0 size = 36896
03-16 13:54:39.429 D/OMX-VENC-720p( 9562): empty_buffer_done: buffer[0xb589b550]
03-16 13:54:39.429 D/OMX-VENC-720p( 9562): empty_buffer_done insert address is 0xb589b550
03-16 13:54:39.429 D/OMX-VENC-720p( 9562): exited the while loop
03-16 13:54:39.429 D/OMX-VENC-720p( 9562): exited the while loop
03-16 13:54:39.431 D/OMX-VENC-720p( 9562): FTB: buffer->pBuffer[0xa7fbf000]
03-16 13:54:39.431 D/OMX-VENC-720p( 9562): Value of this pointer in post_event 0xb5b3f000
03-16 13:54:39.431 D/OMX-VENC-720p( 9562): omx_venc: post_message 4
03-16 13:54:39.431 D/OMX-VENC-720p( 9562): FTBProxy: bufferAdd->pBuffer[0xa7fbf000]
03-16 13:54:39.431 D/OMX-VENC-720p( 9562): Shared PMEM addr for o/p PMEM UseBuf/AllocateBuf: 0xa7fbf000
03-16 13:54:39.431 D/OMX-VENC-720p( 9562): exited the while loop
03-16 13:54:39.431 E/mm-camera(  338): cpp_hardware_process_frame:888] stream_status:0xb487c308, iden:0x20002, cur_frame_id:17
03-16 13:54:39.434 D/OMX-VENC-720p( 9562): ETB: buffer = 0xb5b40fe8, buffer->pBuffer[0xb5b3f080]
03-16 13:54:39.434 D/OMX-VENC-720p( 9562): DBG: i/p nTimestamp = 1945076484
03-16 13:54:39.434 D/OMX-VENC-720p( 9562): Value of this pointer in post_event 0xb5b3f000
03-16 13:54:39.434 D/OMX-VENC-720p( 9562): omx_venc: post_message 19
03-16 13:54:39.434 D/OMX-VENC-720p( 9562): OMX_COMPONENT_GENERATE_ETB_OPQ
03-16 13:54:39.434 D/OMX-VENC-720p( 9562): ETBProxyOpaque: buffer[0xb5b40fe8]
03-16 13:54:39.434 D/OMX-VENC-720p( 9562): In Convert and queue Meta Buffer
03-16 13:54:39.435 D/mm-camera-intf( 9562): mm_stream_read_msm_frame: VIDIOC_DQBUF buf_index 1, frame_idx 17, stream type 1
03-16 13:54:39.435 D/QCamera2HWI( 9562): [KPI Perf] static void qcamera::QCamera2HardwareInterface::preview_stream_cb_routine(mm_camera_super_buf_t*, qcamera::QCameraStream*, void*) : BEGIN
03-16 13:54:39.436 D/QCamera2HWI( 9562): [KPI Perf] static void qcamera::QCamera2HardwareInterface::preview_stream_cb_routine(mm_camera_super_buf_t*, qcamera::QCameraStream*, void*) : END
03-16 13:54:39.436 D/OMX-VENC-720p( 9562): Color convert status 0
03-16 13:54:39.436 D/OMX-VENC-720p( 9562): Status of getbuffer is 0
03-16 13:54:39.436 D/OMX-VENC-720p( 9562): Buffer header 0xb589b5a0 Filled len size 921600
03-16 13:54:39.436 D/OMX-VENC-720p( 9562): venc_use_buf:: pmem_tmp = 0xaf6f8da0
03-16 13:54:39.436 D/OMX-VENC-720p( 9562): VIDIOC_PREPARE_BUF Failed
03-16 13:54:39.436 D/OMX-VENC-720p( 9562): ETBProxy: buffer->pBuffer[0xa55ac000]
03-16 13:54:39.436 D/OMX-VENC-720p( 9562): ETB (color-converted) fd = 149, size = 921600
03-16 13:54:39.436 D/OMX-VENC-720p( 9562): Input buffer length 921600
03-16 13:54:39.436 D/OMX-VENC-720p( 9562): venc_empty_buf: Opaque non-camera buf: fd = 149 : filled 921600 of 925696
03-16 13:54:39.436 D/OMX-VENC-720p( 9562): pdest_frame pop address is 0xb589b5f0
03-16 13:54:39.436 D/OMX-VENC-720p( 9562): exited the while loop
03-16 13:54:39.443 D/OMX-VENC-720p( 9562): omx_venc::async_message_process- msgcode = 1
03-16 13:54:39.443 D/OMX-VENC-720p( 9562): venc_free_buf:pbuffer = a55ac000,fd = 95, offset = 0, maped_size = 925696
03-16 13:54:39.443 D/OMX-VENC-720p( 9562): Value of this pointer in post_event 0xb5b3f000
03-16 13:54:39.443 D/OMX-VENC-720p( 9562): omx_venc: post_message 8
03-16 13:54:39.444 D/OMX-VENC-720p( 9562): omx_venc::async_message_process- msgcode = 2
03-16 13:54:39.444 D/OMX-VENC-720p( 9562): empty_buffer_done: buffer[0xb589b5a0]
03-16 13:54:39.444 D/OMX-VENC-720p( 9562): o/p TS = 1945076484
03-16 13:54:39.444 D/OMX-VENC-720p( 9562): empty_buffer_done insert address is 0xb589b5a0
03-16 13:54:39.444 D/OMX-VENC-720p( 9562): Value of this pointer in post_event 0xb5b3f000
03-16 13:54:39.444 D/OMX-VENC-720p( 9562): omx_venc: post_message 12
03-16 13:54:39.444 D/OMX-VENC-720p( 9562): fill_buffer_done: buffer->pBuffer[0xa7fbf000], flags=0x0 size = 39259
03-16 13:54:39.444 D/OMX-VENC-720p( 9562): exited the while loop
03-16 13:54:39.444 D/OMX-VENC-720p( 9562): exited the while loop
03-16 13:54:39.446 D/OMX-VENC-720p( 9562): FTB: buffer->pBuffer[0xa7fbf000]
03-16 13:54:39.446 D/OMX-VENC-720p( 9562): Value of this pointer in post_event 0xb5b3f000
03-16 13:54:39.446 D/OMX-VENC-720p( 9562): omx_venc: post_message 4
03-16 13:54:39.446 D/OMX-VENC-720p( 9562): FTBProxy: bufferAdd->pBuffer[0xa7fbf000]
03-16 13:54:39.446 D/OMX-VENC-720p( 9562): Shared PMEM addr for o/p PMEM UseBuf/AllocateBuf: 0xa7fbf000
03-16 13:54:39.446 D/OMX-VENC-720p( 9562): exited the while loop
03-16 13:54:39.450 E/mm-camera-CORE(  338): af_set_parameters: Setting parameter: 27
03-16 13:54:39.450 E/mm-camera-CORE(  338): af_set_parameters: param=0xb25d9b10 af_obj=0xb27fb000, type =27
03-16 13:54:39.450 E/mm-camera(  338): isp_save_aec_param:1315] sessionid = 2 bracket state 0
03-16 13:54:39.450 E/mm-camera(  338): isp_save_aec_param:1341] gain 313.507141 lux 4.085938
03-16 13:54:39.450 D/mm-camera-intf( 9562): mm_stream_read_msm_frame: VIDIOC_DQBUF buf_index 4, frame_idx 17, stream type 7
03-16 13:54:39.450 E/mm-camera(  338): port_isp_module_event: received AWB update event, identity = 0x20002
03-16 13:54:39.450 E/mm-camera(  338): isp_set_awb_trigger_update:894] sessionid = 2 bracket state 0
03-16 13:54:39.450 E/mm-camera(  338): isp_set_awb_trigger_update: session_id = 2, color_temp = 5225 gain 1.652962 1.000000 1.574589
03-16 13:54:39.451 D/QCamera2HWI( 9562): static void qcamera::QCamera2HardwareInterface::metadata_stream_cb_routine(mm_camera_super_buf_t*, qcamera::QCameraStream*, void*): hdr_scene_data: 1 0 0.000000
03-16 13:54:39.451 E/QCamera2HWI( 9562): static void qcamera::QCamera2HardwareInterface::metadata_stream_cb_routine(mm_camera_super_buf_t*, qcamera::QCameraStream*, void*),asd_valid:0 scene:0x0
03-16 13:54:39.451 E/QCamera2HWI( 9562): int32_t qcamera::QCamera2HardwareInterface::processHDRData(cam_asd_hdr_scene_data_t) : hdr_scene_data: processHDRData: 0x0 0.000000
03-16 13:54:39.451 D/OMX-VENC-720p( 9562): ETB: buffer = 0xb5b40fe8, buffer->pBuffer[0xb5b3f080]
03-16 13:54:39.451 E/QCamera2HWI( 9562): static void qcamera::QCamera2Hardwa